Archive member included to satisfy reference by file (symbol)

c:/program files/atollic/truestudio for stm32 9.3.0/armtools/bin/../lib/gcc/arm-atollic-eabi/6.3.1/../../../../arm-atollic-eabi/lib/armv7e-m/fpu\libc_nano.a(lib_a-init.o)
                              startup\startup_stm32f303xe.o (__libc_init_array)

Discarded input sections

 .text          0x00000000        0x0 c:/program files/atollic/truestudio for stm32 9.3.0/armtools/bin/../lib/gcc/arm-atollic-eabi/6.3.1/armv7e-m/fpu/crti.o
 .data          0x00000000        0x0 c:/program files/atollic/truestudio for stm32 9.3.0/armtools/bin/../lib/gcc/arm-atollic-eabi/6.3.1/armv7e-m/fpu/crti.o
 .bss           0x00000000        0x0 c:/program files/atollic/truestudio for stm32 9.3.0/armtools/bin/../lib/gcc/arm-atollic-eabi/6.3.1/armv7e-m/fpu/crti.o
 .data          0x00000000        0x4 c:/program files/atollic/truestudio for stm32 9.3.0/armtools/bin/../lib/gcc/arm-atollic-eabi/6.3.1/armv7e-m/fpu/crtbegin.o
 .text          0x00000000        0x0 Drivers\STM32F3xx_HAL_Driver\Src\stm32f3xx_ll_exti.o
 .data          0x00000000        0x0 Drivers\STM32F3xx_HAL_Driver\Src\stm32f3xx_ll_exti.o
 .bss           0x00000000        0x0 Drivers\STM32F3xx_HAL_Driver\Src\stm32f3xx_ll_exti.o
 .text.LL_EXTI_DeInit
                0x00000000       0x34 Drivers\STM32F3xx_HAL_Driver\Src\stm32f3xx_ll_exti.o
 .text.LL_EXTI_Init
                0x00000000      0x144 Drivers\STM32F3xx_HAL_Driver\Src\stm32f3xx_ll_exti.o
 .text.LL_EXTI_StructInit
                0x00000000       0x10 Drivers\STM32F3xx_HAL_Driver\Src\stm32f3xx_ll_exti.o
 .debug_info    0x00000000      0x764 Drivers\STM32F3xx_HAL_Driver\Src\stm32f3xx_ll_exti.o
 .debug_abbrev  0x00000000      0x1ea Drivers\STM32F3xx_HAL_Driver\Src\stm32f3xx_ll_exti.o
 .debug_loc     0x00000000      0x2eb Drivers\STM32F3xx_HAL_Driver\Src\stm32f3xx_ll_exti.o
 .debug_aranges
                0x00000000       0x30 Drivers\STM32F3xx_HAL_Driver\Src\stm32f3xx_ll_exti.o
 .debug_ranges  0x00000000       0x68 Drivers\STM32F3xx_HAL_Driver\Src\stm32f3xx_ll_exti.o
 .debug_line    0x00000000      0x2fd Drivers\STM32F3xx_HAL_Driver\Src\stm32f3xx_ll_exti.o
 .debug_str     0x00000000      0x4fe Drivers\STM32F3xx_HAL_Driver\Src\stm32f3xx_ll_exti.o
 .comment       0x00000000       0x7d Drivers\STM32F3xx_HAL_Driver\Src\stm32f3xx_ll_exti.o
 .debug_frame   0x00000000       0x48 Drivers\STM32F3xx_HAL_Driver\Src\stm32f3xx_ll_exti.o
 .ARM.attributes
                0x00000000       0x39 Drivers\STM32F3xx_HAL_Driver\Src\stm32f3xx_ll_exti.o
 .text          0x00000000        0x0 Drivers\STM32F3xx_HAL_Driver\Src\stm32f3xx_ll_gpio.o
 .data          0x00000000        0x0 Drivers\STM32F3xx_HAL_Driver\Src\stm32f3xx_ll_gpio.o
 .bss           0x00000000        0x0 Drivers\STM32F3xx_HAL_Driver\Src\stm32f3xx_ll_gpio.o
 .text.LL_AHB1_GRP1_ForceReset
                0x00000000       0x10 Drivers\STM32F3xx_HAL_Driver\Src\stm32f3xx_ll_gpio.o
 .text.LL_AHB1_GRP1_ReleaseReset
                0x00000000       0x10 Drivers\STM32F3xx_HAL_Driver\Src\stm32f3xx_ll_gpio.o
 .text.LL_GPIO_DeInit
                0x00000000       0xc8 Drivers\STM32F3xx_HAL_Driver\Src\stm32f3xx_ll_gpio.o
 .text.LL_GPIO_StructInit
                0x00000000       0x18 Drivers\STM32F3xx_HAL_Driver\Src\stm32f3xx_ll_gpio.o
 .text          0x00000000        0x0 Drivers\STM32F3xx_HAL_Driver\Src\stm32f3xx_ll_utils.o
 .data          0x00000000        0x0 Drivers\STM32F3xx_HAL_Driver\Src\stm32f3xx_ll_utils.o
 .bss           0x00000000        0x0 Drivers\STM32F3xx_HAL_Driver\Src\stm32f3xx_ll_utils.o
 .text.UTILS_SetFlashLatency
                0x00000000       0x3c Drivers\STM32F3xx_HAL_Driver\Src\stm32f3xx_ll_utils.o
 .text.UTILS_EnablePLLAndSwitchSystem
                0x00000000       0xb4 Drivers\STM32F3xx_HAL_Driver\Src\stm32f3xx_ll_utils.o
 .text.LL_mDelay
                0x00000000       0x28 Drivers\STM32F3xx_HAL_Driver\Src\stm32f3xx_ll_utils.o
 .text.LL_PLL_ConfigSystemClock_HSI
                0x00000000       0x74 Drivers\STM32F3xx_HAL_Driver\Src\stm32f3xx_ll_utils.o
 .text.LL_PLL_ConfigSystemClock_HSE
                0x00000000       0x7c Drivers\STM32F3xx_HAL_Driver\Src\stm32f3xx_ll_utils.o
 .text          0x00000000        0x0 Src\main.o
 .data          0x00000000        0x0 Src\main.o
 .bss           0x00000000        0x0 Src\main.o
 .text._Error_Handler
                0x00000000        0x2 Src\main.o
 .text          0x00000000        0x0 Src\stm32f3xx_it.o
 .data          0x00000000        0x0 Src\stm32f3xx_it.o
 .bss           0x00000000        0x0 Src\stm32f3xx_it.o
 .text          0x00000000        0x0 Src\system_stm32f3xx.o
 .data          0x00000000        0x0 Src\system_stm32f3xx.o
 .bss           0x00000000        0x0 Src\system_stm32f3xx.o
 .text.SystemCoreClockUpdate
                0x00000000       0x54 Src\system_stm32f3xx.o
 .rodata.AHBPrescTable
                0x00000000       0x10 Src\system_stm32f3xx.o
 .rodata.APBPrescTable
                0x00000000        0x8 Src\system_stm32f3xx.o
 .text          0x00000000       0x14 startup\startup_stm32f303xe.o
 .data          0x00000000        0x0 startup\startup_stm32f303xe.o
 .bss           0x00000000        0x0 startup\startup_stm32f303xe.o
 .text          0x00000000        0x0 c:/program files/atollic/truestudio for stm32 9.3.0/armtools/bin/../lib/gcc/arm-atollic-eabi/6.3.1/../../../../arm-atollic-eabi/lib/armv7e-m/fpu\libc_nano.a(lib_a-init.o)
 .data          0x00000000        0x0 c:/program files/atollic/truestudio for stm32 9.3.0/armtools/bin/../lib/gcc/arm-atollic-eabi/6.3.1/../../../../arm-atollic-eabi/lib/armv7e-m/fpu\libc_nano.a(lib_a-init.o)
 .bss           0x00000000        0x0 c:/program files/atollic/truestudio for stm32 9.3.0/armtools/bin/../lib/gcc/arm-atollic-eabi/6.3.1/../../../../arm-atollic-eabi/lib/armv7e-m/fpu\libc_nano.a(lib_a-init.o)
 .text          0x00000000        0x0 c:/program files/atollic/truestudio for stm32 9.3.0/armtools/bin/../lib/gcc/arm-atollic-eabi/6.3.1/armv7e-m/fpu/crtend.o
 .data          0x00000000        0x0 c:/program files/atollic/truestudio for stm32 9.3.0/armtools/bin/../lib/gcc/arm-atollic-eabi/6.3.1/armv7e-m/fpu/crtend.o
 .bss           0x00000000        0x0 c:/program files/atollic/truestudio for stm32 9.3.0/armtools/bin/../lib/gcc/arm-atollic-eabi/6.3.1/armv7e-m/fpu/crtend.o
 .eh_frame      0x00000000        0x4 c:/program files/atollic/truestudio for stm32 9.3.0/armtools/bin/../lib/gcc/arm-atollic-eabi/6.3.1/armv7e-m/fpu/crtend.o
 .ARM.attributes
                0x00000000       0x34 c:/program files/atollic/truestudio for stm32 9.3.0/armtools/bin/../lib/gcc/arm-atollic-eabi/6.3.1/armv7e-m/fpu/crtend.o
 .text          0x00000000        0x0 c:/program files/atollic/truestudio for stm32 9.3.0/armtools/bin/../lib/gcc/arm-atollic-eabi/6.3.1/armv7e-m/fpu/crtn.o
 .data          0x00000000        0x0 c:/program files/atollic/truestudio for stm32 9.3.0/armtools/bin/../lib/gcc/arm-atollic-eabi/6.3.1/armv7e-m/fpu/crtn.o
 .bss           0x00000000        0x0 c:/program files/atollic/truestudio for stm32 9.3.0/armtools/bin/../lib/gcc/arm-atollic-eabi/6.3.1/armv7e-m/fpu/crtn.o

Memory Configuration

Name             Origin             Length             Attributes
RAM              0x20000000         0x00010000         xrw
CCMRAM           0x10000000         0x00004000         rw
FLASH            0x08000000         0x00060000         xr
*default*        0x00000000         0xffffffff

Linker script and memory map

LOAD c:/program files/atollic/truestudio for stm32 9.3.0/armtools/bin/../lib/gcc/arm-atollic-eabi/6.3.1/armv7e-m/fpu/crti.o
LOAD c:/program files/atollic/truestudio for stm32 9.3.0/armtools/bin/../lib/gcc/arm-atollic-eabi/6.3.1/armv7e-m/fpu/crtbegin.o
LOAD Drivers\STM32F3xx_HAL_Driver\Src\stm32f3xx_ll_exti.o
LOAD Drivers\STM32F3xx_HAL_Driver\Src\stm32f3xx_ll_gpio.o
LOAD Drivers\STM32F3xx_HAL_Driver\Src\stm32f3xx_ll_utils.o
LOAD Src\main.o
LOAD Src\stm32f3xx_it.o
LOAD Src\system_stm32f3xx.o
LOAD startup\startup_stm32f303xe.o
                0x00000080                malloc_getpagesize_P = 0x80
START GROUP
LOAD c:/program files/atollic/truestudio for stm32 9.3.0/armtools/bin/../lib/gcc/arm-atollic-eabi/6.3.1/../../../../arm-atollic-eabi/lib/armv7e-m/fpu\libc_nano.a
LOAD c:/program files/atollic/truestudio for stm32 9.3.0/armtools/bin/../lib/gcc/arm-atollic-eabi/6.3.1/../../../../arm-atollic-eabi/lib/armv7e-m/fpu\libm.a
END GROUP
START GROUP
LOAD c:/program files/atollic/truestudio for stm32 9.3.0/armtools/bin/../lib/gcc/arm-atollic-eabi/6.3.1/armv7e-m/fpu\libgcc.a
LOAD c:/program files/atollic/truestudio for stm32 9.3.0/armtools/bin/../lib/gcc/arm-atollic-eabi/6.3.1/../../../../arm-atollic-eabi/lib/armv7e-m/fpu\libc_nano.a
END GROUP
START GROUP
LOAD c:/program files/atollic/truestudio for stm32 9.3.0/armtools/bin/../lib/gcc/arm-atollic-eabi/6.3.1/armv7e-m/fpu\libgcc.a
LOAD c:/program files/atollic/truestudio for stm32 9.3.0/armtools/bin/../lib/gcc/arm-atollic-eabi/6.3.1/../../../../arm-atollic-eabi/lib/armv7e-m/fpu\libc_nano.a
LOAD c:/program files/atollic/truestudio for stm32 9.3.0/armtools/bin/../lib/gcc/arm-atollic-eabi/6.3.1/../../../../arm-atollic-eabi/lib/armv7e-m/fpu\libnosys.a
END GROUP
START GROUP
LOAD c:/program files/atollic/truestudio for stm32 9.3.0/armtools/bin/../lib/gcc/arm-atollic-eabi/6.3.1/armv7e-m/fpu\libgcc.a
LOAD c:/program files/atollic/truestudio for stm32 9.3.0/armtools/bin/../lib/gcc/arm-atollic-eabi/6.3.1/../../../../arm-atollic-eabi/lib/armv7e-m/fpu\libc_nano.a
LOAD c:/program files/atollic/truestudio for stm32 9.3.0/armtools/bin/../lib/gcc/arm-atollic-eabi/6.3.1/../../../../arm-atollic-eabi/lib/armv7e-m/fpu\libnosys.a
END GROUP
LOAD c:/program files/atollic/truestudio for stm32 9.3.0/armtools/bin/../lib/gcc/arm-atollic-eabi/6.3.1/armv7e-m/fpu/crtend.o
LOAD c:/program files/atollic/truestudio for stm32 9.3.0/armtools/bin/../lib/gcc/arm-atollic-eabi/6.3.1/armv7e-m/fpu/crtn.o
                0x20010000                _estack = 0x20010000
                0x00000200                _Min_Heap_Size = 0x200
                0x00000400                _Min_Stack_Size = 0x400

.isr_vector     0x08000000      0x194
                0x08000000                . = ALIGN (0x4)
 *(.isr_vector)
 .isr_vector    0x08000000      0x194 startup\startup_stm32f303xe.o
                0x08000000                g_pfnVectors
                0x08000194                . = ALIGN (0x4)

.text           0x08000194      0x5a4
                0x08000194                . = ALIGN (0x4)
 *(.text)
 .text          0x08000194       0x40 c:/program files/atollic/truestudio for stm32 9.3.0/armtools/bin/../lib/gcc/arm-atollic-eabi/6.3.1/armv7e-m/fpu/crtbegin.o
 *(.text*)
 .text.LL_GPIO_Init
                0x080001d4      0x144 Drivers\STM32F3xx_HAL_Driver\Src\stm32f3xx_ll_gpio.o
                0x080001d4                LL_GPIO_Init
 .text.LL_Init1msTick
                0x08000318       0x1c Drivers\STM32F3xx_HAL_Driver\Src\stm32f3xx_ll_utils.o
                0x08000318                LL_Init1msTick
 .text.LL_SetSystemCoreClock
                0x08000334        0xc Drivers\STM32F3xx_HAL_Driver\Src\stm32f3xx_ll_utils.o
                0x08000334                LL_SetSystemCoreClock
 .text.NVIC_GetPriorityGrouping
                0x08000340       0x10 Src\main.o
 .text.LL_AHB1_GRP1_EnableClock
                0x08000350       0x1c Src\main.o
 .text.NVIC_EncodePriority.constprop.3
                0x0800036c        0x4 Src\main.o
 .text.SystemClock_Config
                0x08000370       0xc0 Src\main.o
                0x08000370                SystemClock_Config
 .text.startup.main
                0x08000430      0x1d8 Src\main.o
                0x08000430                main
 .text.NMI_Handler
                0x08000608        0x2 Src\stm32f3xx_it.o
                0x08000608                NMI_Handler
 .text.HardFault_Handler
                0x0800060a        0x2 Src\stm32f3xx_it.o
                0x0800060a                HardFault_Handler
 .text.MemManage_Handler
                0x0800060c        0x2 Src\stm32f3xx_it.o
                0x0800060c                MemManage_Handler
 .text.BusFault_Handler
                0x0800060e        0x2 Src\stm32f3xx_it.o
                0x0800060e                BusFault_Handler
 .text.UsageFault_Handler
                0x08000610        0x2 Src\stm32f3xx_it.o
                0x08000610                UsageFault_Handler
 .text.SVC_Handler
                0x08000612        0x2 Src\stm32f3xx_it.o
                0x08000612                SVC_Handler
 .text.DebugMon_Handler
                0x08000614        0x2 Src\stm32f3xx_it.o
                0x08000614                DebugMon_Handler
 .text.PendSV_Handler
                0x08000616        0x2 Src\stm32f3xx_it.o
                0x08000616                PendSV_Handler
 .text.SysTick_Handler
                0x08000618        0x2 Src\stm32f3xx_it.o
                0x08000618                SysTick_Handler
 *fill*         0x0800061a        0x2 
 .text.SystemInit
                0x0800061c       0x68 Src\system_stm32f3xx.o
                0x0800061c                SystemInit
 .text.Reset_Handler
                0x08000684       0x50 startup\startup_stm32f303xe.o
                0x08000684                Reset_Handler
 .text.Default_Handler
                0x080006d4        0x2 startup\startup_stm32f303xe.o
                0x080006d4                RTC_Alarm_IRQHandler
                0x080006d4                TIM8_TRG_COM_IRQHandler
                0x080006d4                TIM8_CC_IRQHandler
                0x080006d4                SPI4_IRQHandler
                0x080006d4                TIM1_CC_IRQHandler
                0x080006d4                USB_HP_IRQHandler
                0x080006d4                PVD_IRQHandler
                0x080006d4                TAMP_STAMP_IRQHandler
                0x080006d4                EXTI3_IRQHandler
                0x080006d4                I2C3_ER_IRQHandler
                0x080006d4                USB_HP_CAN_TX_IRQHandler
                0x080006d4                EXTI0_IRQHandler
                0x080006d4                I2C2_EV_IRQHandler
                0x080006d4                FPU_IRQHandler
                0x080006d4                TIM1_UP_TIM16_IRQHandler
                0x080006d4                ADC1_2_IRQHandler
                0x080006d4                SPI1_IRQHandler
                0x080006d4                CAN_SCE_IRQHandler
                0x080006d4                TIM6_DAC_IRQHandler
                0x080006d4                TIM8_UP_IRQHandler
                0x080006d4                DMA2_Channel2_IRQHandler
                0x080006d4                DMA1_Channel4_IRQHandler
                0x080006d4                TIM20_TRG_COM_IRQHandler
                0x080006d4                USART3_IRQHandler
                0x080006d4                DMA1_Channel7_IRQHandler
                0x080006d4                UART5_IRQHandler
                0x080006d4                ADC3_IRQHandler
                0x080006d4                TIM4_IRQHandler
                0x080006d4                CAN_RX1_IRQHandler
                0x080006d4                DMA2_Channel1_IRQHandler
                0x080006d4                I2C1_EV_IRQHandler
                0x080006d4                DMA1_Channel6_IRQHandler
                0x080006d4                UART4_IRQHandler
                0x080006d4                DMA2_Channel4_IRQHandler
                0x080006d4                TIM3_IRQHandler
                0x080006d4                RCC_IRQHandler
                0x080006d4                TIM20_UP_IRQHandler
                0x080006d4                DMA1_Channel1_IRQHandler
                0x080006d4                Default_Handler
                0x080006d4                USBWakeUp_RMP_IRQHandler
                0x080006d4                EXTI15_10_IRQHandler
                0x080006d4                TIM7_IRQHandler
                0x080006d4                I2C3_EV_IRQHandler
                0x080006d4                EXTI9_5_IRQHandler
                0x080006d4                RTC_WKUP_IRQHandler
                0x080006d4                SPI2_IRQHandler
                0x080006d4                USB_LP_CAN_RX0_IRQHandler
                0x080006d4                DMA2_Channel5_IRQHandler
                0x080006d4                DMA1_Channel5_IRQHandler
                0x080006d4                USB_LP_IRQHandler
                0x080006d4                EXTI4_IRQHandler
                0x080006d4                TIM1_TRG_COM_TIM17_IRQHandler
                0x080006d4                DMA1_Channel3_IRQHandler
                0x080006d4                ADC4_IRQHandler
                0x080006d4                WWDG_IRQHandler
                0x080006d4                TIM2_IRQHandler
                0x080006d4                COMP7_IRQHandler
                0x080006d4                COMP1_2_3_IRQHandler
                0x080006d4                EXTI1_IRQHandler
                0x080006d4                USART2_IRQHandler
                0x080006d4                COMP4_5_6_IRQHandler
                0x080006d4                TIM20_BRK_IRQHandler
                0x080006d4                I2C2_ER_IRQHandler
                0x080006d4                DMA1_Channel2_IRQHandler
                0x080006d4                TIM8_BRK_IRQHandler
                0x080006d4                FLASH_IRQHandler
                0x080006d4                TIM20_CC_IRQHandler
                0x080006d4                USART1_IRQHandler
                0x080006d4                SPI3_IRQHandler
                0x080006d4                I2C1_ER_IRQHandler
                0x080006d4                FMC_IRQHandler
                0x080006d4                USBWakeUp_IRQHandler
                0x080006d4                DMA2_Channel3_IRQHandler
                0x080006d4                EXTI2_TSC_IRQHandler
                0x080006d4                TIM1_BRK_TIM15_IRQHandler
 *fill*         0x080006d6        0x2 
 .text.__libc_init_array
                0x080006d8       0x48 c:/program files/atollic/truestudio for stm32 9.3.0/armtools/bin/../lib/gcc/arm-atollic-eabi/6.3.1/../../../../arm-atollic-eabi/lib/armv7e-m/fpu\libc_nano.a(lib_a-init.o)
                0x080006d8                __libc_init_array
 *(.glue_7)
 .glue_7        0x08000720        0x0 linker stubs
 *(.glue_7t)
 .glue_7t       0x08000720        0x0 linker stubs
 *(.eh_frame)
 .eh_frame      0x08000720        0x0 c:/program files/atollic/truestudio for stm32 9.3.0/armtools/bin/../lib/gcc/arm-atollic-eabi/6.3.1/armv7e-m/fpu/crtbegin.o
 *(.init)
 .init          0x08000720        0x4 c:/program files/atollic/truestudio for stm32 9.3.0/armtools/bin/../lib/gcc/arm-atollic-eabi/6.3.1/armv7e-m/fpu/crti.o
                0x08000720                _init
 .init          0x08000724        0x8 c:/program files/atollic/truestudio for stm32 9.3.0/armtools/bin/../lib/gcc/arm-atollic-eabi/6.3.1/armv7e-m/fpu/crtn.o
 *(.fini)
 .fini          0x0800072c        0x4 c:/program files/atollic/truestudio for stm32 9.3.0/armtools/bin/../lib/gcc/arm-atollic-eabi/6.3.1/armv7e-m/fpu/crti.o
                0x0800072c                _fini
 .fini          0x08000730        0x8 c:/program files/atollic/truestudio for stm32 9.3.0/armtools/bin/../lib/gcc/arm-atollic-eabi/6.3.1/armv7e-m/fpu/crtn.o
                0x08000738                . = ALIGN (0x4)
                0x08000738                _etext = .

.vfp11_veneer   0x08000738        0x0
 .vfp11_veneer  0x08000738        0x0 linker stubs

.v4_bx          0x08000738        0x0
 .v4_bx         0x08000738        0x0 linker stubs

.iplt           0x08000738        0x0
 .iplt          0x08000738        0x0 c:/program files/atollic/truestudio for stm32 9.3.0/armtools/bin/../lib/gcc/arm-atollic-eabi/6.3.1/armv7e-m/fpu/crtbegin.o

.rel.dyn        0x08000738        0x0
 .rel.iplt      0x08000738        0x0 c:/program files/atollic/truestudio for stm32 9.3.0/armtools/bin/../lib/gcc/arm-atollic-eabi/6.3.1/armv7e-m/fpu/crtbegin.o

.rodata         0x08000738        0x0
                0x08000738                . = ALIGN (0x4)
 *(.rodata)
 *(.rodata*)
                0x08000738                . = ALIGN (0x4)

.ARM.extab
 *(.ARM.extab* .gnu.linkonce.armextab.*)

.ARM            0x08000738        0x0
                0x08000738                __exidx_start = .
 *(.ARM.exidx*)
                0x08000738                __exidx_end = .

.preinit_array  0x08000738        0x0
                0x08000738                PROVIDE (__preinit_array_start, .)
 *(.preinit_array*)
                0x08000738                PROVIDE (__preinit_array_end, .)

.init_array     0x08000738        0x4
                0x08000738                PROVIDE (__init_array_start, .)
 *(SORT(.init_array.*))
 *(.init_array*)
 .init_array    0x08000738        0x4 c:/program files/atollic/truestudio for stm32 9.3.0/armtools/bin/../lib/gcc/arm-atollic-eabi/6.3.1/armv7e-m/fpu/crtbegin.o
                0x0800073c                PROVIDE (__init_array_end, .)

.fini_array     0x0800073c        0x4
                [!provide]                PROVIDE (__fini_array_start, .)
 *(SORT(.fini_array.*))
 *(.fini_array*)
 .fini_array    0x0800073c        0x4 c:/program files/atollic/truestudio for stm32 9.3.0/armtools/bin/../lib/gcc/arm-atollic-eabi/6.3.1/armv7e-m/fpu/crtbegin.o
                [!provide]                PROVIDE (__fini_array_end, .)
                0x08000740                _sidata = LOADADDR (.data)

.data           0x20000000        0x4 load address 0x08000740
                0x20000000                . = ALIGN (0x4)
                0x20000000                _sdata = .
 *(.data)
 *(.data*)
 .data.SystemCoreClock
                0x20000000        0x4 Src\system_stm32f3xx.o
                0x20000000                SystemCoreClock
                0x20000004                . = ALIGN (0x4)
                0x20000004                _edata = .
                0x08000744                _siccmram = LOADADDR (.ccmram)

.igot.plt       0x20000004        0x0 load address 0x08000744
 .igot.plt      0x20000004        0x0 c:/program files/atollic/truestudio for stm32 9.3.0/armtools/bin/../lib/gcc/arm-atollic-eabi/6.3.1/armv7e-m/fpu/crtbegin.o

.ccmram         0x10000000        0x0 load address 0x08000744
                0x10000000                . = ALIGN (0x4)
                0x10000000                _sccmram = .
 *(.ccmram)
 *(.ccmram*)
                0x10000000                . = ALIGN (0x4)
                0x10000000                _eccmram = .
                0x10000000                . = ALIGN (0x4)

.bss            0x20000004       0x1c
                0x20000004                _sbss = .
                0x20000004                __bss_start__ = _sbss
 *(.bss)
 .bss           0x20000004       0x1c c:/program files/atollic/truestudio for stm32 9.3.0/armtools/bin/../lib/gcc/arm-atollic-eabi/6.3.1/armv7e-m/fpu/crtbegin.o
 *(.bss*)
 *(COMMON)
                0x20000020                . = ALIGN (0x4)
                0x20000020                _ebss = .
                0x20000020                __bss_end__ = _ebss

._user_heap_stack
                0x20000020      0x600
                0x20000020                . = ALIGN (0x4)
                [!provide]                PROVIDE (end, .)
                [!provide]                PROVIDE (_end, .)
                0x20000220                . = (. + _Min_Heap_Size)
 *fill*         0x20000020      0x200 
                0x20000620                . = (. + _Min_Stack_Size)
 *fill*         0x20000220      0x400 
                0x20000620                . = ALIGN (0x4)

/DISCARD/
 libc.a(*)
 libm.a(*)
 libgcc.a(*)

.ARM.attributes
                0x00000000       0x30
 *(.ARM.attributes)
 .ARM.attributes
                0x00000000       0x22 c:/program files/atollic/truestudio for stm32 9.3.0/armtools/bin/../lib/gcc/arm-atollic-eabi/6.3.1/armv7e-m/fpu/crti.o
 .ARM.attributes
                0x00000022       0x34 c:/program files/atollic/truestudio for stm32 9.3.0/armtools/bin/../lib/gcc/arm-atollic-eabi/6.3.1/armv7e-m/fpu/crtbegin.o
 .ARM.attributes
                0x00000056       0x39 Drivers\STM32F3xx_HAL_Driver\Src\stm32f3xx_ll_gpio.o
 .ARM.attributes
                0x0000008f       0x39 Drivers\STM32F3xx_HAL_Driver\Src\stm32f3xx_ll_utils.o
 .ARM.attributes
                0x000000c8       0x39 Src\main.o
 .ARM.attributes
                0x00000101       0x39 Src\stm32f3xx_it.o
 .ARM.attributes
                0x0000013a       0x39 Src\system_stm32f3xx.o
 .ARM.attributes
                0x00000173       0x21 startup\startup_stm32f303xe.o
 .ARM.attributes
                0x00000194       0x34 c:/program files/atollic/truestudio for stm32 9.3.0/armtools/bin/../lib/gcc/arm-atollic-eabi/6.3.1/../../../../arm-atollic-eabi/lib/armv7e-m/fpu\libc_nano.a(lib_a-init.o)
 .ARM.attributes
                0x000001c8       0x22 c:/program files/atollic/truestudio for stm32 9.3.0/armtools/bin/../lib/gcc/arm-atollic-eabi/6.3.1/armv7e-m/fpu/crtn.o
OUTPUT(czwarty.elf elf32-littlearm)

.debug_info     0x00000000     0x2c51
 .debug_info    0x00000000      0x925 Drivers\STM32F3xx_HAL_Driver\Src\stm32f3xx_ll_gpio.o
 .debug_info    0x00000925      0xad7 Drivers\STM32F3xx_HAL_Driver\Src\stm32f3xx_ll_utils.o
 .debug_info    0x000013fc     0x122b Src\main.o
 .debug_info    0x00002627      0x1b5 Src\stm32f3xx_it.o
 .debug_info    0x000027dc      0x407 Src\system_stm32f3xx.o
 .debug_info    0x00002be3       0x6e startup\startup_stm32f303xe.o

.debug_abbrev   0x00000000      0xab5
 .debug_abbrev  0x00000000      0x279 Drivers\STM32F3xx_HAL_Driver\Src\stm32f3xx_ll_gpio.o
 .debug_abbrev  0x00000279      0x31a Drivers\STM32F3xx_HAL_Driver\Src\stm32f3xx_ll_utils.o
 .debug_abbrev  0x00000593      0x332 Src\main.o
 .debug_abbrev  0x000008c5       0xd0 Src\stm32f3xx_it.o
 .debug_abbrev  0x00000995      0x10e Src\system_stm32f3xx.o
 .debug_abbrev  0x00000aa3       0x12 startup\startup_stm32f303xe.o

.debug_loc      0x00000000      0xe53
 .debug_loc     0x00000000      0x476 Drivers\STM32F3xx_HAL_Driver\Src\stm32f3xx_ll_gpio.o
 .debug_loc     0x00000476      0x54b Drivers\STM32F3xx_HAL_Driver\Src\stm32f3xx_ll_utils.o
 .debug_loc     0x000009c1      0x39d Src\main.o
 .debug_loc     0x00000d5e       0xf5 Src\system_stm32f3xx.o

.debug_aranges  0x00000000      0x168
 .debug_aranges
                0x00000000       0x40 Drivers\STM32F3xx_HAL_Driver\Src\stm32f3xx_ll_gpio.o
 .debug_aranges
                0x00000040       0x50 Drivers\STM32F3xx_HAL_Driver\Src\stm32f3xx_ll_utils.o
 .debug_aranges
                0x00000090       0x48 Src\main.o
 .debug_aranges
                0x000000d8       0x40 Src\stm32f3xx_it.o
 .debug_aranges
                0x00000118       0x28 Src\system_stm32f3xx.o
 .debug_aranges
                0x00000140       0x28 startup\startup_stm32f303xe.o

.debug_ranges   0x00000000      0x3d0
 .debug_ranges  0x00000000       0x78 Drivers\STM32F3xx_HAL_Driver\Src\stm32f3xx_ll_gpio.o
 .debug_ranges  0x00000078      0x188 Drivers\STM32F3xx_HAL_Driver\Src\stm32f3xx_ll_utils.o
 .debug_ranges  0x00000200      0x168 Src\main.o
 .debug_ranges  0x00000368       0x30 Src\stm32f3xx_it.o
 .debug_ranges  0x00000398       0x18 Src\system_stm32f3xx.o
 .debug_ranges  0x000003b0       0x20 startup\startup_stm32f303xe.o

.debug_line     0x00000000     0x10c5
 .debug_line    0x00000000      0x38a Drivers\STM32F3xx_HAL_Driver\Src\stm32f3xx_ll_gpio.o
 .debug_line    0x0000038a      0x469 Drivers\STM32F3xx_HAL_Driver\Src\stm32f3xx_ll_utils.o
 .debug_line    0x000007f3      0x482 Src\main.o
 .debug_line    0x00000c75      0x202 Src\stm32f3xx_it.o
 .debug_line    0x00000e77      0x1cf Src\system_stm32f3xx.o
 .debug_line    0x00001046       0x7f startup\startup_stm32f303xe.o

.debug_str      0x00000000      0xf88
 .debug_str     0x00000000      0x3b2 Drivers\STM32F3xx_HAL_Driver\Src\stm32f3xx_ll_gpio.o
                                0x430 (size before relaxing)
 .debug_str     0x000003b2      0x3cb Drivers\STM32F3xx_HAL_Driver\Src\stm32f3xx_ll_utils.o
                                0x66f (size before relaxing)
 .debug_str     0x0000077d      0x70b Src\main.o
                                0xb89 (size before relaxing)
 .debug_str     0x00000e88       0xa6 Src\stm32f3xx_it.o
                                0x2a7 (size before relaxing)
 .debug_str     0x00000f2e       0x5a Src\system_stm32f3xx.o
                                0x2f9 (size before relaxing)

.comment        0x00000000       0x7c
 .comment       0x00000000       0x7c Drivers\STM32F3xx_HAL_Driver\Src\stm32f3xx_ll_gpio.o
                                 0x7d (size before relaxing)
 .comment       0x0000007c       0x7d Drivers\STM32F3xx_HAL_Driver\Src\stm32f3xx_ll_utils.o
 .comment       0x0000007c       0x7d Src\main.o
 .comment       0x0000007c       0x7d Src\stm32f3xx_it.o
 .comment       0x0000007c       0x7d Src\system_stm32f3xx.o

.debug_frame    0x00000000      0x2e0
 .debug_frame   0x00000000       0x7c Drivers\STM32F3xx_HAL_Driver\Src\stm32f3xx_ll_gpio.o
 .debug_frame   0x0000007c       0xd4 Drivers\STM32F3xx_HAL_Driver\Src\stm32f3xx_ll_utils.o
 .debug_frame   0x00000150       0x8c Src\main.o
 .debug_frame   0x000001dc       0xa0 Src\stm32f3xx_it.o
 .debug_frame   0x0000027c       0x38 Src\system_stm32f3xx.o
 .debug_frame   0x000002b4       0x2c c:/program files/atollic/truestudio for stm32 9.3.0/armtools/bin/../lib/gcc/arm-atollic-eabi/6.3.1/../../../../arm-atollic-eabi/lib/armv7e-m/fpu\libc_nano.a(lib_a-init.o)
