Archive member included to satisfy reference by file (symbol)

c:/ac6/systemworkbench/plugins/fr.ac6.mcu.externaltools.arm-none.win32_1.16.0.201807130628/tools/compiler/bin/../lib/gcc/arm-none-eabi/7.2.1/../../../../arm-none-eabi/lib/thumb/v7-m\libc.a(lib_a-errno.o)
                              src/syscalls.o (__errno)
c:/ac6/systemworkbench/plugins/fr.ac6.mcu.externaltools.arm-none.win32_1.16.0.201807130628/tools/compiler/bin/../lib/gcc/arm-none-eabi/7.2.1/../../../../arm-none-eabi/lib/thumb/v7-m\libc.a(lib_a-exit.o)
                              c:/ac6/systemworkbench/plugins/fr.ac6.mcu.externaltools.arm-none.win32_1.16.0.201807130628/tools/compiler/bin/../lib/gcc/arm-none-eabi/7.2.1/../../../../arm-none-eabi/lib/thumb/v7-m/crt0.o (exit)
c:/ac6/systemworkbench/plugins/fr.ac6.mcu.externaltools.arm-none.win32_1.16.0.201807130628/tools/compiler/bin/../lib/gcc/arm-none-eabi/7.2.1/../../../../arm-none-eabi/lib/thumb/v7-m\libc.a(lib_a-impure.o)
                              c:/ac6/systemworkbench/plugins/fr.ac6.mcu.externaltools.arm-none.win32_1.16.0.201807130628/tools/compiler/bin/../lib/gcc/arm-none-eabi/7.2.1/../../../../arm-none-eabi/lib/thumb/v7-m\libc.a(lib_a-exit.o) (_global_impure_ptr)
c:/ac6/systemworkbench/plugins/fr.ac6.mcu.externaltools.arm-none.win32_1.16.0.201807130628/tools/compiler/bin/../lib/gcc/arm-none-eabi/7.2.1/../../../../arm-none-eabi/lib/thumb/v7-m\libc.a(lib_a-init.o)
                              c:/ac6/systemworkbench/plugins/fr.ac6.mcu.externaltools.arm-none.win32_1.16.0.201807130628/tools/compiler/bin/../lib/gcc/arm-none-eabi/7.2.1/../../../../arm-none-eabi/lib/thumb/v7-m/crt0.o (__libc_init_array)
c:/ac6/systemworkbench/plugins/fr.ac6.mcu.externaltools.arm-none.win32_1.16.0.201807130628/tools/compiler/bin/../lib/gcc/arm-none-eabi/7.2.1/../../../../arm-none-eabi/lib/thumb/v7-m\libc.a(lib_a-malloc.o)
                              src/main.o (malloc)
c:/ac6/systemworkbench/plugins/fr.ac6.mcu.externaltools.arm-none.win32_1.16.0.201807130628/tools/compiler/bin/../lib/gcc/arm-none-eabi/7.2.1/../../../../arm-none-eabi/lib/thumb/v7-m\libc.a(lib_a-mallocr.o)
                              c:/ac6/systemworkbench/plugins/fr.ac6.mcu.externaltools.arm-none.win32_1.16.0.201807130628/tools/compiler/bin/../lib/gcc/arm-none-eabi/7.2.1/../../../../arm-none-eabi/lib/thumb/v7-m\libc.a(lib_a-malloc.o) (_malloc_r)
c:/ac6/systemworkbench/plugins/fr.ac6.mcu.externaltools.arm-none.win32_1.16.0.201807130628/tools/compiler/bin/../lib/gcc/arm-none-eabi/7.2.1/../../../../arm-none-eabi/lib/thumb/v7-m\libc.a(lib_a-memset.o)
                              c:/ac6/systemworkbench/plugins/fr.ac6.mcu.externaltools.arm-none.win32_1.16.0.201807130628/tools/compiler/bin/../lib/gcc/arm-none-eabi/7.2.1/../../../../arm-none-eabi/lib/thumb/v7-m/crt0.o (memset)
c:/ac6/systemworkbench/plugins/fr.ac6.mcu.externaltools.arm-none.win32_1.16.0.201807130628/tools/compiler/bin/../lib/gcc/arm-none-eabi/7.2.1/../../../../arm-none-eabi/lib/thumb/v7-m\libc.a(lib_a-mlock.o)
                              c:/ac6/systemworkbench/plugins/fr.ac6.mcu.externaltools.arm-none.win32_1.16.0.201807130628/tools/compiler/bin/../lib/gcc/arm-none-eabi/7.2.1/../../../../arm-none-eabi/lib/thumb/v7-m\libc.a(lib_a-mallocr.o) (__malloc_lock)
c:/ac6/systemworkbench/plugins/fr.ac6.mcu.externaltools.arm-none.win32_1.16.0.201807130628/tools/compiler/bin/../lib/gcc/arm-none-eabi/7.2.1/../../../../arm-none-eabi/lib/thumb/v7-m\libc.a(lib_a-sbrkr.o)
                              c:/ac6/systemworkbench/plugins/fr.ac6.mcu.externaltools.arm-none.win32_1.16.0.201807130628/tools/compiler/bin/../lib/gcc/arm-none-eabi/7.2.1/../../../../arm-none-eabi/lib/thumb/v7-m\libc.a(lib_a-mallocr.o) (_sbrk_r)
c:/ac6/systemworkbench/plugins/fr.ac6.mcu.externaltools.arm-none.win32_1.16.0.201807130628/tools/compiler/bin/../lib/gcc/arm-none-eabi/7.2.1/../../../../arm-none-eabi/lib/thumb/v7-m\libc.a(lib_a-strlen-stub.o)
                              src/main.o (strlen)
c:/ac6/systemworkbench/plugins/fr.ac6.mcu.externaltools.arm-none.win32_1.16.0.201807130628/tools/compiler/bin/../lib/gcc/arm-none-eabi/7.2.1/../../../../arm-none-eabi/lib/thumb/v7-m\libc.a(lib_a-strncmp.o)
                              src/main.o (strncmp)
c:/ac6/systemworkbench/plugins/fr.ac6.mcu.externaltools.arm-none.win32_1.16.0.201807130628/tools/compiler/bin/../lib/gcc/arm-none-eabi/7.2.1/../../../../arm-none-eabi/lib/thumb/v7-m\libc.a(lib_a-__call_atexit.o)
                              c:/ac6/systemworkbench/plugins/fr.ac6.mcu.externaltools.arm-none.win32_1.16.0.201807130628/tools/compiler/bin/../lib/gcc/arm-none-eabi/7.2.1/../../../../arm-none-eabi/lib/thumb/v7-m\libc.a(lib_a-exit.o) (__call_exitprocs)
c:/ac6/systemworkbench/plugins/fr.ac6.mcu.externaltools.arm-none.win32_1.16.0.201807130628/tools/compiler/bin/../lib/gcc/arm-none-eabi/7.2.1/../../../../arm-none-eabi/lib/thumb/v7-m\libc.a(lib_a-atexit.o)
[...]
Memory Configuration

Name             Origin             Length             Attributes
FLASH            0x08000000         0x00020000         xr
RAM              0x20000000         0x00005000         xrw
MEMORY_B1        0x60000000         0x00000000         xr
*default*        0x00000000         0xffffffff

Linker script and memory map

LOAD c:/ac6/systemworkbench/plugins/fr.ac6.mcu.externaltools.arm-none.win32_1.16.0.201807130628/tools/compiler/bin/../lib/gcc/arm-none-eabi/7.2.1/thumb/v7-m/crti.o
LOAD c:/ac6/systemworkbench/plugins/fr.ac6.mcu.externaltools.arm-none.win32_1.16.0.201807130628/tools/compiler/bin/../lib/gcc/arm-none-eabi/7.2.1/thumb/v7-m/crtbegin.o
LOAD c:/ac6/systemworkbench/plugins/fr.ac6.mcu.externaltools.arm-none.win32_1.16.0.201807130628/tools/compiler/bin/../lib/gcc/arm-none-eabi/7.2.1/../../../../arm-none-eabi/lib/thumb/v7-m/crt0.o
LOAD StdPeriph_Driver/src/misc.o
LOAD StdPeriph_Driver/src/stm32f10x_adc.o
LOAD StdPeriph_Driver/src/stm32f10x_bkp.o
LOAD StdPeriph_Driver/src/stm32f10x_can.o
LOAD StdPeriph_Driver/src/stm32f10x_cec.o
LOAD StdPeriph_Driver/src/stm32f10x_crc.o
LOAD StdPeriph_Driver/src/stm32f10x_dac.o
LOAD StdPeriph_Driver/src/stm32f10x_dbgmcu.o
LOAD StdPeriph_Driver/src/stm32f10x_dma.o
LOAD StdPeriph_Driver/src/stm32f10x_exti.o
LOAD StdPeriph_Driver/src/stm32f10x_flash.o
LOAD StdPeriph_Driver/src/stm32f10x_fsmc.o
LOAD StdPeriph_Driver/src/stm32f10x_gpio.o
LOAD StdPeriph_Driver/src/stm32f10x_i2c.o
LOAD StdPeriph_Driver/src/stm32f10x_iwdg.o
LOAD StdPeriph_Driver/src/stm32f10x_pwr.o
LOAD StdPeriph_Driver/src/stm32f10x_rcc.o
LOAD StdPeriph_Driver/src/stm32f10x_rtc.o
LOAD StdPeriph_Driver/src/stm32f10x_sdio.o
LOAD StdPeriph_Driver/src/stm32f10x_spi.o
LOAD StdPeriph_Driver/src/stm32f10x_tim.o
LOAD StdPeriph_Driver/src/stm32f10x_usart.o
LOAD StdPeriph_Driver/src/stm32f10x_wwdg.o
LOAD src/main.o
LOAD src/syscalls.o
LOAD src/system_stm32f10x.o
LOAD startup/startup_stm32f10x_md.o
LOAD c:/ac6/systemworkbench/plugins/fr.ac6.mcu.externaltools.arm-none.win32_1.16.0.201807130628/tools/compiler/bin/../lib/gcc/arm-none-eabi/7.2.1/../../../../arm-none-eabi/lib/thumb/v7-m\libm.a
START GROUP
LOAD c:/ac6/systemworkbench/plugins/fr.ac6.mcu.externaltools.arm-none.win32_1.16.0.201807130628/tools/compiler/bin/../lib/gcc/arm-none-eabi/7.2.1/thumb/v7-m\libgcc.a
LOAD c:/ac6/systemworkbench/plugins/fr.ac6.mcu.externaltools.arm-none.win32_1.16.0.201807130628/tools/compiler/bin/../lib/gcc/arm-none-eabi/7.2.1/../../../../arm-none-eabi/lib/thumb/v7-m\libc.a
END GROUP
LOAD c:/ac6/systemworkbench/plugins/fr.ac6.mcu.externaltools.arm-none.win32_1.16.0.201807130628/tools/compiler/bin/../lib/gcc/arm-none-eabi/7.2.1/thumb/v7-m/crtend.o
LOAD c:/ac6/systemworkbench/plugins/fr.ac6.mcu.externaltools.arm-none.win32_1.16.0.201807130628/tools/compiler/bin/../lib/gcc/arm-none-eabi/7.2.1/thumb/v7-m/crtn.o
                0x20005000                _estack = 0x20005000
                0x00000000                _Min_Heap_Size = 0x0
                0x00000100                _Min_Stack_Size = 0x100

.isr_vector     0x08000000      0x10c
                0x08000000                . = ALIGN (0x4)
 *(.isr_vector)
 .isr_vector    0x08000000      0x10c startup/startup_stm32f10x_md.o
                0x08000000                g_pfnVectors
                0x0800010c                . = ALIGN (0x4)

.text           0x0800010c     0x1584
                0x0800010c                . = ALIGN (0x4)
 *(.text)
 .text          0x0800010c       0x40 c:/ac6/systemworkbench/plugins/fr.ac6.mcu.externaltools.arm-none.win32_1.16.0.201807130628/tools/compiler/bin/../lib/gcc/arm-none-eabi/7.2.1/thumb/v7-m/crtbegin.o
 *(.text*)
 .text.GPIO_Init
                0x0800014c      0x178 StdPeriph_Driver/src/stm32f10x_gpio.o
                0x0800014c                GPIO_Init
 .text.GPIO_StructInit
                0x080002c4       0x26 StdPeriph_Driver/src/stm32f10x_gpio.o
                0x080002c4                GPIO_StructInit
 .text.GPIO_SetBits
                0x080002ea       0x1c StdPeriph_Driver/src/stm32f10x_gpio.o
                0x080002ea                GPIO_SetBits
 .text.GPIO_ResetBits
                0x08000306       0x1c StdPeriph_Driver/src/stm32f10x_gpio.o
                0x08000306                GPIO_ResetBits
 *fill*         0x08000322        0x2 
 .text.RCC_GetClocksFreq
                0x08000324      0x160 StdPeriph_Driver/src/stm32f10x_rcc.o
                0x08000324                RCC_GetClocksFreq
 .text.RCC_APB2PeriphClockCmd
                0x08000484       0x3c StdPeriph_Driver/src/stm32f10x_rcc.o
                0x08000484                RCC_APB2PeriphClockCmd
 .text.RCC_APB1PeriphClockCmd
                0x080004c0       0x3c StdPeriph_Driver/src/stm32f10x_rcc.o
                0x080004c0                RCC_APB1PeriphClockCmd
 .text.USART_Init
                0x080004fc      0x174 StdPeriph_Driver/src/stm32f10x_usart.o
                0x080004fc                USART_Init
 .text.USART_StructInit
                0x08000670       0x38 StdPeriph_Driver/src/stm32f10x_usart.o
                0x08000670                USART_StructInit
 .text.USART_Cmd
                0x080006a8       0x3e StdPeriph_Driver/src/stm32f10x_usart.o
                0x080006a8                USART_Cmd
 .text.USART_SendData
                0x080006e6       0x22 StdPeriph_Driver/src/stm32f10x_usart.o
                0x080006e6                USART_SendData
 .text.USART_ReceiveData
                0x08000708       0x1e StdPeriph_Driver/src/stm32f10x_usart.o
                0x08000708                USART_ReceiveData
 .text.USART_GetFlagStatus
                0x08000726       0x36 StdPeriph_Driver/src/stm32f10x_usart.o
                0x08000726                USART_GetFlagStatus
 .text.send_char
                0x0800075c       0x34 src/main.o
                0x0800075c                send_char
 .text.send_string
                0x08000790       0x28 src/main.o
                0x08000790                send_string
 .text.strnstr  0x080007b8       0x68 src/main.o
                0x080007b8                strnstr
 .text.main     0x08000820      0x1a8 src/main.o
                0x08000820                main
 .text._sbrk    0x080009c8       0x58 src/syscalls.o
                0x080009c8                _sbrk
 .text.SystemInit
                0x08000a20       0x68 src/system_stm32f10x.o
                0x08000a20                SystemInit
 .text.SetSysClock
                0x08000a88       0xb8 src/system_stm32f10x.o
 .text.Reset_Handler
                0x08000b40       0x48 startup/startup_stm32f10x_md.o
                0x08000b40                Reset_Handler
 .text.Default_Handler
                0x08000b88        0x2 startup/startup_stm32f10x_md.o
                0x08000b88                EXTI2_IRQHandler
                0x08000b88                DebugMon_Handler
                0x08000b88                TIM1_CC_IRQHandler
                0x08000b88                HardFault_Handler
                0x08000b88                SysTick_Handler
                0x08000b88                PVD_IRQHandler
                0x08000b88                PendSV_Handler
                0x08000b88                NMI_Handler
                0x08000b88                EXTI3_IRQHandler
                0x08000b88                EXTI0_IRQHandler
                0x08000b88                I2C2_EV_IRQHandler
                0x08000b88                UsageFault_Handler
                0x08000b88                ADC1_2_IRQHandler
                0x08000b88                SPI1_IRQHandler
                0x08000b88                TAMPER_IRQHandler
                0x08000b88                DMA1_Channel4_IRQHandler
                0x08000b88                USART3_IRQHandler
                0x08000b88                RTC_IRQHandler
                0x08000b88                DMA1_Channel7_IRQHandler
                0x08000b88                CAN1_RX1_IRQHandler
                0x08000b88                TIM4_IRQHandler
                0x08000b88                I2C1_EV_IRQHandler
                0x08000b88                DMA1_Channel6_IRQHandler
                0x08000b88                TIM3_IRQHandler
                0x08000b88                RCC_IRQHandler
                0x08000b88                TIM1_TRG_COM_IRQHandler
                0x08000b88                DMA1_Channel1_IRQHandler
                0x08000b88                Default_Handler
                0x08000b88                EXTI15_10_IRQHandler
                0x08000b88                EXTI9_5_IRQHandler
                0x08000b88                SPI2_IRQHandler
                0x08000b88                MemManage_Handler
                0x08000b88                SVC_Handler
                0x08000b88                DMA1_Channel5_IRQHandler
                0x08000b88                EXTI4_IRQHandler
                0x08000b88                USB_LP_CAN1_RX0_IRQHandler
                0x08000b88                USB_HP_CAN1_TX_IRQHandler
                0x08000b88                DMA1_Channel3_IRQHandler
                0x08000b88                TIM1_UP_IRQHandler
                0x08000b88                WWDG_IRQHandler
                0x08000b88                TIM2_IRQHandler
                0x08000b88                TIM1_BRK_IRQHandler
                0x08000b88                EXTI1_IRQHandler
                0x08000b88                RTCAlarm_IRQHandler
                0x08000b88                USART2_IRQHandler
                0x08000b88                I2C2_ER_IRQHandler
                0x08000b88                DMA1_Channel2_IRQHandler
                0x08000b88                CAN1_SCE_IRQHandler
                0x08000b88                FLASH_IRQHandler
                0x08000b88                BusFault_Handler
                0x08000b88                USART1_IRQHandler
                0x08000b88                I2C1_ER_IRQHandler
                0x08000b88                USBWakeUp_IRQHandler
 *fill*         0x08000b8a        0x2 
 .text.__errno  0x08000b8c        0xc c:/ac6/systemworkbench/plugins/fr.ac6.mcu.externaltools.arm-none.win32_1.16.0.201807130628/tools/compiler/bin/../lib/gcc/arm-none-eabi/7.2.1/../../../../arm-none-eabi/lib/thumb/v7-m\libc.a(lib_a-errno.o)
                0x08000b8c                __errno
 .text.__libc_init_array
                0x08000b98       0x48 c:/ac6/systemworkbench/plugins/fr.ac6.mcu.externaltools.arm-none.win32_1.16.0.201807130628/tools/compiler/bin/../lib/gcc/arm-none-eabi/7.2.1/../../../../arm-none-eabi/lib/thumb/v7-m\libc.a(lib_a-init.o)
                0x08000b98                __libc_init_array
 .text.malloc   0x08000be0       0x10 c:/ac6/systemworkbench/plugins/fr.ac6.mcu.externaltools.arm-none.win32_1.16.0.201807130628/tools/compiler/bin/../lib/gcc/arm-none-eabi/7.2.1/../../../../arm-none-eabi/lib/thumb/v7-m\libc.a(lib_a-malloc.o)
                0x08000be0                malloc
 .text._malloc_r
                0x08000bf0      0x524 c:/ac6/systemworkbench/plugins/fr.ac6.mcu.externaltools.arm-none.win32_1.16.0.201807130628/tools/compiler/bin/../lib/gcc/arm-none-eabi/7.2.1/../../../../arm-none-eabi/lib/thumb/v7-m\libc.a(lib_a-mallocr.o)
                0x08000bf0                _malloc_r
 .text.memset   0x08001114       0x94 c:/ac6/systemworkbench/plugins/fr.ac6.mcu.externaltools.arm-none.win32_1.16.0.201807130628/tools/compiler/bin/../lib/gcc/arm-none-eabi/7.2.1/../../../../arm-none-eabi/lib/thumb/v7-m\libc.a(lib_a-memset.o)
                0x08001114                memset
 .text.__malloc_lock
                0x080011a8        0xc c:/ac6/systemworkbench/plugins/fr.ac6.mcu.externaltools.arm-none.win32_1.16.0.201807130628/tools/compiler/bin/../lib/gcc/arm-none-eabi/7.2.1/../../../../arm-none-eabi/lib/thumb/v7-m\libc.a(lib_a-mlock.o)
                0x080011a8                __malloc_lock
 .text.__malloc_unlock
                0x080011b4        0xc c:/ac6/systemworkbench/plugins/fr.ac6.mcu.externaltools.arm-none.win32_1.16.0.201807130628/tools/compiler/bin/../lib/gcc/arm-none-eabi/7.2.1/../../../../arm-none-eabi/lib/thumb/v7-m\libc.a(lib_a-mlock.o)
                0x080011b4                __malloc_unlock
 .text._sbrk_r  0x080011c0       0x24 c:/ac6/systemworkbench/plugins/fr.ac6.mcu.externaltools.arm-none.win32_1.16.0.201807130628/tools/compiler/bin/../lib/gcc/arm-none-eabi/7.2.1/../../../../arm-none-eabi/lib/thumb/v7-m\libc.a(lib_a-sbrkr.o)
                0x080011c0                _sbrk_r
 .text.strlen   0x080011e4       0x5c c:/ac6/systemworkbench/plugins/fr.ac6.mcu.externaltools.arm-none.win32_1.16.0.201807130628/tools/compiler/bin/../lib/gcc/arm-none-eabi/7.2.1/../../../../arm-none-eabi/lib/thumb/v7-m\libc.a(lib_a-strlen-stub.o)
                0x080011e4                strlen
 .text.strncmp  0x08001240       0x94 c:/ac6/systemworkbench/plugins/fr.ac6.mcu.externaltools.arm-none.win32_1.16.0.201807130628/tools/compiler/bin/../lib/gcc/arm-none-eabi/7.2.1/../../../../arm-none-eabi/lib/thumb/v7-m\libc.a(lib_a-strncmp.o)
                0x08001240                strncmp
 .text.startup.register_fini
                0x080012d4       0x14 c:/ac6/systemworkbench/plugins/fr.ac6.mcu.externaltools.arm-none.win32_1.16.0.201807130628/tools/compiler/bin/../lib/gcc/arm-none-eabi/7.2.1/../../../../arm-none-eabi/lib/thumb/v7-m\libc.a(lib_a-__call_atexit.o)
 .text.atexit   0x080012e8        0xc c:/ac6/systemworkbench/plugins/fr.ac6.mcu.externaltools.arm-none.win32_1.16.0.201807130628/tools/compiler/bin/../lib/gcc/arm-none-eabi/7.2.1/../../../../arm-none-eabi/lib/thumb/v7-m\libc.a(lib_a-atexit.o)
                0x080012e8                atexit
 .text.__libc_fini_array
                0x080012f4       0x34 c:/ac6/systemworkbench/plugins/fr.ac6.mcu.externaltools.arm-none.win32_1.16.0.201807130628/tools/compiler/bin/../lib/gcc/arm-none-eabi/7.2.1/../../../../arm-none-eabi/lib/thumb/v7-m\libc.a(lib_a-fini.o)
                0x080012f4                __libc_fini_array
 .text._malloc_trim_r
                0x08001328       0xa0 c:/ac6/systemworkbench/plugins/fr.ac6.mcu.externaltools.arm-none.win32_1.16.0.201807130628/tools/compiler/bin/../lib/gcc/arm-none-eabi/7.2.1/../../../../arm-none-eabi/lib/thumb/v7-m\libc.a(lib_a-freer.o)
                0x08001328                _malloc_trim_r
 .text._free_r  0x080013c8      0x1e8 c:/ac6/systemworkbench/plugins/fr.ac6.mcu.externaltools.arm-none.win32_1.16.0.201807130628/tools/compiler/bin/../lib/gcc/arm-none-eabi/7.2.1/../../../../arm-none-eabi/lib/thumb/v7-m\libc.a(lib_a-freer.o)
                0x080013c8                _free_r
 .text.__retarget_lock_acquire_recursive
                0x080015b0        0x4 c:/ac6/systemworkbench/plugins/fr.ac6.mcu.externaltools.arm-none.win32_1.16.0.201807130628/tools/compiler/bin/../lib/gcc/arm-none-eabi/7.2.1/../../../../arm-none-eabi/lib/thumb/v7-m\libc.a(lib_a-lock.o)
                0x080015b0                __retarget_lock_acquire_recursive
 .text.__retarget_lock_release_recursive
                0x080015b4        0x4 c:/ac6/systemworkbench/plugins/fr.ac6.mcu.externaltools.arm-none.win32_1.16.0.201807130628/tools/compiler/bin/../lib/gcc/arm-none-eabi/7.2.1/../../../../arm-none-eabi/lib/thumb/v7-m\libc.a(lib_a-lock.o)
                0x080015b4                __retarget_lock_release_recursive
 .text.__register_exitproc
                0x080015b8       0xc0 c:/ac6/systemworkbench/plugins/fr.ac6.mcu.externaltools.arm-none.win32_1.16.0.201807130628/tools/compiler/bin/../lib/gcc/arm-none-eabi/7.2.1/../../../../arm-none-eabi/lib/thumb/v7-m\libc.a(lib_a-__atexit.o)
                0x080015b8                __register_exitproc
 *(.glue_7)
 .glue_7        0x08001678        0x0 linker stubs
 *(.glue_7t)
 .glue_7t       0x08001678        0x0 linker stubs
 *(.eh_frame)
 .eh_frame      0x08001678        0x0 c:/ac6/systemworkbench/plugins/fr.ac6.mcu.externaltools.arm-none.win32_1.16.0.201807130628/tools/compiler/bin/../lib/gcc/arm-none-eabi/7.2.1/thumb/v7-m/crtbegin.o
 *(.init)
 .init          0x08001678        0x4 c:/ac6/systemworkbench/plugins/fr.ac6.mcu.externaltools.arm-none.win32_1.16.0.201807130628/tools/compiler/bin/../lib/gcc/arm-none-eabi/7.2.1/thumb/v7-m/crti.o
                0x08001678                _init
 .init          0x0800167c        0x8 c:/ac6/systemworkbench/plugins/fr.ac6.mcu.externaltools.arm-none.win32_1.16.0.201807130628/tools/compiler/bin/../lib/gcc/arm-none-eabi/7.2.1/thumb/v7-m/crtn.o
 *(.fini)
 .fini          0x08001684        0x4 c:/ac6/systemworkbench/plugins/fr.ac6.mcu.externaltools.arm-none.win32_1.16.0.201807130628/tools/compiler/bin/../lib/gcc/arm-none-eabi/7.2.1/thumb/v7-m/crti.o
                0x08001684                _fini
 .fini          0x08001688        0x8 c:/ac6/systemworkbench/plugins/fr.ac6.mcu.externaltools.arm-none.win32_1.16.0.201807130628/tools/compiler/bin/../lib/gcc/arm-none-eabi/7.2.1/thumb/v7-m/crtn.o
                0x08001690                . = ALIGN (0x4)
                0x08001690                _etext = .

.vfp11_veneer   0x08001690        0x0
 .vfp11_veneer  0x08001690        0x0 linker stubs

.v4_bx          0x08001690        0x0
 .v4_bx         0x08001690        0x0 linker stubs

.iplt           0x08001690        0x0
 .iplt          0x08001690        0x0 c:/ac6/systemworkbench/plugins/fr.ac6.mcu.externaltools.arm-none.win32_1.16.0.201807130628/tools/compiler/bin/../lib/gcc/arm-none-eabi/7.2.1/thumb/v7-m/crtbegin.o

.rodata         0x08001690       0xa4
                0x08001690                . = ALIGN (0x4)
 *(.rodata)
 .rodata        0x08001690       0x9e src/main.o
 *(.rodata*)
 *fill*         0x0800172e        0x2 
 .rodata._global_impure_ptr
                0x08001730        0x4 c:/ac6/systemworkbench/plugins/fr.ac6.mcu.externaltools.arm-none.win32_1.16.0.201807130628/tools/compiler/bin/../lib/gcc/arm-none-eabi/7.2.1/../../../../arm-none-eabi/lib/thumb/v7-m\libc.a(lib_a-impure.o)
                0x08001730                _global_impure_ptr
                0x08001734                . = ALIGN (0x4)

.rel.dyn        0x08001734        0x0
 .rel.iplt      0x08001734        0x0 c:/ac6/systemworkbench/plugins/fr.ac6.mcu.externaltools.arm-none.win32_1.16.0.201807130628/tools/compiler/bin/../lib/gcc/arm-none-eabi/7.2.1/thumb/v7-m/crtbegin.o

.ARM.extab
 *(.ARM.extab* .gnu.linkonce.armextab.*)

.ARM            0x08001734        0x0
                0x08001734                __exidx_start = .
 *(.ARM.exidx*)
                0x08001734                __exidx_end = .

.preinit_array  0x08001734        0x0
                0x08001734                PROVIDE (__preinit_array_start, .)
 *(.preinit_array*)
                0x08001734                PROVIDE (__preinit_array_end, .)

.init_array     0x08001734        0x8
                0x08001734                PROVIDE (__init_array_start, .)
 *(SORT_BY_NAME(.init_array.*))
 .init_array.00000
                0x08001734        0x4 c:/ac6/systemworkbench/plugins/fr.ac6.mcu.externaltools.arm-none.win32_1.16.0.201807130628/tools/compiler/bin/../lib/gcc/arm-none-eabi/7.2.1/../../../../arm-none-eabi/lib/thumb/v7-m\libc.a(lib_a-__call_atexit.o)
 *(.init_array*)
 .init_array    0x08001738        0x4 c:/ac6/systemworkbench/plugins/fr.ac6.mcu.externaltools.arm-none.win32_1.16.0.201807130628/tools/compiler/bin/../lib/gcc/arm-none-eabi/7.2.1/thumb/v7-m/crtbegin.o
                0x0800173c                PROVIDE (__init_array_end, .)

.fini_array     0x0800173c        0x4
                0x0800173c                PROVIDE (__fini_array_start, .)
 *(SORT_BY_NAME(.fini_array.*))
 *(.fini_array*)
 .fini_array    0x0800173c        0x4 c:/ac6/systemworkbench/plugins/fr.ac6.mcu.externaltools.arm-none.win32_1.16.0.201807130628/tools/compiler/bin/../lib/gcc/arm-none-eabi/7.2.1/thumb/v7-m/crtbegin.o
                0x08001740                PROVIDE (__fini_array_end, .)
                0x08001740                _sidata = LOADADDR (.data)

.data           0x20000000      0x854 load address 0x08001740
                0x20000000                . = ALIGN (0x4)
                0x20000000                _sdata = .
 *(.data)
 .data          0x20000000       0x14 StdPeriph_Driver/src/stm32f10x_rcc.o
 *(.data*)
 .data._impure_ptr
                0x20000014        0x4 c:/ac6/systemworkbench/plugins/fr.ac6.mcu.externaltools.arm-none.win32_1.16.0.201807130628/tools/compiler/bin/../lib/gcc/arm-none-eabi/7.2.1/../../../../arm-none-eabi/lib/thumb/v7-m\libc.a(lib_a-impure.o)
                0x20000014                _impure_ptr
 .data.impure_data
                0x20000018      0x428 c:/ac6/systemworkbench/plugins/fr.ac6.mcu.externaltools.arm-none.win32_1.16.0.201807130628/tools/compiler/bin/../lib/gcc/arm-none-eabi/7.2.1/../../../../arm-none-eabi/lib/thumb/v7-m\libc.a(lib_a-impure.o)
 .data.__malloc_av_
                0x20000440      0x408 c:/ac6/systemworkbench/plugins/fr.ac6.mcu.externaltools.arm-none.win32_1.16.0.201807130628/tools/compiler/bin/../lib/gcc/arm-none-eabi/7.2.1/../../../../arm-none-eabi/lib/thumb/v7-m\libc.a(lib_a-mallocr.o)
                0x20000440                __malloc_av_
 .data.__malloc_sbrk_base
                0x20000848        0x4 c:/ac6/systemworkbench/plugins/fr.ac6.mcu.externaltools.arm-none.win32_1.16.0.201807130628/tools/compiler/bin/../lib/gcc/arm-none-eabi/7.2.1/../../../../arm-none-eabi/lib/thumb/v7-m\libc.a(lib_a-mallocr.o)
                0x20000848                __malloc_sbrk_base
 .data.__malloc_trim_threshold
                0x2000084c        0x4 c:/ac6/systemworkbench/plugins/fr.ac6.mcu.externaltools.arm-none.win32_1.16.0.201807130628/tools/compiler/bin/../lib/gcc/arm-none-eabi/7.2.1/../../../../arm-none-eabi/lib/thumb/v7-m\libc.a(lib_a-mallocr.o)
                0x2000084c                __malloc_trim_threshold
 .data.__atexit_recursive_mutex
                0x20000850        0x4 c:/ac6/systemworkbench/plugins/fr.ac6.mcu.externaltools.arm-none.win32_1.16.0.201807130628/tools/compiler/bin/../lib/gcc/arm-none-eabi/7.2.1/../../../../arm-none-eabi/lib/thumb/v7-m\libc.a(lib_a-__call_atexit.o)
                0x20000850                __atexit_recursive_mutex
                0x20000854                . = ALIGN (0x4)
                0x20000854                _edata = .

.igot.plt       0x20000854        0x0 load address 0x08001f94
 .igot.plt      0x20000854        0x0 c:/ac6/systemworkbench/plugins/fr.ac6.mcu.externaltools.arm-none.win32_1.16.0.201807130628/tools/compiler/bin/../lib/gcc/arm-none-eabi/7.2.1/thumb/v7-m/crtbegin.o
                0x20000854                . = ALIGN (0x4)

.bss            0x20000854       0x80 load address 0x08001f94
                0x20000854                _sbss = .
                0x20000854                __bss_start__ = _sbss
 *(.bss)
 .bss           0x20000854       0x1c c:/ac6/systemworkbench/plugins/fr.ac6.mcu.externaltools.arm-none.win32_1.16.0.201807130628/tools/compiler/bin/../lib/gcc/arm-none-eabi/7.2.1/thumb/v7-m/crtbegin.o
 .bss           0x20000870        0x8 src/syscalls.o
                0x20000870                __env
 *(.bss*)
 .bss.__malloc_current_mallinfo
                0x20000878       0x28 c:/ac6/systemworkbench/plugins/fr.ac6.mcu.externaltools.arm-none.win32_1.16.0.201807130628/tools/compiler/bin/../lib/gcc/arm-none-eabi/7.2.1/../../../../arm-none-eabi/lib/thumb/v7-m\libc.a(lib_a-mallocr.o)
                0x20000878                __malloc_current_mallinfo
 .bss.__malloc_max_sbrked_mem
                0x200008a0        0x4 c:/ac6/systemworkbench/plugins/fr.ac6.mcu.externaltools.arm-none.win32_1.16.0.201807130628/tools/compiler/bin/../lib/gcc/arm-none-eabi/7.2.1/../../../../arm-none-eabi/lib/thumb/v7-m\libc.a(lib_a-mallocr.o)
                0x200008a0                __malloc_max_sbrked_mem
 .bss.__malloc_max_total_mem
                0x200008a4        0x4 c:/ac6/systemworkbench/plugins/fr.ac6.mcu.externaltools.arm-none.win32_1.16.0.201807130628/tools/compiler/bin/../lib/gcc/arm-none-eabi/7.2.1/../../../../arm-none-eabi/lib/thumb/v7-m\libc.a(lib_a-mallocr.o)
                0x200008a4                __malloc_max_total_mem
 .bss.__malloc_top_pad
                0x200008a8        0x4 c:/ac6/systemworkbench/plugins/fr.ac6.mcu.externaltools.arm-none.win32_1.16.0.201807130628/tools/compiler/bin/../lib/gcc/arm-none-eabi/7.2.1/../../../../arm-none-eabi/lib/thumb/v7-m\libc.a(lib_a-mallocr.o)
                0x200008a8                __malloc_top_pad
 *(COMMON)
 COMMON         0x200008ac       0x21 c:/ac6/systemworkbench/plugins/fr.ac6.mcu.externaltools.arm-none.win32_1.16.0.201807130628/tools/compiler/bin/../lib/gcc/arm-none-eabi/7.2.1/../../../../arm-none-eabi/lib/thumb/v7-m\libc.a(lib_a-lock.o)
                0x200008ac                __lock___atexit_recursive_mutex
                0x200008b0                __lock___arc4random_mutex
                0x200008b4                __lock___env_recursive_mutex
                0x200008b8                __lock___sinit_recursive_mutex
                0x200008bc                __lock___malloc_recursive_mutex
                0x200008c0                __lock___at_quick_exit_mutex
                0x200008c4                __lock___dd_hash_mutex
                0x200008c8                __lock___tz_mutex
                0x200008cc                __lock___sfp_recursive_mutex
 *fill*         0x200008cd        0x3 
 COMMON         0x200008d0        0x4 c:/ac6/systemworkbench/plugins/fr.ac6.mcu.externaltools.arm-none.win32_1.16.0.201807130628/tools/compiler/bin/../lib/gcc/arm-none-eabi/7.2.1/../../../../arm-none-eabi/lib/thumb/v7-m\libc.a(lib_a-reent.o)
                0x200008d0                errno
                0x200008d4                . = ALIGN (0x4)
                0x200008d4                _ebss = .
                0x200008d4                __bss_end__ = _ebss

._user_heap_stack
                0x200008d4      0x104 load address 0x08001f94
                0x200008d8                . = ALIGN (0x8)
 *fill*         0x200008d4        0x4 
                0x200008d8                PROVIDE (end, .)
                [!provide]                PROVIDE (_end, .)
                0x200008d8                . = (. + _Min_Heap_Size)
                0x200009d8                . = (. + _Min_Stack_Size)
 *fill*         0x200008d8      0x100 
                0x200009d8                . = ALIGN (0x8)

.memory_b1_text
 *(.mb1text)
 *(.mb1text*)
 *(.mb1rodata)
 *(.mb1rodata*)

/DISCARD/
 libc.a(*)
 libm.a(*)
 libgcc.a(*)

.ARM.attributes
                0x00000000       0x29
 *(.ARM.attributes)
 .ARM.attributes
                0x00000000       0x1d c:/ac6/systemworkbench/plugins/fr.ac6.mcu.externaltools.arm-none.win32_1.16.0.201807130628/tools/compiler/bin/../lib/gcc/arm-none-eabi/7.2.1/thumb/v7-m/crti.o
 .ARM.attributes
                0x0000001d       0x2d c:/ac6/systemworkbench/plugins/fr.ac6.mcu.externaltools.arm-none.win32_1.16.0.201807130628/tools/compiler/bin/../lib/gcc/arm-none-eabi/7.2.1/thumb/v7-m/crtbegin.o
 .ARM.attributes
                0x0000004a       0x33 StdPeriph_Driver/src/stm32f10x_gpio.o
 .ARM.attributes
                0x0000007d       0x33 StdPeriph_Driver/src/stm32f10x_rcc.o
 .ARM.attributes
                0x000000b0       0x33 StdPeriph_Driver/src/stm32f10x_usart.o
 .ARM.attributes
                0x000000e3       0x33 src/main.o
 .ARM.attributes
                0x00000116       0x33 src/syscalls.o
 .ARM.attributes
                0x00000149       0x33 src/system_stm32f10x.o
 .ARM.attributes
                0x0000017c       0x21 startup/startup_stm32f10x_md.o
 .ARM.attributes
                0x0000019d       0x2d c:/ac6/systemworkbench/plugins/fr.ac6.mcu.externaltools.arm-none.win32_1.16.0.201807130628/tools/compiler/bin/../lib/gcc/arm-none-eabi/7.2.1/../../../../arm-none-eabi/lib/thumb/v7-m\libc.a(lib_a-errno.o)
 .ARM.attributes
                0x000001ca       0x2d c:/ac6/systemworkbench/plugins/fr.ac6.mcu.externaltools.arm-none.win32_1.16.0.201807130628/tools/compiler/bin/../lib/gcc/arm-none-eabi/7.2.1/../../../../arm-none-eabi/lib/thumb/v7-m\libc.a(lib_a-impure.o)
 .ARM.attributes
                0x000001f7       0x2d c:/ac6/systemworkbench/plugins/fr.ac6.mcu.externaltools.arm-none.win32_1.16.0.201807130628/tools/compiler/bin/../lib/gcc/arm-none-eabi/7.2.1/../../../../arm-none-eabi/lib/thumb/v7-m\libc.a(lib_a-init.o)
 .ARM.attributes
                0x00000224       0x2d c:/ac6/systemworkbench/plugins/fr.ac6.mcu.externaltools.arm-none.win32_1.16.0.201807130628/tools/compiler/bin/../lib/gcc/arm-none-eabi/7.2.1/../../../../arm-none-eabi/lib/thumb/v7-m\libc.a(lib_a-malloc.o)
 .ARM.attributes
                0x00000251       0x2d c:/ac6/systemworkbench/plugins/fr.ac6.mcu.externaltools.arm-none.win32_1.16.0.201807130628/tools/compiler/bin/../lib/gcc/arm-none-eabi/7.2.1/../../../../arm-none-eabi/lib/thumb/v7-m\libc.a(lib_a-mallocr.o)
 .ARM.attributes
                0x0000027e       0x2d c:/ac6/systemworkbench/plugins/fr.ac6.mcu.externaltools.arm-none.win32_1.16.0.201807130628/tools/compiler/bin/../lib/gcc/arm-none-eabi/7.2.1/../../../../arm-none-eabi/lib/thumb/v7-m\libc.a(lib_a-memset.o)
 .ARM.attributes
                0x000002ab       0x2d c:/ac6/systemworkbench/plugins/fr.ac6.mcu.externaltools.arm-none.win32_1.16.0.201807130628/tools/compiler/bin/../lib/gcc/arm-none-eabi/7.2.1/../../../../arm-none-eabi/lib/thumb/v7-m\libc.a(lib_a-mlock.o)
 .ARM.attributes
                0x000002d8       0x2d c:/ac6/systemworkbench/plugins/fr.ac6.mcu.externaltools.arm-none.win32_1.16.0.201807130628/tools/compiler/bin/../lib/gcc/arm-none-eabi/7.2.1/../../../../arm-none-eabi/lib/thumb/v7-m\libc.a(lib_a-sbrkr.o)
 .ARM.attributes
                0x00000305       0x2d c:/ac6/systemworkbench/plugins/fr.ac6.mcu.externaltools.arm-none.win32_1.16.0.201807130628/tools/compiler/bin/../lib/gcc/arm-none-eabi/7.2.1/../../../../arm-none-eabi/lib/thumb/v7-m\libc.a(lib_a-strlen-stub.o)
 .ARM.attributes
                0x00000332       0x2d c:/ac6/systemworkbench/plugins/fr.ac6.mcu.externaltools.arm-none.win32_1.16.0.201807130628/tools/compiler/bin/../lib/gcc/arm-none-eabi/7.2.1/../../../../arm-none-eabi/lib/thumb/v7-m\libc.a(lib_a-strncmp.o)
 .ARM.attributes
                0x0000035f       0x2d c:/ac6/systemworkbench/plugins/fr.ac6.mcu.externaltools.arm-none.win32_1.16.0.201807130628/tools/compiler/bin/../lib/gcc/arm-none-eabi/7.2.1/../../../../arm-none-eabi/lib/thumb/v7-m\libc.a(lib_a-__call_atexit.o)
 .ARM.attributes
                0x0000038c       0x2d c:/ac6/systemworkbench/plugins/fr.ac6.mcu.externaltools.arm-none.win32_1.16.0.201807130628/tools/compiler/bin/../lib/gcc/arm-none-eabi/7.2.1/../../../../arm-none-eabi/lib/thumb/v7-m\libc.a(lib_a-atexit.o)
 .ARM.attributes
                0x000003b9       0x2d c:/ac6/systemworkbench/plugins/fr.ac6.mcu.externaltools.arm-none.win32_1.16.0.201807130628/tools/compiler/bin/../lib/gcc/arm-none-eabi/7.2.1/../../../../arm-none-eabi/lib/thumb/v7-m\libc.a(lib_a-fini.o)
 .ARM.attributes
                0x000003e6       0x2d c:/ac6/systemworkbench/plugins/fr.ac6.mcu.externaltools.arm-none.win32_1.16.0.201807130628/tools/compiler/bin/../lib/gcc/arm-none-eabi/7.2.1/../../../../arm-none-eabi/lib/thumb/v7-m\libc.a(lib_a-freer.o)
 .ARM.attributes
                0x00000413       0x2d c:/ac6/systemworkbench/plugins/fr.ac6.mcu.externaltools.arm-none.win32_1.16.0.201807130628/tools/compiler/bin/../lib/gcc/arm-none-eabi/7.2.1/../../../../arm-none-eabi/lib/thumb/v7-m\libc.a(lib_a-lock.o)
 .ARM.attributes
                0x00000440       0x2d c:/ac6/systemworkbench/plugins/fr.ac6.mcu.externaltools.arm-none.win32_1.16.0.201807130628/tools/compiler/bin/../lib/gcc/arm-none-eabi/7.2.1/../../../../arm-none-eabi/lib/thumb/v7-m\libc.a(lib_a-reent.o)
 .ARM.attributes
                0x0000046d       0x2d c:/ac6/systemworkbench/plugins/fr.ac6.mcu.externaltools.arm-none.win32_1.16.0.201807130628/tools/compiler/bin/../lib/gcc/arm-none-eabi/7.2.1/../../../../arm-none-eabi/lib/thumb/v7-m\libc.a(lib_a-__atexit.o)
 .ARM.attributes
                0x0000049a       0x1d c:/ac6/systemworkbench/plugins/fr.ac6.mcu.externaltools.arm-none.win32_1.16.0.201807130628/tools/compiler/bin/../lib/gcc/arm-none-eabi/7.2.1/thumb/v7-m/crtn.o
OUTPUT(5.2_Odbieranie_kilku_znakow_a_puzniej_wykonywanie_czynnosci.elf elf32-littlearm)

.debug_info     0x00000000     0x3a3c
 .debug_info    0x00000000      0x702 StdPeriph_Driver/src/stm32f10x_gpio.o
 .debug_info    0x00000702      0x8b2 StdPeriph_Driver/src/stm32f10x_rcc.o
 .debug_info    0x00000fb4      0x9fa StdPeriph_Driver/src/stm32f10x_usart.o
 .debug_info    0x000019ae      0xcc5 src/main.o
 .debug_info    0x00002673      0xf2e src/syscalls.o
 .debug_info    0x000035a1      0x479 src/system_stm32f10x.o
 .debug_info    0x00003a1a       0x22 startup/startup_stm32f10x_md.o

.debug_abbrev   0x00000000      0xbf4
 .debug_abbrev  0x00000000      0x1e4 StdPeriph_Driver/src/stm32f10x_gpio.o
 .debug_abbrev  0x000001e4      0x1d4 StdPeriph_Driver/src/stm32f10x_rcc.o
 .debug_abbrev  0x000003b8      0x194 StdPeriph_Driver/src/stm32f10x_usart.o
 .debug_abbrev  0x0000054c      0x280 src/main.o
 .debug_abbrev  0x000007cc      0x2aa src/syscalls.o
 .debug_abbrev  0x00000a76      0x16c src/system_stm32f10x.o
 .debug_abbrev  0x00000be2       0x12 startup/startup_stm32f10x_md.o

.debug_aranges  0x00000000      0x400
 .debug_aranges
                0x00000000       0xa8 StdPeriph_Driver/src/stm32f10x_gpio.o
 .debug_aranges
                0x000000a8      0x118 StdPeriph_Driver/src/stm32f10x_rcc.o
 .debug_aranges
                0x000001c0      0x100 StdPeriph_Driver/src/stm32f10x_usart.o
 .debug_aranges
                0x000002c0       0x38 src/main.o
 .debug_aranges
                0x000002f8       0xb0 src/syscalls.o
 .debug_aranges
                0x000003a8       0x30 src/system_stm32f10x.o
 .debug_aranges
                0x000003d8       0x28 startup/startup_stm32f10x_md.o

.debug_ranges   0x00000000      0x398
 .debug_ranges  0x00000000       0x98 StdPeriph_Driver/src/stm32f10x_gpio.o
 .debug_ranges  0x00000098      0x108 StdPeriph_Driver/src/stm32f10x_rcc.o
 .debug_ranges  0x000001a0       0xf0 StdPeriph_Driver/src/stm32f10x_usart.o
 .debug_ranges  0x00000290       0x28 src/main.o
 .debug_ranges  0x000002b8       0xa0 src/syscalls.o
 .debug_ranges  0x00000358       0x20 src/system_stm32f10x.o
 .debug_ranges  0x00000378       0x20 startup/startup_stm32f10x_md.o

.debug_macro    0x00000000     0x2a21
 .debug_macro   0x00000000      0x1ed StdPeriph_Driver/src/stm32f10x_gpio.o
 .debug_macro   0x000001ed      0x2a7 StdPeriph_Driver/src/stm32f10x_gpio.o
 .debug_macro   0x00000494      0x2bb StdPeriph_Driver/src/stm32f10x_rcc.o
 .debug_macro   0x0000074f      0x3dc StdPeriph_Driver/src/stm32f10x_rcc.o
 .debug_macro   0x00000b2b      0x253 StdPeriph_Driver/src/stm32f10x_usart.o
 .debug_macro   0x00000d7e      0x223 StdPeriph_Driver/src/stm32f10x_usart.o
 .debug_macro   0x00000fa1      0x286 src/main.o
 .debug_macro   0x00001227       0x58 src/main.o
 .debug_macro   0x0000127f       0x17 src/main.o
 .debug_macro   0x00001296       0x35 src/main.o
 .debug_macro   0x000012cb       0x9c src/main.o
 .debug_macro   0x00001367      0x174 src/main.o
 .debug_macro   0x000014db       0x58 src/main.o
 .debug_macro   0x00001533       0x1f src/main.o
 .debug_macro   0x00001552       0x43 src/main.o
 .debug_macro   0x00001595       0x20 src/main.o
 .debug_macro   0x000015b5      0x18e src/main.o
 .debug_macro   0x00001743      0x330 src/main.o
 .debug_macro   0x00001a73       0x10 src/main.o
 .debug_macro   0x00001a83       0x35 src/main.o
 .debug_macro   0x00001ab8       0x16 src/main.o
 .debug_macro   0x00001ace       0x16 src/main.o
 .debug_macro   0x00001ae4       0x29 src/main.o
 .debug_macro   0x00001b0d      0x243 src/syscalls.o
 .debug_macro   0x00001d50       0x52 src/syscalls.o
 .debug_macro   0x00001da2       0x8d src/syscalls.o
 .debug_macro   0x00001e2f       0x57 src/syscalls.o
 .debug_macro   0x00001e86       0x10 src/syscalls.o
 .debug_macro   0x00001e96       0x10 src/syscalls.o
 .debug_macro   0x00001ea6       0x10 src/syscalls.o
 .debug_macro   0x00001eb6       0x10 src/syscalls.o
 .debug_macro   0x00001ec6       0x1c src/syscalls.o
 .debug_macro   0x00001ee2       0x52 src/syscalls.o
 .debug_macro   0x00001f34       0x40 src/syscalls.o
 .debug_macro   0x00001f74       0x10 src/syscalls.o
 .debug_macro   0x00001f84       0x40 src/syscalls.o
 .debug_macro   0x00001fc4       0xd7 src/syscalls.o
 .debug_macro   0x0000209b       0x1c src/syscalls.o
 .debug_macro   0x000020b7       0x3d src/syscalls.o
 .debug_macro   0x000020f4       0x35 src/syscalls.o
 .debug_macro   0x00002129      0x122 src/syscalls.o
 .debug_macro   0x0000224b       0x10 src/syscalls.o
 .debug_macro   0x0000225b      0x241 src/syscalls.o
 .debug_macro   0x0000249c       0x1c src/syscalls.o
 .debug_macro   0x000024b8       0x10 src/syscalls.o
 .debug_macro   0x000024c8       0x10 src/syscalls.o
 .debug_macro   0x000024d8       0x16 src/syscalls.o
 .debug_macro   0x000024ee      0x16f src/syscalls.o
 .debug_macro   0x0000265d      0x189 src/syscalls.o
 .debug_macro   0x000027e6       0x16 src/syscalls.o
 .debug_macro   0x000027fc       0x88 src/syscalls.o
 .debug_macro   0x00002884      0x19d src/system_stm32f10x.o

.debug_line     0x00000000     0x2e1f
 .debug_line    0x00000000      0x805 StdPeriph_Driver/src/stm32f10x_gpio.o
 .debug_line    0x00000805      0x901 StdPeriph_Driver/src/stm32f10x_rcc.o
 .debug_line    0x00001106      0x8d3 StdPeriph_Driver/src/stm32f10x_usart.o
 .debug_line    0x000019d9      0x76a src/main.o
 .debug_line    0x00002143      0x5df src/syscalls.o
 .debug_line    0x00002722      0x67f src/system_stm32f10x.o
 .debug_line    0x00002da1       0x7e startup/startup_stm32f10x_md.o

.debug_str      0x00000000    0x55d95
 .debug_str     0x00000000    0x4f508 StdPeriph_Driver/src/stm32f10x_gpio.o
                              0x4f68a (size before relaxing)
 .debug_str     0x0004f508      0xb59 StdPeriph_Driver/src/stm32f10x_rcc.o
                              0x4fc70 (size before relaxing)
 .debug_str     0x00050061      0x82c StdPeriph_Driver/src/stm32f10x_usart.o
                              0x4f99a (size before relaxing)
 .debug_str     0x0005088d     0x3082 src/main.o
                              0x52401 (size before relaxing)
 .debug_str     0x0005390f     0x2372 src/syscalls.o
                               0x86f2 (size before relaxing)
 .debug_str     0x00055c81       0xe3 src/system_stm32f10x.o
                              0x4f1ff (size before relaxing)
 .debug_str     0x00055d64       0x31 startup/startup_stm32f10x_md.o
                                 0x8c (size before relaxing)

.comment        0x00000000       0x7e
 .comment       0x00000000       0x7e StdPeriph_Driver/src/stm32f10x_gpio.o
                                 0x7f (size before relaxing)
 .comment       0x0000007e       0x7f StdPeriph_Driver/src/stm32f10x_rcc.o
 .comment       0x0000007e       0x7f StdPeriph_Driver/src/stm32f10x_usart.o
 .comment       0x0000007e       0x7f src/main.o
 .comment       0x0000007e       0x7f src/syscalls.o
 .comment       0x0000007e       0x7f src/system_stm32f10x.o

.debug_frame    0x00000000     0x147c
 .debug_frame   0x00000000      0x2d0 StdPeriph_Driver/src/stm32f10x_gpio.o
 .debug_frame   0x000002d0      0x4f4 StdPeriph_Driver/src/stm32f10x_rcc.o
 .debug_frame   0x000007c4      0x490 StdPeriph_Driver/src/stm32f10x_usart.o
 .debug_frame   0x00000c54       0x9c src/main.o
 .debug_frame   0x00000cf0      0x2d0 src/syscalls.o
 .debug_frame   0x00000fc0       0x7c src/system_stm32f10x.o
 .debug_frame   0x0000103c       0x20 c:/ac6/systemworkbench/plugins/fr.ac6.mcu.externaltools.arm-none.win32_1.16.0.201807130628/tools/compiler/bin/../lib/gcc/arm-none-eabi/7.2.1/../../../../arm-none-eabi/lib/thumb/v7-m\libc.a(lib_a-errno.o)
 .debug_frame   0x0000105c       0x2c c:/ac6/systemworkbench/plugins/fr.ac6.mcu.externaltools.arm-none.win32_1.16.0.201807130628/tools/compiler/bin/../lib/gcc/arm-none-eabi/7.2.1/../../../../arm-none-eabi/lib/thumb/v7-m\libc.a(lib_a-init.o)
 .debug_frame   0x00001088       0x30 c:/ac6/systemworkbench/plugins/fr.ac6.mcu.externaltools.arm-none.win32_1.16.0.201807130628/tools/compiler/bin/../lib/gcc/arm-none-eabi/7.2.1/../../../../arm-none-eabi/lib/thumb/v7-m\libc.a(lib_a-malloc.o)
 .debug_frame   0x000010b8       0x4c c:/ac6/systemworkbench/plugins/fr.ac6.mcu.externaltools.arm-none.win32_1.16.0.201807130628/tools/compiler/bin/../lib/gcc/arm-none-eabi/7.2.1/../../../../arm-none-eabi/lib/thumb/v7-m\libc.a(lib_a-mallocr.o)
 .debug_frame   0x00001104       0x38 c:/ac6/systemworkbench/plugins/fr.ac6.mcu.externaltools.arm-none.win32_1.16.0.201807130628/tools/compiler/bin/../lib/gcc/arm-none-eabi/7.2.1/../../../../arm-none-eabi/lib/thumb/v7-m\libc.a(lib_a-memset.o)
 .debug_frame   0x0000113c       0x30 c:/ac6/systemworkbench/plugins/fr.ac6.mcu.externaltools.arm-none.win32_1.16.0.201807130628/tools/compiler/bin/../lib/gcc/arm-none-eabi/7.2.1/../../../../arm-none-eabi/lib/thumb/v7-m\libc.a(lib_a-mlock.o)
 .debug_frame   0x0000116c       0x2c c:/ac6/systemworkbench/plugins/fr.ac6.mcu.externaltools.arm-none.win32_1.16.0.201807130628/tools/compiler/bin/../lib/gcc/arm-none-eabi/7.2.1/../../../../arm-none-eabi/lib/thumb/v7-m\libc.a(lib_a-sbrkr.o)
 .debug_frame   0x00001198       0x20 c:/ac6/systemworkbench/plugins/fr.ac6.mcu.externaltools.arm-none.win32_1.16.0.201807130628/tools/compiler/bin/../lib/gcc/arm-none-eabi/7.2.1/../../../../arm-none-eabi/lib/thumb/v7-m\libc.a(lib_a-strlen-stub.o)
 .debug_frame   0x000011b8       0x48 c:/ac6/systemworkbench/plugins/fr.ac6.mcu.externaltools.arm-none.win32_1.16.0.201807130628/tools/compiler/bin/../lib/gcc/arm-none-eabi/7.2.1/../../../../arm-none-eabi/lib/thumb/v7-m\libc.a(lib_a-strncmp.o)
 .debug_frame   0x00001200       0x5c c:/ac6/systemworkbench/plugins/fr.ac6.mcu.externaltools.arm-none.win32_1.16.0.201807130628/tools/compiler/bin/../lib/gcc/arm-none-eabi/7.2.1/../../../../arm-none-eabi/lib/thumb/v7-m\libc.a(lib_a-__call_atexit.o)
 .debug_frame   0x0000125c       0x20 c:/ac6/systemworkbench/plugins/fr.ac6.mcu.externaltools.arm-none.win32_1.16.0.201807130628/tools/compiler/bin/../lib/gcc/arm-none-eabi/7.2.1/../../../../arm-none-eabi/lib/thumb/v7-m\libc.a(lib_a-atexit.o)
 .debug_frame   0x0000127c       0x34 c:/ac6/systemworkbench/plugins/fr.ac6.mcu.externaltools.arm-none.win32_1.16.0.201807130628/tools/compiler/bin/../lib/gcc/arm-none-eabi/7.2.1/../../../../arm-none-eabi/lib/thumb/v7-m\libc.a(lib_a-fini.o)
 .debug_frame   0x000012b0       0x80 c:/ac6/systemworkbench/plugins/fr.ac6.mcu.externaltools.arm-none.win32_1.16.0.201807130628/tools/compiler/bin/../lib/gcc/arm-none-eabi/7.2.1/../../../../arm-none-eabi/lib/thumb/v7-m\libc.a(lib_a-freer.o)
 .debug_frame   0x00001330       0xb0 c:/ac6/systemworkbench/plugins/fr.ac6.mcu.externaltools.arm-none.win32_1.16.0.201807130628/tools/compiler/bin/../lib/gcc/arm-none-eabi/7.2.1/../../../../arm-none-eabi/lib/thumb/v7-m\libc.a(lib_a-lock.o)
 .debug_frame   0x000013e0       0x68 c:/ac6/systemworkbench/plugins/fr.ac6.mcu.externaltools.arm-none.win32_1.16.0.201807130628/tools/compiler/bin/../lib/gcc/arm-none-eabi/7.2.1/../../../../arm-none-eabi/lib/thumb/v7-m\libc.a(lib_a-reent.o)
 .debug_frame   0x00001448       0x34 c:/ac6/systemworkbench/plugins/fr.ac6.mcu.externaltools.arm-none.win32_1.16.0.201807130628/tools/compiler/bin/../lib/gcc/arm-none-eabi/7.2.1/../../../../arm-none-eabi/lib/thumb/v7-m\libc.a(lib_a-__atexit.o)
