stm32f30x_adc.c:139:6:ADC_DeInit	16	static
stm32f30x_adc.c:168:6:ADC_Init	24	static
stm32f30x_adc.c:218:6:ADC_StructInit	16	static
stm32f30x_adc.c:239:6:ADC_InjectedInit	24	static
stm32f30x_adc.c:276:6:ADC_InjectedStructInit	16	static
stm32f30x_adc.c:295:6:ADC_CommonInit	24	static
stm32f30x_adc.c:353:6:ADC_CommonStructInit	16	static
stm32f30x_adc.c:379:6:ADC_Cmd	16	static
stm32f30x_adc.c:402:6:ADC_StartCalibration	16	static
stm32f30x_adc.c:416:10:ADC_GetCalibrationValue	16	static
stm32f30x_adc.c:430:6:ADC_SetCalibrationValue	16	static
stm32f30x_adc.c:448:6:ADC_SelectCalibrationMode	16	static
stm32f30x_adc.c:464:12:ADC_GetCalibrationStatus	24	static
stm32f30x_adc.c:489:6:ADC_DisableCmd	16	static
stm32f30x_adc.c:504:12:ADC_GetDisableCmdStatus	24	static
stm32f30x_adc.c:532:6:ADC_VoltageRegulatorCmd	16	static
stm32f30x_adc.c:576:6:ADC_SelectDifferentialMode	16	static
stm32f30x_adc.c:602:6:ADC_SelectQueueOfContextMode	16	static
stm32f30x_adc.c:627:6:ADC_AutoDelayCmd	16	static
stm32f30x_adc.c:694:6:ADC_AnalogWatchdogCmd	24	static
stm32f30x_adc.c:719:6:ADC_AnalogWatchdog1ThresholdsConfig	16	static
stm32f30x_adc.c:744:6:ADC_AnalogWatchdog2ThresholdsConfig	16	static
stm32f30x_adc.c:768:6:ADC_AnalogWatchdog3ThresholdsConfig	16	static
stm32f30x_adc.c:808:6:ADC_AnalogWatchdog1SingleChannelConfig	24	static
stm32f30x_adc.c:849:6:ADC_AnalogWatchdog2SingleChannelConfig	24	static
stm32f30x_adc.c:890:6:ADC_AnalogWatchdog3SingleChannelConfig	24	static
stm32f30x_adc.c:948:6:ADC_TempSensorCmd	16	static
stm32f30x_adc.c:972:6:ADC_VrefintCmd	16	static
stm32f30x_adc.c:1013:6:ADC_VbatCmd	16	static
stm32f30x_adc.c:1128:6:ADC_RegularChannelConfig	24	static
stm32f30x_adc.c:1235:6:ADC_RegularChannelSequencerLengthConfig	16	static
stm32f30x_adc.c:1275:6:ADC_ExternalTriggerConfig	16	static
stm32f30x_adc.c:1292:6:ADC_StartConversion	16	static
stm32f30x_adc.c:1306:12:ADC_GetStartConversionStatus	24	static
stm32f30x_adc.c:1331:6:ADC_StopConversion	16	static
stm32f30x_adc.c:1349:6:ADC_DiscModeChannelCountConfig	24	static
stm32f30x_adc.c:1376:6:ADC_DiscModeCmd	16	static
stm32f30x_adc.c:1398:10:ADC_GetConversionValue	16	static
stm32f30x_adc.c:1415:10:ADC_GetDualModeConversionValue	24	static
stm32f30x_adc.c:1463:6:ADC_SetChannelOffset1	16	static
stm32f30x_adc.c:1506:6:ADC_SetChannelOffset2	16	static
stm32f30x_adc.c:1549:6:ADC_SetChannelOffset3	16	static
stm32f30x_adc.c:1592:6:ADC_SetChannelOffset4	16	static
stm32f30x_adc.c:1615:6:ADC_ChannelOffset1Cmd	16	static
stm32f30x_adc.c:1640:6:ADC_ChannelOffset2Cmd	16	static
stm32f30x_adc.c:1665:6:ADC_ChannelOffset3Cmd	16	static
stm32f30x_adc.c:1690:6:ADC_ChannelOffset4Cmd	16	static
stm32f30x_adc.c:1741:6:ADC_DMACmd	16	static
stm32f30x_adc.c:1767:6:ADC_DMAConfig	16	static
stm32f30x_adc.c:1840:6:ADC_InjectedChannelSampleTimeConfig	24	static
stm32f30x_adc.c:1879:6:ADC_StartInjectedConversion	16	static
stm32f30x_adc.c:1894:6:ADC_StopInjectedConversion	16	static
stm32f30x_adc.c:1908:12:ADC_GetStartInjectedConversionStatus	24	static
stm32f30x_adc.c:1937:6:ADC_AutoInjectedConvCmd	16	static
stm32f30x_adc.c:1963:6:ADC_InjectedDiscModeCmd	16	static
stm32f30x_adc.c:1991:10:ADC_GetInjectedConversionValue	24	static
stm32f30x_adc.c:2124:6:ADC_ITConfig	24	static
stm32f30x_adc.c:2161:12:ADC_GetFlagStatus	24	static
stm32f30x_adc.c:2201:6:ADC_ClearFlag	16	static
stm32f30x_adc.c:2239:12:ADC_GetCommonFlagStatus	24	static
stm32f30x_adc.c:2300:6:ADC_ClearCommonFlag	16	static
stm32f30x_adc.c:2336:10:ADC_GetITStatus	24	static
stm32f30x_adc.c:2376:6:ADC_ClearITPendingBit	16	static
