stm32f30x_hrtim.c:228:6:HRTIM_SimpleBase_Init	24	static
stm32f30x_hrtim.c:251:6:HRTIM_DeInit	16	static
stm32f30x_hrtim.c:268:6:HRTIM_SimpleOC_Init	24	static
stm32f30x_hrtim.c:288:6:HRTIM_SimplePWM_Init	24	static
stm32f30x_hrtim.c:306:6:HRTIM_SimpleCapture_Init	24	static
stm32f30x_hrtim.c:327:6:HRTIM_SimpleOnePulse_Init	24	static
stm32f30x_hrtim.c:347:6:HRTIM_Waveform_Init	24	static
stm32f30x_hrtim.c:417:6:HRTIM_DLLCalibrationStart	24	static
stm32f30x_hrtim.c:453:6:HRTIM_SimpleBaseStart	16	static
stm32f30x_hrtim.c:471:6:HRTIM_SimpleBaseStop	16	static
stm32f30x_hrtim.c:500:6:HRTIM_SimpleOCStart	24	static
stm32f30x_hrtim.c:535:6:HRTIM_SimpleOCStop	24	static
stm32f30x_hrtim.c:569:6:HRTIM_SimplePWMStart	24	static
stm32f30x_hrtim.c:603:6:HRTIM_SimplePWMStop	24	static
stm32f30x_hrtim.c:632:6:HRTIM_SimpleCaptureStart	24	static
stm32f30x_hrtim.c:653:6:HRTIM_SimpleCaptureStop	24	static
stm32f30x_hrtim.c:707:6:HRTIM_SimpleOnePulseStart	24	static
stm32f30x_hrtim.c:741:6:HRTIM_SimpleOnePulseStop	24	static
stm32f30x_hrtim.c:769:6:HRTIM_WaveformCounterStart	16	static
stm32f30x_hrtim.c:790:6:HRTIM_WaveformCounterStop	16	static
stm32f30x_hrtim.c:815:6:HRTIM_WaveformOutputStart	16	static
stm32f30x_hrtim.c:840:6:HRTIM_WaveformOutputStop	16	static
stm32f30x_hrtim.c:880:6:HRTIM_ITConfig	24	static
stm32f30x_hrtim.c:937:6:HRTIM_ITCommonConfig	24	static
stm32f30x_hrtim.c:980:6:HRTIM_ClearFlag	24	static
stm32f30x_hrtim.c:1021:6:HRTIM_ClearCommonFlag	16	static
stm32f30x_hrtim.c:1057:6:HRTIM_ClearITPendingBit	24	static
stm32f30x_hrtim.c:1098:6:HRTIM_ClearCommonITPendingBit	16	static
stm32f30x_hrtim.c:1135:12:HRTIM_GetFlagStatus	32	static
stm32f30x_hrtim.c:1194:12:HRTIM_GetCommonFlagStatus	24	static
stm32f30x_hrtim.c:1240:10:HRTIM_GetITStatus	32	static
stm32f30x_hrtim.c:1306:10:HRTIM_GetCommonITStatus	24	static
stm32f30x_hrtim.c:1359:6:HRTIM_DMACmd	24	static
stm32f30x_hrtim.c:1446:6:HRTIM_SimpleOCChannelConfig	72	static
stm32f30x_hrtim.c:1578:6:HRTIM_SimplePWMChannelConfig	72	static
stm32f30x_hrtim.c:1664:6:HRTIM_SimpleCaptureChannelConfig	48	static
stm32f30x_hrtim.c:1728:6:HRTIM_SimpleOnePulseChannelConfig	96	static
stm32f30x_hrtim.c:1832:6:HRTIM_WaveformTimerConfig	40	static
stm32f30x_hrtim.c:1918:7:HRTIM_WaveformCompareConfig	32	static
stm32f30x_hrtim.c:2011:6:HRTIM_MasterSetCompare	24	static
stm32f30x_hrtim.c:2062:6:HRTIM_SlaveSetCompare	24	static
stm32f30x_hrtim.c:2114:6:HRTIM_WaveformCaptureConfig	24	static
stm32f30x_hrtim.c:2158:6:HRTIM_WaveformOutputConfig	24	static
stm32f30x_hrtim.c:2197:6:HRTIM_TimerEventFilteringConfig	32	static
stm32f30x_hrtim.c:2313:6:HRTIM_DeadTimeConfig	32	static
stm32f30x_hrtim.c:2359:6:HRTIM_ChopperModeConfig	32	static
stm32f30x_hrtim.c:2414:6:HRTIM_BurstDMAConfig	24	static
stm32f30x_hrtim.c:2465:6:HRTIM_SynchronizationConfig	24	static
stm32f30x_hrtim.c:2498:6:HRTIM_BurstModeConfig	24	static
stm32f30x_hrtim.c:2558:6:HRTIM_EventConfig	24	static
stm32f30x_hrtim.c:2585:6:HRTIM_EventPrescalerConfig	24	static
stm32f30x_hrtim.c:2615:6:HRTIM_FaultConfig	32	static
stm32f30x_hrtim.c:2700:6:HRTIM_FaultPrescalerConfig	24	static
stm32f30x_hrtim.c:2733:6:HRTIM_FaultModeCtl	32	static
stm32f30x_hrtim.c:2800:6:HRTIM_ADCTriggerConfig	32	static
stm32f30x_hrtim.c:2868:6:HRTIM_BurstModeCtl	24	static
stm32f30x_hrtim.c:2898:6:HRTIM_SoftwareCapture	24	static
stm32f30x_hrtim.c:2939:6:HRTIM_SoftwareUpdate	16	static
stm32f30x_hrtim.c:2965:6:HRTIM_SoftwareReset	16	static
stm32f30x_hrtim.c:3002:6:HRTIM_WaveformSetOutputLevel	24	static
stm32f30x_hrtim.c:3087:10:HRTIM_GetCapturedValue	32	static
stm32f30x_hrtim.c:3139:10:HRTIM_WaveformGetOutputLevel	32	static
stm32f30x_hrtim.c:3210:10:HRTIM_WaveformGetOutputState	32	static
stm32f30x_hrtim.c:3320:10:HRTIM_GetDelayedProtectionStatus	32	static
stm32f30x_hrtim.c:3380:10:HRTIM_GetBurstStatus	24	static
stm32f30x_hrtim.c:3399:10:HRTIM_GetCurrentPushPullStatus	24	static
stm32f30x_hrtim.c:3423:10:HRTIM_GetIdlePushPullStatus	24	static
stm32f30x_hrtim.c:3442:7:HRTIM_MasterBase_Config	16	static
stm32f30x_hrtim.c:3463:6:HRTIM_TimingUnitBase_Config	24	static
stm32f30x_hrtim.c:3485:7:HRTIM_MasterWaveform_Config	24	static
stm32f30x_hrtim.c:3540:6:HRTIM_TimingUnitWaveform_Config	32	static
stm32f30x_hrtim.c:3632:7:HRTIM_CompareUnitConfig	24	static
stm32f30x_hrtim.c:3705:6:HRTIM_CaptureUnitConfig	32	static
stm32f30x_hrtim.c:3793:7:HRTIM_OutputConfig	32	static
stm32f30x_hrtim.c:3872:13:HRTIM_ExternalEventConfig	40	static
stm32f30x_hrtim.c:4029:6:HRTIM_TIM_ResetConfig	24	static
