Archive member included to satisfy reference by file (symbol)

c:/program files/atollic/truestudio for stm32 9.3.0/armtools/bin/../lib/gcc/arm-atollic-eabi/6.3.1/../../../../arm-atollic-eabi/lib/armv7e-m/fpu\libstdc++.a(del_op.o)
                              DOUT\DOUT.o (operator delete(void*))
c:/program files/atollic/truestudio for stm32 9.3.0/armtools/bin/../lib/gcc/arm-atollic-eabi/6.3.1/../../../../arm-atollic-eabi/lib/armv7e-m/fpu\libstdc++.a(atexit_arm.o)
                              src\START.o (__aeabi_atexit)
c:/program files/atollic/truestudio for stm32 9.3.0/armtools/bin/../lib/gcc/arm-atollic-eabi/6.3.1/../../../../arm-atollic-eabi/lib/armv7e-m/fpu\libc.a(lib_a-cxa_atexit.o)
                              c:/program files/atollic/truestudio for stm32 9.3.0/armtools/bin/../lib/gcc/arm-atollic-eabi/6.3.1/../../../../arm-atollic-eabi/lib/armv7e-m/fpu\libstdc++.a(atexit_arm.o) (__cxa_atexit)
c:/program files/atollic/truestudio for stm32 9.3.0/armtools/bin/../lib/gcc/arm-atollic-eabi/6.3.1/../../../../arm-atollic-eabi/lib/armv7e-m/fpu\libc.a(lib_a-init.o)
                              src\startup_stm32f303xe.o (__libc_init_array)
c:/program files/atollic/truestudio for stm32 9.3.0/armtools/bin/../lib/gcc/arm-atollic-eabi/6.3.1/../../../../arm-atollic-eabi/lib/armv7e-m/fpu\libc.a(lib_a-malloc.o)
                              c:/program files/atollic/truestudio for stm32 9.3.0/armtools/bin/../lib/gcc/arm-atollic-eabi/6.3.1/../../../../arm-atollic-eabi/lib/armv7e-m/fpu\libstdc++.a(del_op.o) (free)
c:/program files/atollic/truestudio for stm32 9.3.0/armtools/bin/../lib/gcc/arm-atollic-eabi/6.3.1/../../../../arm-atollic-eabi/lib/armv7e-m/fpu\libc.a(lib_a-mallocr.o)
                              c:/program files/atollic/truestudio for stm32 9.3.0/armtools/bin/../lib/gcc/arm-atollic-eabi/6.3.1/../../../../arm-atollic-eabi/lib/armv7e-m/fpu\libc.a(lib_a-malloc.o) (_malloc_r)
c:/program files/atollic/truestudio for stm32 9.3.0/armtools/bin/../lib/gcc/arm-atollic-eabi/6.3.1/../../../../arm-atollic-eabi/lib/armv7e-m/fpu\libc.a(lib_a-mlock.o)
                              c:/program files/atollic/truestudio for stm32 9.3.0/armtools/bin/../lib/gcc/arm-atollic-eabi/6.3.1/../../../../arm-atollic-eabi/lib/armv7e-m/fpu\libc.a(lib_a-mallocr.o) (__malloc_lock)
c:/program files/atollic/truestudio for stm32 9.3.0/armtools/bin/../lib/gcc/arm-atollic-eabi/6.3.1/../../../../arm-atollic-eabi/lib/armv7e-m/fpu\libc.a(lib_a-on_exit_args.o)
                              c:/program files/atollic/truestudio for stm32 9.3.0/armtools/bin/../lib/gcc/arm-atollic-eabi/6.3.1/../../../../arm-atollic-eabi/lib/armv7e-m/fpu\libc.a(lib_a-cxa_atexit.o) (__on_exit_args)
c:/program files/atollic/truestudio for stm32 9.3.0/armtools/bin/../lib/gcc/arm-atollic-eabi/6.3.1/../../../../arm-atollic-eabi/lib/armv7e-m/fpu\libc.a(lib_a-sbrkr.o)
                              c:/program files/atollic/truestudio for stm32 9.3.0/armtools/bin/../lib/gcc/arm-atollic-eabi/6.3.1/../../../../arm-atollic-eabi/lib/armv7e-m/fpu\libc.a(lib_a-mallocr.o) (_sbrk_r)
c:/program files/atollic/truestudio for stm32 9.3.0/armtools/bin/../lib/gcc/arm-atollic-eabi/6.3.1/../../../../arm-atollic-eabi/lib/armv7e-m/fpu\libc.a(lib_a-strlen.o)
                              src\tiny_printf.o (strlen)
c:/program files/atollic/truestudio for stm32 9.3.0/armtools/bin/../lib/gcc/arm-atollic-eabi/6.3.1/../../../../arm-atollic-eabi/lib/armv7e-m/fpu\libc.a(lib_a-__atexit.o)
                              c:/program files/atollic/truestudio for stm32 9.3.0/armtools/bin/../lib/gcc/arm-atollic-eabi/6.3.1/../../../../arm-atollic-eabi/lib/armv7e-m/fpu\libc.a(lib_a-cxa_atexit.o) (__register_exitproc)
c:/program files/atollic/truestudio for stm32 9.3.0/armtools/bin/../lib/gcc/arm-atollic-eabi/6.3.1/../../../../arm-atollic-eabi/lib/armv7e-m/fpu\libc.a(lib_a-__call_atexit.o)
                              c:/program files/atollic/truestudio for stm32 9.3.0/armtools/bin/../lib/gcc/arm-atollic-eabi/6.3.1/../../../../arm-atollic-eabi/lib/armv7e-m/fpu\libc.a(lib_a-__atexit.o) (__atexit_recursive_mutex)
c:/program files/atollic/truestudio for stm32 9.3.0/armtools/bin/../lib/gcc/arm-atollic-eabi/6.3.1/../../../../arm-atollic-eabi/lib/armv7e-m/fpu\libc.a(lib_a-freer.o)
                              c:/program files/atollic/truestudio for stm32 9.3.0/armtools/bin/../lib/gcc/arm-atollic-eabi/6.3.1/../../../../arm-atollic-eabi/lib/armv7e-m/fpu\libc.a(lib_a-malloc.o) (_free_r)
c:/program files/atollic/truestudio for stm32 9.3.0/armtools/bin/../lib/gcc/arm-atollic-eabi/6.3.1/../../../../arm-atollic-eabi/lib/armv7e-m/fpu\libc.a(lib_a-impure.o)
                              c:/program files/atollic/truestudio for stm32 9.3.0/armtools/bin/../lib/gcc/arm-atollic-eabi/6.3.1/../../../../arm-atollic-eabi/lib/armv7e-m/fpu\libc.a(lib_a-__atexit.o) (_global_impure_ptr)
c:/program files/atollic/truestudio for stm32 9.3.0/armtools/bin/../lib/gcc/arm-atollic-eabi/6.3.1/../../../../arm-atollic-eabi/lib/armv7e-m/fpu\libc.a(lib_a-lock.o)
                              c:/program files/atollic/truestudio for stm32 9.3.0/armtools/bin/../lib/gcc/arm-atollic-eabi/6.3.1/../../../../arm-atollic-eabi/lib/armv7e-m/fpu\libc.a(lib_a-mlock.o) (__retarget_lock_acquire_recursive)
c:/program files/atollic/truestudio for stm32 9.3.0/armtools/bin/../lib/gcc/arm-atollic-eabi/6.3.1/../../../../arm-atollic-eabi/lib/armv7e-m/fpu\libc.a(lib_a-reent.o)
                              c:/program files/atollic/truestudio for stm32 9.3.0/armtools/bin/../lib/gcc/arm-atollic-eabi/6.3.1/../../../../arm-atollic-eabi/lib/armv7e-m/fpu\libc.a(lib_a-sbrkr.o) (errno)
c:/program files/atollic/truestudio for stm32 9.3.0/armtools/bin/../lib/gcc/arm-atollic-eabi/6.3.1/../../../../arm-atollic-eabi/lib/armv7e-m/fpu\libnosys.a(sbrk.o)
                              c:/program files/atollic/truestudio for stm32 9.3.0/armtools/bin/../lib/gcc/arm-atollic-eabi/6.3.1/../../../../arm-atollic-eabi/lib/armv7e-m/fpu\libc.a(lib_a-sbrkr.o) (_sbrk)
c:/program files/atollic/truestudio for stm32 9.3.0/armtools/bin/../lib/gcc/arm-atollic-eabi/6.3.1/../../../../arm-atollic-eabi/lib/armv7e-m/fpu\libnosys.a(write.o)
                              src\tiny_printf.o (_write)

Allocating common symbols
Common symbol       size              file

__lock___atexit_recursive_mutex
                    0x1               c:/program files/atollic/truestudio for stm32 9.3.0/armtools/bin/../lib/gcc/arm-atollic-eabi/6.3.1/../../../../arm-atollic-eabi/lib/armv7e-m/fpu\libc.a(lib_a-lock.o)
__lock___arc4random_mutex
                    0x1               c:/program files/atollic/truestudio for stm32 9.3.0/armtools/bin/../lib/gcc/arm-atollic-eabi/6.3.1/../../../../arm-atollic-eabi/lib/armv7e-m/fpu\libc.a(lib_a-lock.o)
errno               0x4               c:/program files/atollic/truestudio for stm32 9.3.0/armtools/bin/../lib/gcc/arm-atollic-eabi/6.3.1/../../../../arm-atollic-eabi/lib/armv7e-m/fpu\libc.a(lib_a-reent.o)
__lock___env_recursive_mutex
                    0x1               c:/program files/atollic/truestudio for stm32 9.3.0/armtools/bin/../lib/gcc/arm-atollic-eabi/6.3.1/../../../../arm-atollic-eabi/lib/armv7e-m/fpu\libc.a(lib_a-lock.o)
__lock___sinit_recursive_mutex
                    0x1               c:/program files/atollic/truestudio for stm32 9.3.0/armtools/bin/../lib/gcc/arm-atollic-eabi/6.3.1/../../../../arm-atollic-eabi/lib/armv7e-m/fpu\libc.a(lib_a-lock.o)
__lock___malloc_recursive_mutex
                    0x1               c:/program files/atollic/truestudio for stm32 9.3.0/armtools/bin/../lib/gcc/arm-atollic-eabi/6.3.1/../../../../arm-atollic-eabi/lib/armv7e-m/fpu\libc.a(lib_a-lock.o)
__lock___at_quick_exit_mutex
                    0x1               c:/program files/atollic/truestudio for stm32 9.3.0/armtools/bin/../lib/gcc/arm-atollic-eabi/6.3.1/../../../../arm-atollic-eabi/lib/armv7e-m/fpu\libc.a(lib_a-lock.o)
__lock___dd_hash_mutex
                    0x1               c:/program files/atollic/truestudio for stm32 9.3.0/armtools/bin/../lib/gcc/arm-atollic-eabi/6.3.1/../../../../arm-atollic-eabi/lib/armv7e-m/fpu\libc.a(lib_a-lock.o)
__lock___tz_mutex   0x1               c:/program files/atollic/truestudio for stm32 9.3.0/armtools/bin/../lib/gcc/arm-atollic-eabi/6.3.1/../../../../arm-atollic-eabi/lib/armv7e-m/fpu\libc.a(lib_a-lock.o)
__lock___sfp_recursive_mutex
                    0x1               c:/program files/atollic/truestudio for stm32 9.3.0/armtools/bin/../lib/gcc/arm-atollic-eabi/6.3.1/../../../../arm-atollic-eabi/lib/armv7e-m/fpu\libc.a(lib_a-lock.o)

Discarded input sections

 .text          0x00000000        0x0 c:/program files/atollic/truestudio for stm32 9.3.0/armtools/bin/../lib/gcc/arm-atollic-eabi/6.3.1/armv7e-m/fpu/crti.o
 .data          0x00000000        0x0 c:/program files/atollic/truestudio for stm32 9.3.0/armtools/bin/../lib/gcc/arm-atollic-eabi/6.3.1/armv7e-m/fpu/crti.o
 .bss           0x00000000        0x0 c:/program files/atollic/truestudio for stm32 9.3.0/armtools/bin/../lib/gcc/arm-atollic-eabi/6.3.1/armv7e-m/fpu/crti.o
 .text          0x00000000        0x0 DOUT\DOUT.o
 .data          0x00000000        0x0 DOUT\DOUT.o
 .bss           0x00000000        0x0 DOUT\DOUT.o
 .text._ZN4DOUT4INITEv
                0x00000000       0x14 DOUT\DOUT.o
 .text          0x00000000        0x0 src\START.o
 .data          0x00000000        0x0 src\START.o
 .bss           0x00000000        0x0 src\START.o
 .text          0x00000000       0x14 src\startup_stm32f303xe.o
 .data          0x00000000        0x0 src\startup_stm32f303xe.o
 .bss           0x00000000        0x0 src\startup_stm32f303xe.o
 .text          0x00000000        0x0 src\system_stm32f3xx.o
 .data          0x00000000        0x0 src\system_stm32f3xx.o
 .bss           0x00000000        0x0 src\system_stm32f3xx.o
 .data.SystemCoreClock
                0x00000000        0x4 src\system_stm32f3xx.o
 .data.AHBPrescTable
                0x00000000       0x10 src\system_stm32f3xx.o
 .text.SystemCoreClockUpdate
                0x00000000       0xdc src\system_stm32f3xx.o
 .text          0x00000000        0x0 src\tiny_printf.o
 .data          0x00000000        0x0 src\tiny_printf.o
 .bss           0x00000000        0x0 src\tiny_printf.o
 .text.ts_itoa  0x00000000       0x92 src\tiny_printf.o
 .text.ts_formatstring
                0x00000000      0x12e src\tiny_printf.o
 .text.ts_formatlength
                0x00000000      0x12c src\tiny_printf.o
 .text.siprintf
                0x00000000       0x2c src\tiny_printf.o
 .text.fiprintf
                0x00000000       0x9a src\tiny_printf.o
 .text.iprintf  0x00000000       0x92 src\tiny_printf.o
 .rodata        0x00000000        0x2 src\tiny_printf.o
 .text.fputs    0x00000000       0x68 src\tiny_printf.o
 .text.puts     0x00000000       0x58 src\tiny_printf.o
 .text.fwrite   0x00000000       0x38 src\tiny_printf.o
 .debug_info    0x00000000      0xc91 src\tiny_printf.o
 .debug_abbrev  0x00000000      0x262 src\tiny_printf.o
 .debug_aranges
                0x00000000       0x60 src\tiny_printf.o
 .debug_ranges  0x00000000       0x50 src\tiny_printf.o
 .debug_line    0x00000000      0x2ad src\tiny_printf.o
 .debug_str     0x00000000      0x679 src\tiny_printf.o
 .comment       0x00000000       0x7d src\tiny_printf.o
 .debug_frame   0x00000000      0x1bc src\tiny_printf.o
 .ARM.attributes
                0x00000000       0x39 src\tiny_printf.o
 .text          0x00000000        0x0 c:/program files/atollic/truestudio for stm32 9.3.0/armtools/bin/../lib/gcc/arm-atollic-eabi/6.3.1/../../../../arm-atollic-eabi/lib/armv7e-m/fpu\libstdc++.a(del_op.o)
 .data          0x00000000        0x0 c:/program files/atollic/truestudio for stm32 9.3.0/armtools/bin/../lib/gcc/arm-atollic-eabi/6.3.1/../../../../arm-atollic-eabi/lib/armv7e-m/fpu\libstdc++.a(del_op.o)
 .bss           0x00000000        0x0 c:/program files/atollic/truestudio for stm32 9.3.0/armtools/bin/../lib/gcc/arm-atollic-eabi/6.3.1/../../../../arm-atollic-eabi/lib/armv7e-m/fpu\libstdc++.a(del_op.o)
 .ARM.extab.text._ZdlPv
                0x00000000        0x0 c:/program files/atollic/truestudio for stm32 9.3.0/armtools/bin/../lib/gcc/arm-atollic-eabi/6.3.1/../../../../arm-atollic-eabi/lib/armv7e-m/fpu\libstdc++.a(del_op.o)
 .text          0x00000000        0x0 c:/program files/atollic/truestudio for stm32 9.3.0/armtools/bin/../lib/gcc/arm-atollic-eabi/6.3.1/../../../../arm-atollic-eabi/lib/armv7e-m/fpu\libstdc++.a(atexit_arm.o)
 .data          0x00000000        0x0 c:/program files/atollic/truestudio for stm32 9.3.0/armtools/bin/../lib/gcc/arm-atollic-eabi/6.3.1/../../../../arm-atollic-eabi/lib/armv7e-m/fpu\libstdc++.a(atexit_arm.o)
 .bss           0x00000000        0x0 c:/program files/atollic/truestudio for stm32 9.3.0/armtools/bin/../lib/gcc/arm-atollic-eabi/6.3.1/../../../../arm-atollic-eabi/lib/armv7e-m/fpu\libstdc++.a(atexit_arm.o)
 .ARM.extab.text.__aeabi_atexit
                0x00000000        0x0 c:/program files/atollic/truestudio for stm32 9.3.0/armtools/bin/../lib/gcc/arm-atollic-eabi/6.3.1/../../../../arm-atollic-eabi/lib/armv7e-m/fpu\libstdc++.a(atexit_arm.o)
 .text          0x00000000        0x0 c:/program files/atollic/truestudio for stm32 9.3.0/armtools/bin/../lib/gcc/arm-atollic-eabi/6.3.1/../../../../arm-atollic-eabi/lib/armv7e-m/fpu\libc.a(lib_a-cxa_atexit.o)
 .data          0x00000000        0x0 c:/program files/atollic/truestudio for stm32 9.3.0/armtools/bin/../lib/gcc/arm-atollic-eabi/6.3.1/../../../../arm-atollic-eabi/lib/armv7e-m/fpu\libc.a(lib_a-cxa_atexit.o)
 .bss           0x00000000        0x0 c:/program files/atollic/truestudio for stm32 9.3.0/armtools/bin/../lib/gcc/arm-atollic-eabi/6.3.1/../../../../arm-atollic-eabi/lib/armv7e-m/fpu\libc.a(lib_a-cxa_atexit.o)
 .rodata.__cxa_atexit_dummy
                0x00000000        0x4 c:/program files/atollic/truestudio for stm32 9.3.0/armtools/bin/../lib/gcc/arm-atollic-eabi/6.3.1/../../../../arm-atollic-eabi/lib/armv7e-m/fpu\libc.a(lib_a-cxa_atexit.o)
 .text          0x00000000        0x0 c:/program files/atollic/truestudio for stm32 9.3.0/armtools/bin/../lib/gcc/arm-atollic-eabi/6.3.1/../../../../arm-atollic-eabi/lib/armv7e-m/fpu\libc.a(lib_a-init.o)
 .data          0x00000000        0x0 c:/program files/atollic/truestudio for stm32 9.3.0/armtools/bin/../lib/gcc/arm-atollic-eabi/6.3.1/../../../../arm-atollic-eabi/lib/armv7e-m/fpu\libc.a(lib_a-init.o)
 .bss           0x00000000        0x0 c:/program files/atollic/truestudio for stm32 9.3.0/armtools/bin/../lib/gcc/arm-atollic-eabi/6.3.1/../../../../arm-atollic-eabi/lib/armv7e-m/fpu\libc.a(lib_a-init.o)
 .text          0x00000000        0x0 c:/program files/atollic/truestudio for stm32 9.3.0/armtools/bin/../lib/gcc/arm-atollic-eabi/6.3.1/../../../../arm-atollic-eabi/lib/armv7e-m/fpu\libc.a(lib_a-malloc.o)
 .data          0x00000000        0x0 c:/program files/atollic/truestudio for stm32 9.3.0/armtools/bin/../lib/gcc/arm-atollic-eabi/6.3.1/../../../../arm-atollic-eabi/lib/armv7e-m/fpu\libc.a(lib_a-malloc.o)
 .bss           0x00000000        0x0 c:/program files/atollic/truestudio for stm32 9.3.0/armtools/bin/../lib/gcc/arm-atollic-eabi/6.3.1/../../../../arm-atollic-eabi/lib/armv7e-m/fpu\libc.a(lib_a-malloc.o)
 .text          0x00000000        0x0 c:/program files/atollic/truestudio for stm32 9.3.0/armtools/bin/../lib/gcc/arm-atollic-eabi/6.3.1/../../../../arm-atollic-eabi/lib/armv7e-m/fpu\libc.a(lib_a-mallocr.o)
 .data          0x00000000        0x0 c:/program files/atollic/truestudio for stm32 9.3.0/armtools/bin/../lib/gcc/arm-atollic-eabi/6.3.1/../../../../arm-atollic-eabi/lib/armv7e-m/fpu\libc.a(lib_a-mallocr.o)
 .bss           0x00000000        0x0 c:/program files/atollic/truestudio for stm32 9.3.0/armtools/bin/../lib/gcc/arm-atollic-eabi/6.3.1/../../../../arm-atollic-eabi/lib/armv7e-m/fpu\libc.a(lib_a-mallocr.o)
 .text          0x00000000        0x0 c:/program files/atollic/truestudio for stm32 9.3.0/armtools/bin/../lib/gcc/arm-atollic-eabi/6.3.1/../../../../arm-atollic-eabi/lib/armv7e-m/fpu\libc.a(lib_a-mlock.o)
 .data          0x00000000        0x0 c:/program files/atollic/truestudio for stm32 9.3.0/armtools/bin/../lib/gcc/arm-atollic-eabi/6.3.1/../../../../arm-atollic-eabi/lib/armv7e-m/fpu\libc.a(lib_a-mlock.o)
 .bss           0x00000000        0x0 c:/program files/atollic/truestudio for stm32 9.3.0/armtools/bin/../lib/gcc/arm-atollic-eabi/6.3.1/../../../../arm-atollic-eabi/lib/armv7e-m/fpu\libc.a(lib_a-mlock.o)
 .text          0x00000000        0x0 c:/program files/atollic/truestudio for stm32 9.3.0/armtools/bin/../lib/gcc/arm-atollic-eabi/6.3.1/../../../../arm-atollic-eabi/lib/armv7e-m/fpu\libc.a(lib_a-on_exit_args.o)
 .data          0x00000000        0x0 c:/program files/atollic/truestudio for stm32 9.3.0/armtools/bin/../lib/gcc/arm-atollic-eabi/6.3.1/../../../../arm-atollic-eabi/lib/armv7e-m/fpu\libc.a(lib_a-on_exit_args.o)
 .bss           0x00000000        0x0 c:/program files/atollic/truestudio for stm32 9.3.0/armtools/bin/../lib/gcc/arm-atollic-eabi/6.3.1/../../../../arm-atollic-eabi/lib/armv7e-m/fpu\libc.a(lib_a-on_exit_args.o)
 .text          0x00000000        0x0 c:/program files/atollic/truestudio for stm32 9.3.0/armtools/bin/../lib/gcc/arm-atollic-eabi/6.3.1/../../../../arm-atollic-eabi/lib/armv7e-m/fpu\libc.a(lib_a-sbrkr.o)
 .data          0x00000000        0x0 c:/program files/atollic/truestudio for stm32 9.3.0/armtools/bin/../lib/gcc/arm-atollic-eabi/6.3.1/../../../../arm-atollic-eabi/lib/armv7e-m/fpu\libc.a(lib_a-sbrkr.o)
 .bss           0x00000000        0x0 c:/program files/atollic/truestudio for stm32 9.3.0/armtools/bin/../lib/gcc/arm-atollic-eabi/6.3.1/../../../../arm-atollic-eabi/lib/armv7e-m/fpu\libc.a(lib_a-sbrkr.o)
 .text          0x00000000       0x10 c:/program files/atollic/truestudio for stm32 9.3.0/armtools/bin/../lib/gcc/arm-atollic-eabi/6.3.1/../../../../arm-atollic-eabi/lib/armv7e-m/fpu\libc.a(lib_a-strlen.o)
 .data          0x00000000        0x0 c:/program files/atollic/truestudio for stm32 9.3.0/armtools/bin/../lib/gcc/arm-atollic-eabi/6.3.1/../../../../arm-atollic-eabi/lib/armv7e-m/fpu\libc.a(lib_a-strlen.o)
 .bss           0x00000000        0x0 c:/program files/atollic/truestudio for stm32 9.3.0/armtools/bin/../lib/gcc/arm-atollic-eabi/6.3.1/../../../../arm-atollic-eabi/lib/armv7e-m/fpu\libc.a(lib_a-strlen.o)
 .ARM.attributes
                0x00000000       0x1b c:/program files/atollic/truestudio for stm32 9.3.0/armtools/bin/../lib/gcc/arm-atollic-eabi/6.3.1/../../../../arm-atollic-eabi/lib/armv7e-m/fpu\libc.a(lib_a-strlen.o)
 .text          0x00000000        0x0 c:/program files/atollic/truestudio for stm32 9.3.0/armtools/bin/../lib/gcc/arm-atollic-eabi/6.3.1/../../../../arm-atollic-eabi/lib/armv7e-m/fpu\libc.a(lib_a-__atexit.o)
 .data          0x00000000        0x0 c:/program files/atollic/truestudio for stm32 9.3.0/armtools/bin/../lib/gcc/arm-atollic-eabi/6.3.1/../../../../arm-atollic-eabi/lib/armv7e-m/fpu\libc.a(lib_a-__atexit.o)
 .bss           0x00000000        0x0 c:/program files/atollic/truestudio for stm32 9.3.0/armtools/bin/../lib/gcc/arm-atollic-eabi/6.3.1/../../../../arm-atollic-eabi/lib/armv7e-m/fpu\libc.a(lib_a-__atexit.o)
 .text          0x00000000        0x0 c:/program files/atollic/truestudio for stm32 9.3.0/armtools/bin/../lib/gcc/arm-atollic-eabi/6.3.1/../../../../arm-atollic-eabi/lib/armv7e-m/fpu\libc.a(lib_a-__call_atexit.o)
 .data          0x00000000        0x0 c:/program files/atollic/truestudio for stm32 9.3.0/armtools/bin/../lib/gcc/arm-atollic-eabi/6.3.1/../../../../arm-atollic-eabi/lib/armv7e-m/fpu\libc.a(lib_a-__call_atexit.o)
 .bss           0x00000000        0x0 c:/program files/atollic/truestudio for stm32 9.3.0/armtools/bin/../lib/gcc/arm-atollic-eabi/6.3.1/../../../../arm-atollic-eabi/lib/armv7e-m/fpu\libc.a(lib_a-__call_atexit.o)
 .text.__call_exitprocs
                0x00000000       0xf4 c:/program files/atollic/truestudio for stm32 9.3.0/armtools/bin/../lib/gcc/arm-atollic-eabi/6.3.1/../../../../arm-atollic-eabi/lib/armv7e-m/fpu\libc.a(lib_a-__call_atexit.o)
 .text          0x00000000        0x0 c:/program files/atollic/truestudio for stm32 9.3.0/armtools/bin/../lib/gcc/arm-atollic-eabi/6.3.1/../../../../arm-atollic-eabi/lib/armv7e-m/fpu\libc.a(lib_a-freer.o)
 .data          0x00000000        0x0 c:/program files/atollic/truestudio for stm32 9.3.0/armtools/bin/../lib/gcc/arm-atollic-eabi/6.3.1/../../../../arm-atollic-eabi/lib/armv7e-m/fpu\libc.a(lib_a-freer.o)
 .bss           0x00000000        0x0 c:/program files/atollic/truestudio for stm32 9.3.0/armtools/bin/../lib/gcc/arm-atollic-eabi/6.3.1/../../../../arm-atollic-eabi/lib/armv7e-m/fpu\libc.a(lib_a-freer.o)
 .text          0x00000000        0x0 c:/program files/atollic/truestudio for stm32 9.3.0/armtools/bin/../lib/gcc/arm-atollic-eabi/6.3.1/../../../../arm-atollic-eabi/lib/armv7e-m/fpu\libc.a(lib_a-impure.o)
 .data          0x00000000        0x0 c:/program files/atollic/truestudio for stm32 9.3.0/armtools/bin/../lib/gcc/arm-atollic-eabi/6.3.1/../../../../arm-atollic-eabi/lib/armv7e-m/fpu\libc.a(lib_a-impure.o)
 .bss           0x00000000        0x0 c:/program files/atollic/truestudio for stm32 9.3.0/armtools/bin/../lib/gcc/arm-atollic-eabi/6.3.1/../../../../arm-atollic-eabi/lib/armv7e-m/fpu\libc.a(lib_a-impure.o)
 .text          0x00000000        0x0 c:/program files/atollic/truestudio for stm32 9.3.0/armtools/bin/../lib/gcc/arm-atollic-eabi/6.3.1/../../../../arm-atollic-eabi/lib/armv7e-m/fpu\libc.a(lib_a-lock.o)
 .data          0x00000000        0x0 c:/program files/atollic/truestudio for stm32 9.3.0/armtools/bin/../lib/gcc/arm-atollic-eabi/6.3.1/../../../../arm-atollic-eabi/lib/armv7e-m/fpu\libc.a(lib_a-lock.o)
 .bss           0x00000000        0x0 c:/program files/atollic/truestudio for stm32 9.3.0/armtools/bin/../lib/gcc/arm-atollic-eabi/6.3.1/../../../../arm-atollic-eabi/lib/armv7e-m/fpu\libc.a(lib_a-lock.o)
 .text.__retarget_lock_init
                0x00000000        0x2 c:/program files/atollic/truestudio for stm32 9.3.0/armtools/bin/../lib/gcc/arm-atollic-eabi/6.3.1/../../../../arm-atollic-eabi/lib/armv7e-m/fpu\libc.a(lib_a-lock.o)
 .text.__retarget_lock_init_recursive
                0x00000000        0x2 c:/program files/atollic/truestudio for stm32 9.3.0/armtools/bin/../lib/gcc/arm-atollic-eabi/6.3.1/../../../../arm-atollic-eabi/lib/armv7e-m/fpu\libc.a(lib_a-lock.o)
 .text.__retarget_lock_close
                0x00000000        0x2 c:/program files/atollic/truestudio for stm32 9.3.0/armtools/bin/../lib/gcc/arm-atollic-eabi/6.3.1/../../../../arm-atollic-eabi/lib/armv7e-m/fpu\libc.a(lib_a-lock.o)
 .text.__retarget_lock_close_recursive
                0x00000000        0x2 c:/program files/atollic/truestudio for stm32 9.3.0/armtools/bin/../lib/gcc/arm-atollic-eabi/6.3.1/../../../../arm-atollic-eabi/lib/armv7e-m/fpu\libc.a(lib_a-lock.o)
 .text.__retarget_lock_acquire
                0x00000000        0x2 c:/program files/atollic/truestudio for stm32 9.3.0/armtools/bin/../lib/gcc/arm-atollic-eabi/6.3.1/../../../../arm-atollic-eabi/lib/armv7e-m/fpu\libc.a(lib_a-lock.o)
 .text.__retarget_lock_try_acquire
                0x00000000        0x4 c:/program files/atollic/truestudio for stm32 9.3.0/armtools/bin/../lib/gcc/arm-atollic-eabi/6.3.1/../../../../arm-atollic-eabi/lib/armv7e-m/fpu\libc.a(lib_a-lock.o)
 .text.__retarget_lock_try_acquire_recursive
                0x00000000        0x4 c:/program files/atollic/truestudio for stm32 9.3.0/armtools/bin/../lib/gcc/arm-atollic-eabi/6.3.1/../../../../arm-atollic-eabi/lib/armv7e-m/fpu\libc.a(lib_a-lock.o)
 .text          0x00000000        0x0 c:/program files/atollic/truestudio for stm32 9.3.0/armtools/bin/../lib/gcc/arm-atollic-eabi/6.3.1/../../../../arm-atollic-eabi/lib/armv7e-m/fpu\libc.a(lib_a-reent.o)
 .data          0x00000000        0x0 c:/program files/atollic/truestudio for stm32 9.3.0/armtools/bin/../lib/gcc/arm-atollic-eabi/6.3.1/../../../../arm-atollic-eabi/lib/armv7e-m/fpu\libc.a(lib_a-reent.o)
 .bss           0x00000000        0x0 c:/program files/atollic/truestudio for stm32 9.3.0/armtools/bin/../lib/gcc/arm-atollic-eabi/6.3.1/../../../../arm-atollic-eabi/lib/armv7e-m/fpu\libc.a(lib_a-reent.o)
 .text.cleanup_glue
                0x00000000       0x1a c:/program files/atollic/truestudio for stm32 9.3.0/armtools/bin/../lib/gcc/arm-atollic-eabi/6.3.1/../../../../arm-atollic-eabi/lib/armv7e-m/fpu\libc.a(lib_a-reent.o)
 .text._reclaim_reent
                0x00000000       0xcc c:/program files/atollic/truestudio for stm32 9.3.0/armtools/bin/../lib/gcc/arm-atollic-eabi/6.3.1/../../../../arm-atollic-eabi/lib/armv7e-m/fpu\libc.a(lib_a-reent.o)
 .text          0x00000000        0x0 c:/program files/atollic/truestudio for stm32 9.3.0/armtools/bin/../lib/gcc/arm-atollic-eabi/6.3.1/../../../../arm-atollic-eabi/lib/armv7e-m/fpu\libnosys.a(sbrk.o)
 .data          0x00000000        0x0 c:/program files/atollic/truestudio for stm32 9.3.0/armtools/bin/../lib/gcc/arm-atollic-eabi/6.3.1/../../../../arm-atollic-eabi/lib/armv7e-m/fpu\libnosys.a(sbrk.o)
 .bss           0x00000000        0x0 c:/program files/atollic/truestudio for stm32 9.3.0/armtools/bin/../lib/gcc/arm-atollic-eabi/6.3.1/../../../../arm-atollic-eabi/lib/armv7e-m/fpu\libnosys.a(sbrk.o)
 .text          0x00000000        0x0 c:/program files/atollic/truestudio for stm32 9.3.0/armtools/bin/../lib/gcc/arm-atollic-eabi/6.3.1/../../../../arm-atollic-eabi/lib/armv7e-m/fpu\libnosys.a(write.o)
 .data          0x00000000        0x0 c:/program files/atollic/truestudio for stm32 9.3.0/armtools/bin/../lib/gcc/arm-atollic-eabi/6.3.1/../../../../arm-atollic-eabi/lib/armv7e-m/fpu\libnosys.a(write.o)
 .bss           0x00000000        0x0 c:/program files/atollic/truestudio for stm32 9.3.0/armtools/bin/../lib/gcc/arm-atollic-eabi/6.3.1/../../../../arm-atollic-eabi/lib/armv7e-m/fpu\libnosys.a(write.o)
 .stab          0x00000000       0x24 c:/program files/atollic/truestudio for stm32 9.3.0/armtools/bin/../lib/gcc/arm-atollic-eabi/6.3.1/../../../../arm-atollic-eabi/lib/armv7e-m/fpu\libnosys.a(write.o)
 .text._write   0x00000000       0x10 c:/program files/atollic/truestudio for stm32 9.3.0/armtools/bin/../lib/gcc/arm-atollic-eabi/6.3.1/../../../../arm-atollic-eabi/lib/armv7e-m/fpu\libnosys.a(write.o)
 .debug_frame   0x00000000       0x20 c:/program files/atollic/truestudio for stm32 9.3.0/armtools/bin/../lib/gcc/arm-atollic-eabi/6.3.1/../../../../arm-atollic-eabi/lib/armv7e-m/fpu\libnosys.a(write.o)
 .ARM.attributes
                0x00000000       0x34 c:/program files/atollic/truestudio for stm32 9.3.0/armtools/bin/../lib/gcc/arm-atollic-eabi/6.3.1/../../../../arm-atollic-eabi/lib/armv7e-m/fpu\libnosys.a(write.o)
 .text          0x00000000        0x0 c:/program files/atollic/truestudio for stm32 9.3.0/armtools/bin/../lib/gcc/arm-atollic-eabi/6.3.1/armv7e-m/fpu/crtend.o
 .data          0x00000000        0x0 c:/program files/atollic/truestudio for stm32 9.3.0/armtools/bin/../lib/gcc/arm-atollic-eabi/6.3.1/armv7e-m/fpu/crtend.o
 .bss           0x00000000        0x0 c:/program files/atollic/truestudio for stm32 9.3.0/armtools/bin/../lib/gcc/arm-atollic-eabi/6.3.1/armv7e-m/fpu/crtend.o
 .eh_frame      0x00000000        0x4 c:/program files/atollic/truestudio for stm32 9.3.0/armtools/bin/../lib/gcc/arm-atollic-eabi/6.3.1/armv7e-m/fpu/crtend.o
 .ARM.attributes
                0x00000000       0x34 c:/program files/atollic/truestudio for stm32 9.3.0/armtools/bin/../lib/gcc/arm-atollic-eabi/6.3.1/armv7e-m/fpu/crtend.o
 .text          0x00000000        0x0 c:/program files/atollic/truestudio for stm32 9.3.0/armtools/bin/../lib/gcc/arm-atollic-eabi/6.3.1/armv7e-m/fpu/crtn.o
 .data          0x00000000        0x0 c:/program files/atollic/truestudio for stm32 9.3.0/armtools/bin/../lib/gcc/arm-atollic-eabi/6.3.1/armv7e-m/fpu/crtn.o
 .bss           0x00000000        0x0 c:/program files/atollic/truestudio for stm32 9.3.0/armtools/bin/../lib/gcc/arm-atollic-eabi/6.3.1/armv7e-m/fpu/crtn.o

Memory Configuration

Name             Origin             Length             Attributes
FLASH            0x08000000         0x00060000         xr
RAM              0x20000000         0x00010000         xrw
MEMORY_B1        0x60000000         0x00000000         xr
CCMRAM           0x10000000         0x00002000         rw
*default*        0x00000000         0xffffffff

Linker script and memory map

LOAD c:/program files/atollic/truestudio for stm32 9.3.0/armtools/bin/../lib/gcc/arm-atollic-eabi/6.3.1/armv7e-m/fpu/crti.o
LOAD c:/program files/atollic/truestudio for stm32 9.3.0/armtools/bin/../lib/gcc/arm-atollic-eabi/6.3.1/armv7e-m/fpu/crtbegin.o
LOAD DOUT\DOUT.o
LOAD src\START.o
LOAD src\startup_stm32f303xe.o
LOAD src\system_stm32f3xx.o
LOAD src\tiny_printf.o
                0x00001000                malloc_getpagesize_P = 0x1000
START GROUP
LOAD c:/program files/atollic/truestudio for stm32 9.3.0/armtools/bin/../lib/gcc/arm-atollic-eabi/6.3.1/../../../../arm-atollic-eabi/lib/armv7e-m/fpu\libstdc++.a
LOAD c:/program files/atollic/truestudio for stm32 9.3.0/armtools/bin/../lib/gcc/arm-atollic-eabi/6.3.1/../../../../arm-atollic-eabi/lib/armv7e-m/fpu\libsupc++.a
END GROUP
LOAD c:/program files/atollic/truestudio for stm32 9.3.0/armtools/bin/../lib/gcc/arm-atollic-eabi/6.3.1/../../../../arm-atollic-eabi/lib/armv7e-m/fpu\libstdc++.a
LOAD c:/program files/atollic/truestudio for stm32 9.3.0/armtools/bin/../lib/gcc/arm-atollic-eabi/6.3.1/../../../../arm-atollic-eabi/lib/armv7e-m/fpu\libm.a
LOAD c:/program files/atollic/truestudio for stm32 9.3.0/armtools/bin/../lib/gcc/arm-atollic-eabi/6.3.1/../../../../arm-atollic-eabi/lib/armv7e-m/fpu\libc.a
START GROUP
LOAD c:/program files/atollic/truestudio for stm32 9.3.0/armtools/bin/../lib/gcc/arm-atollic-eabi/6.3.1/armv7e-m/fpu\libgcc.a
LOAD c:/program files/atollic/truestudio for stm32 9.3.0/armtools/bin/../lib/gcc/arm-atollic-eabi/6.3.1/../../../../arm-atollic-eabi/lib/armv7e-m/fpu\libc.a
END GROUP
START GROUP
LOAD c:/program files/atollic/truestudio for stm32 9.3.0/armtools/bin/../lib/gcc/arm-atollic-eabi/6.3.1/armv7e-m/fpu\libgcc.a
LOAD c:/program files/atollic/truestudio for stm32 9.3.0/armtools/bin/../lib/gcc/arm-atollic-eabi/6.3.1/../../../../arm-atollic-eabi/lib/armv7e-m/fpu\libc.a
LOAD c:/program files/atollic/truestudio for stm32 9.3.0/armtools/bin/../lib/gcc/arm-atollic-eabi/6.3.1/../../../../arm-atollic-eabi/lib/armv7e-m/fpu\libnosys.a
END GROUP
LOAD c:/program files/atollic/truestudio for stm32 9.3.0/armtools/bin/../lib/gcc/arm-atollic-eabi/6.3.1/armv7e-m/fpu/crtend.o
LOAD c:/program files/atollic/truestudio for stm32 9.3.0/armtools/bin/../lib/gcc/arm-atollic-eabi/6.3.1/armv7e-m/fpu/crtn.o
                0x20010000                _estack = 0x20010000
                0x00000000                _Min_Heap_Size = 0x0
                0x00000200                _Min_Stack_Size = 0x200

.isr_vector     0x08000000      0x194
                0x08000000                . = ALIGN (0x4)
 *(.isr_vector)
 .isr_vector    0x08000000      0x194 src\startup_stm32f303xe.o
                0x08000000                g_pfnVectors
                0x08000194                . = ALIGN (0x4)

.text           0x08000194      0xa78
                0x08000194                . = ALIGN (0x4)
 *(.text)
 .text          0x08000194       0x40 c:/program files/atollic/truestudio for stm32 9.3.0/armtools/bin/../lib/gcc/arm-atollic-eabi/6.3.1/armv7e-m/fpu/crtbegin.o
 *(.text*)
 .text._ZN4DOUTC2Ev
                0x080001d4       0x20 DOUT\DOUT.o
                0x080001d4                DOUT::DOUT()
                0x080001d4                DOUT::DOUT()
 .text._ZN4DOUTD2Ev
                0x080001f4       0x20 DOUT\DOUT.o
                0x080001f4                DOUT::~DOUT()
                0x080001f4                DOUT::~DOUT()
 .text._ZN4DOUTD0Ev
                0x08000214       0x1e DOUT\DOUT.o
                0x08000214                DOUT::~DOUT()
 *fill*         0x08000232        0x2 
 .text._ZN5STARTC2Ev
                0x08000234       0x20 src\START.o
                0x08000234                START::START()
                0x08000234                START::START()
 .text._ZN5STARTD2Ev
                0x08000254       0x20 src\START.o
                0x08000254                START::~START()
                0x08000254                START::~START()
 .text._ZN5STARTD0Ev
                0x08000274       0x1e src\START.o
                0x08000274                START::~START()
 .text.main     0x08000292        0x6 src\START.o
                0x08000292                main
 .text._Z41__static_initialization_and_destruction_0ii
                0x08000298       0x58 src\START.o
 .text._GLOBAL__sub_I_dout
                0x080002f0       0x10 src\START.o
 .text.Reset_Handler
                0x08000300       0x50 src\startup_stm32f303xe.o
                0x08000300                Reset_Handler
 .text.Default_Handler
                0x08000350        0x2 src\startup_stm32f303xe.o
                0x08000350                RTC_Alarm_IRQHandler
                0x08000350                TIM8_TRG_COM_IRQHandler
                0x08000350                TIM8_CC_IRQHandler
                0x08000350                DebugMon_Handler
                0x08000350                SPI4_IRQHandler
                0x08000350                TIM1_CC_IRQHandler
                0x08000350                HardFault_Handler
                0x08000350                USB_HP_IRQHandler
                0x08000350                SysTick_Handler
                0x08000350                PVD_IRQHandler
                0x08000350                TAMP_STAMP_IRQHandler
                0x08000350                PendSV_Handler
                0x08000350                NMI_Handler
                0x08000350                EXTI3_IRQHandler
                0x08000350                I2C3_ER_IRQHandler
                0x08000350                USB_HP_CAN_TX_IRQHandler
                0x08000350                EXTI0_IRQHandler
                0x08000350                I2C2_EV_IRQHandler
                0x08000350                FPU_IRQHandler
                0x08000350                TIM1_UP_TIM16_IRQHandler
                0x08000350                UsageFault_Handler
                0x08000350                ADC1_2_IRQHandler
                0x08000350                SPI1_IRQHandler
                0x08000350                CAN_SCE_IRQHandler
                0x08000350                TIM6_DAC_IRQHandler
                0x08000350                TIM8_UP_IRQHandler
                0x08000350                DMA2_Channel2_IRQHandler
                0x08000350                DMA1_Channel4_IRQHandler
                0x08000350                TIM20_TRG_COM_IRQHandler
                0x08000350                USART3_IRQHandler
                0x08000350                DMA1_Channel7_IRQHandler
                0x08000350                UART5_IRQHandler
                0x08000350                ADC3_IRQHandler
                0x08000350                TIM4_IRQHandler
                0x08000350                CAN_RX1_IRQHandler
                0x08000350                DMA2_Channel1_IRQHandler
                0x08000350                I2C1_EV_IRQHandler
                0x08000350                DMA1_Channel6_IRQHandler
                0x08000350                UART4_IRQHandler
                0x08000350                DMA2_Channel4_IRQHandler
                0x08000350                TIM3_IRQHandler
                0x08000350                RCC_IRQHandler
                0x08000350                TIM20_UP_IRQHandler
                0x08000350                DMA1_Channel1_IRQHandler
                0x08000350                Default_Handler
                0x08000350                USBWakeUp_RMP_IRQHandler
                0x08000350                EXTI15_10_IRQHandler
                0x08000350                TIM7_IRQHandler
                0x08000350                I2C3_EV_IRQHandler
                0x08000350                EXTI9_5_IRQHandler
                0x08000350                RTC_WKUP_IRQHandler
                0x08000350                SPI2_IRQHandler
                0x08000350                USB_LP_CAN_RX0_IRQHandler
                0x08000350                MemManage_Handler
                0x08000350                SVC_Handler
                0x08000350                DMA2_Channel5_IRQHandler
                0x08000350                DMA1_Channel5_IRQHandler
                0x08000350                USB_LP_IRQHandler
                0x08000350                EXTI4_IRQHandler
                0x08000350                TIM1_TRG_COM_TIM17_IRQHandler
                0x08000350                DMA1_Channel3_IRQHandler
                0x08000350                ADC4_IRQHandler
                0x08000350                WWDG_IRQHandler
                0x08000350                TIM2_IRQHandler
                0x08000350                COMP7_IRQHandler
                0x08000350                COMP1_2_3_IRQHandler
                0x08000350                EXTI1_IRQHandler
                0x08000350                USART2_IRQHandler
                0x08000350                COMP4_5_6_IRQHandler
                0x08000350                TIM20_BRK_IRQHandler
                0x08000350                I2C2_ER_IRQHandler
                0x08000350                DMA1_Channel2_IRQHandler
                0x08000350                TIM8_BRK_IRQHandler
                0x08000350                FLASH_IRQHandler
                0x08000350                TIM20_CC_IRQHandler
                0x08000350                BusFault_Handler
                0x08000350                USART1_IRQHandler
                0x08000350                SPI3_IRQHandler
                0x08000350                I2C1_ER_IRQHandler
                0x08000350                FMC_IRQHandler
                0x08000350                USBWakeUp_IRQHandler
                0x08000350                DMA2_Channel3_IRQHandler
                0x08000350                EXTI2_TSC_IRQHandler
                0x08000350                TIM1_BRK_TIM15_IRQHandler
 *fill*         0x08000352        0x2 
 .text.SystemInit
                0x08000354       0x94 src\system_stm32f3xx.o
                0x08000354                SystemInit
 .text._ZdlPv   0x080003e8        0x4 c:/program files/atollic/truestudio for stm32 9.3.0/armtools/bin/../lib/gcc/arm-atollic-eabi/6.3.1/../../../../arm-atollic-eabi/lib/armv7e-m/fpu\libstdc++.a(del_op.o)
                0x080003e8                operator delete(void*)
 .text.__aeabi_atexit
                0x080003ec        0xc c:/program files/atollic/truestudio for stm32 9.3.0/armtools/bin/../lib/gcc/arm-atollic-eabi/6.3.1/../../../../arm-atollic-eabi/lib/armv7e-m/fpu\libstdc++.a(atexit_arm.o)
                0x080003ec                __aeabi_atexit
 .text.__cxa_atexit
                0x080003f8        0xc c:/program files/atollic/truestudio for stm32 9.3.0/armtools/bin/../lib/gcc/arm-atollic-eabi/6.3.1/../../../../arm-atollic-eabi/lib/armv7e-m/fpu\libc.a(lib_a-cxa_atexit.o)
                0x080003f8                __cxa_atexit
 .text.__libc_init_array
                0x08000404       0x48 c:/program files/atollic/truestudio for stm32 9.3.0/armtools/bin/../lib/gcc/arm-atollic-eabi/6.3.1/../../../../arm-atollic-eabi/lib/armv7e-m/fpu\libc.a(lib_a-init.o)
                0x08000404                __libc_init_array
 .text.malloc   0x0800044c       0x10 c:/program files/atollic/truestudio for stm32 9.3.0/armtools/bin/../lib/gcc/arm-atollic-eabi/6.3.1/../../../../arm-atollic-eabi/lib/armv7e-m/fpu\libc.a(lib_a-malloc.o)
                0x0800044c                malloc
 .text.free     0x0800045c       0x10 c:/program files/atollic/truestudio for stm32 9.3.0/armtools/bin/../lib/gcc/arm-atollic-eabi/6.3.1/../../../../arm-atollic-eabi/lib/armv7e-m/fpu\libc.a(lib_a-malloc.o)
                0x0800045c                free
 .text._malloc_r
                0x0800046c      0x41c c:/program files/atollic/truestudio for stm32 9.3.0/armtools/bin/../lib/gcc/arm-atollic-eabi/6.3.1/../../../../arm-atollic-eabi/lib/armv7e-m/fpu\libc.a(lib_a-mallocr.o)
                0x0800046c                _malloc_r
 .text.__malloc_lock
                0x08000888        0xc c:/program files/atollic/truestudio for stm32 9.3.0/armtools/bin/../lib/gcc/arm-atollic-eabi/6.3.1/../../../../arm-atollic-eabi/lib/armv7e-m/fpu\libc.a(lib_a-mlock.o)
                0x08000888                __malloc_lock
 .text.__malloc_unlock
                0x08000894        0xc c:/program files/atollic/truestudio for stm32 9.3.0/armtools/bin/../lib/gcc/arm-atollic-eabi/6.3.1/../../../../arm-atollic-eabi/lib/armv7e-m/fpu\libc.a(lib_a-mlock.o)
                0x08000894                __malloc_unlock
 .text._sbrk_r  0x080008a0       0x20 c:/program files/atollic/truestudio for stm32 9.3.0/armtools/bin/../lib/gcc/arm-atollic-eabi/6.3.1/../../../../arm-atollic-eabi/lib/armv7e-m/fpu\libc.a(lib_a-sbrkr.o)
                0x080008a0                _sbrk_r
 .text.__register_exitproc
                0x080008c0       0xec c:/program files/atollic/truestudio for stm32 9.3.0/armtools/bin/../lib/gcc/arm-atollic-eabi/6.3.1/../../../../arm-atollic-eabi/lib/armv7e-m/fpu\libc.a(lib_a-__atexit.o)
                0x080008c0                __register_exitproc
 .text._malloc_trim_r
                0x080009ac       0xac c:/program files/atollic/truestudio for stm32 9.3.0/armtools/bin/../lib/gcc/arm-atollic-eabi/6.3.1/../../../../arm-atollic-eabi/lib/armv7e-m/fpu\libc.a(lib_a-freer.o)
                0x080009ac                _malloc_trim_r
 .text._free_r  0x08000a58      0x178 c:/program files/atollic/truestudio for stm32 9.3.0/armtools/bin/../lib/gcc/arm-atollic-eabi/6.3.1/../../../../arm-atollic-eabi/lib/armv7e-m/fpu\libc.a(lib_a-freer.o)
                0x08000a58                _free_r
 .text.__retarget_lock_acquire_recursive
                0x08000bd0        0x2 c:/program files/atollic/truestudio for stm32 9.3.0/armtools/bin/../lib/gcc/arm-atollic-eabi/6.3.1/../../../../arm-atollic-eabi/lib/armv7e-m/fpu\libc.a(lib_a-lock.o)
                0x08000bd0                __retarget_lock_acquire_recursive
 .text.__retarget_lock_release
                0x08000bd2        0x2 c:/program files/atollic/truestudio for stm32 9.3.0/armtools/bin/../lib/gcc/arm-atollic-eabi/6.3.1/../../../../arm-atollic-eabi/lib/armv7e-m/fpu\libc.a(lib_a-lock.o)
                0x08000bd2                __retarget_lock_release
 .text.__retarget_lock_release_recursive
                0x08000bd4        0x2 c:/program files/atollic/truestudio for stm32 9.3.0/armtools/bin/../lib/gcc/arm-atollic-eabi/6.3.1/../../../../arm-atollic-eabi/lib/armv7e-m/fpu\libc.a(lib_a-lock.o)
                0x08000bd4                __retarget_lock_release_recursive
 *fill*         0x08000bd6        0x2 
 .text._sbrk    0x08000bd8       0x1c c:/program files/atollic/truestudio for stm32 9.3.0/armtools/bin/../lib/gcc/arm-atollic-eabi/6.3.1/../../../../arm-atollic-eabi/lib/armv7e-m/fpu\libnosys.a(sbrk.o)
                0x08000bd8                _sbrk
 *(.glue_7)
 .glue_7        0x08000bf4        0x0 linker stubs
 *(.glue_7t)
 .glue_7t       0x08000bf4        0x0 linker stubs
 *(.eh_frame)
 .eh_frame      0x08000bf4        0x0 c:/program files/atollic/truestudio for stm32 9.3.0/armtools/bin/../lib/gcc/arm-atollic-eabi/6.3.1/armv7e-m/fpu/crtbegin.o
 *(.init)
 .init          0x08000bf4        0x4 c:/program files/atollic/truestudio for stm32 9.3.0/armtools/bin/../lib/gcc/arm-atollic-eabi/6.3.1/armv7e-m/fpu/crti.o
                0x08000bf4                _init
 .init          0x08000bf8        0x8 c:/program files/atollic/truestudio for stm32 9.3.0/armtools/bin/../lib/gcc/arm-atollic-eabi/6.3.1/armv7e-m/fpu/crtn.o
 *(.fini)
 .fini          0x08000c00        0x4 c:/program files/atollic/truestudio for stm32 9.3.0/armtools/bin/../lib/gcc/arm-atollic-eabi/6.3.1/armv7e-m/fpu/crti.o
                0x08000c00                _fini
 .fini          0x08000c04        0x8 c:/program files/atollic/truestudio for stm32 9.3.0/armtools/bin/../lib/gcc/arm-atollic-eabi/6.3.1/armv7e-m/fpu/crtn.o
                0x08000c0c                . = ALIGN (0x4)
                0x08000c0c                _etext = .

.vfp11_veneer   0x08000c0c        0x0
 .vfp11_veneer  0x08000c0c        0x0 linker stubs

.v4_bx          0x08000c0c        0x0
 .v4_bx         0x08000c0c        0x0 linker stubs

.iplt           0x08000c0c        0x0
 .iplt          0x08000c0c        0x0 c:/program files/atollic/truestudio for stm32 9.3.0/armtools/bin/../lib/gcc/arm-atollic-eabi/6.3.1/armv7e-m/fpu/crtbegin.o

.rodata         0x08000c0c       0x28
                0x08000c0c                . = ALIGN (0x4)
 *(.rodata)
 *(.rodata*)
 .rodata._ZTV4DOUT
                0x08000c0c       0x10 DOUT\DOUT.o
                0x08000c0c                vtable for DOUT
 .rodata._ZTV5START
                0x08000c1c       0x10 src\START.o
                0x08000c1c                vtable for START
 .rodata.__on_exit_args
                0x08000c2c        0x4 c:/program files/atollic/truestudio for stm32 9.3.0/armtools/bin/../lib/gcc/arm-atollic-eabi/6.3.1/../../../../arm-atollic-eabi/lib/armv7e-m/fpu\libc.a(lib_a-on_exit_args.o)
                0x08000c2c                __on_exit_args
 .rodata._global_impure_ptr
                0x08000c30        0x4 c:/program files/atollic/truestudio for stm32 9.3.0/armtools/bin/../lib/gcc/arm-atollic-eabi/6.3.1/../../../../arm-atollic-eabi/lib/armv7e-m/fpu\libc.a(lib_a-impure.o)
                0x08000c30                _global_impure_ptr
                0x08000c34                . = ALIGN (0x4)

.ARM.extab
 *(.ARM.extab* .gnu.linkonce.armextab.*)

.ARM            0x08000c34        0x8
                0x08000c34                __exidx_start = .
 *(.ARM.exidx*)
 .ARM.exidx.text._ZdlPv
                0x08000c34        0x8 c:/program files/atollic/truestudio for stm32 9.3.0/armtools/bin/../lib/gcc/arm-atollic-eabi/6.3.1/../../../../arm-atollic-eabi/lib/armv7e-m/fpu\libstdc++.a(del_op.o)
 .ARM.exidx.text.__aeabi_atexit
                0x08000c3c        0x0 c:/program files/atollic/truestudio for stm32 9.3.0/armtools/bin/../lib/gcc/arm-atollic-eabi/6.3.1/../../../../arm-atollic-eabi/lib/armv7e-m/fpu\libstdc++.a(atexit_arm.o)
                                  0x8 (size before relaxing)
                0x08000c3c                __exidx_end = .

.rel.dyn        0x08000c3c        0x0
 .rel.iplt      0x08000c3c        0x0 c:/program files/atollic/truestudio for stm32 9.3.0/armtools/bin/../lib/gcc/arm-atollic-eabi/6.3.1/armv7e-m/fpu/crtbegin.o

.preinit_array  0x08000c3c        0x0
                0x08000c3c                PROVIDE (__preinit_array_start, .)
 *(.preinit_array*)
                0x08000c3c                PROVIDE (__preinit_array_end, .)

.init_array     0x08000c3c        0x8
                0x08000c3c                PROVIDE (__init_array_start, .)
 *(SORT(.init_array.*))
 *(.init_array*)
 .init_array    0x08000c3c        0x4 c:/program files/atollic/truestudio for stm32 9.3.0/armtools/bin/../lib/gcc/arm-atollic-eabi/6.3.1/armv7e-m/fpu/crtbegin.o
 .init_array    0x08000c40        0x4 src\START.o
                0x08000c44                PROVIDE (__init_array_end, .)

.fini_array     0x08000c44        0x4
                [!provide]                PROVIDE (__fini_array_start, .)
 *(SORT(.fini_array.*))
 *(.fini_array*)
 .fini_array    0x08000c44        0x4 c:/program files/atollic/truestudio for stm32 9.3.0/armtools/bin/../lib/gcc/arm-atollic-eabi/6.3.1/armv7e-m/fpu/crtbegin.o
                [!provide]                PROVIDE (__fini_array_end, .)
                0x08000c48                _sidata = LOADADDR (.data)

.data           0x20000000      0x50c load address 0x08000c48
                0x20000000                . = ALIGN (0x4)
                0x20000000                _sdata = .
 *(.data)
 .data          0x20000000        0x4 c:/program files/atollic/truestudio for stm32 9.3.0/armtools/bin/../lib/gcc/arm-atollic-eabi/6.3.1/armv7e-m/fpu/crtbegin.o
                0x20000000                __dso_handle
 *(.data*)
 .data.__malloc_av_
                0x20000004      0x408 c:/program files/atollic/truestudio for stm32 9.3.0/armtools/bin/../lib/gcc/arm-atollic-eabi/6.3.1/../../../../arm-atollic-eabi/lib/armv7e-m/fpu\libc.a(lib_a-mallocr.o)
                0x20000004                __malloc_av_
 .data.__malloc_sbrk_base
                0x2000040c        0x4 c:/program files/atollic/truestudio for stm32 9.3.0/armtools/bin/../lib/gcc/arm-atollic-eabi/6.3.1/../../../../arm-atollic-eabi/lib/armv7e-m/fpu\libc.a(lib_a-mallocr.o)
                0x2000040c                __malloc_sbrk_base
 .data.__malloc_trim_threshold
                0x20000410        0x4 c:/program files/atollic/truestudio for stm32 9.3.0/armtools/bin/../lib/gcc/arm-atollic-eabi/6.3.1/../../../../arm-atollic-eabi/lib/armv7e-m/fpu\libc.a(lib_a-mallocr.o)
                0x20000410                __malloc_trim_threshold
 .data.__atexit_recursive_mutex
                0x20000414        0x4 c:/program files/atollic/truestudio for stm32 9.3.0/armtools/bin/../lib/gcc/arm-atollic-eabi/6.3.1/../../../../arm-atollic-eabi/lib/armv7e-m/fpu\libc.a(lib_a-__call_atexit.o)
                0x20000414                __atexit_recursive_mutex
 .data._impure_ptr
                0x20000418        0x4 c:/program files/atollic/truestudio for stm32 9.3.0/armtools/bin/../lib/gcc/arm-atollic-eabi/6.3.1/../../../../arm-atollic-eabi/lib/armv7e-m/fpu\libc.a(lib_a-impure.o)
                0x20000418                _impure_ptr
 .data.impure_data
                0x2000041c       0xf0 c:/program files/atollic/truestudio for stm32 9.3.0/armtools/bin/../lib/gcc/arm-atollic-eabi/6.3.1/../../../../arm-atollic-eabi/lib/armv7e-m/fpu\libc.a(lib_a-impure.o)
                0x2000050c                . = ALIGN (0x4)
                0x2000050c                _edata = .
                0x08001154                _siccmram = LOADADDR (.ccmram)

.igot.plt       0x2000050c        0x0 load address 0x08001154
 .igot.plt      0x2000050c        0x0 c:/program files/atollic/truestudio for stm32 9.3.0/armtools/bin/../lib/gcc/arm-atollic-eabi/6.3.1/armv7e-m/fpu/crtbegin.o

.ccmram         0x10000000        0x0 load address 0x08001154
                0x10000000                . = ALIGN (0x4)
                0x10000000                _sccmram = .
 *(.ccmram)
 *(.ccmram*)
                0x10000000                . = ALIGN (0x4)
                0x10000000                _eccmram = .
                0x10000000                . = ALIGN (0x4)

.bss            0x2000050c      0x174
                0x2000050c                _sbss = .
                0x2000050c                __bss_start__ = _sbss
 *(.bss)
 .bss           0x2000050c       0x1c c:/program files/atollic/truestudio for stm32 9.3.0/armtools/bin/../lib/gcc/arm-atollic-eabi/6.3.1/armv7e-m/fpu/crtbegin.o
 *(.bss*)
 .bss.dout      0x20000528        0x4 src\START.o
                0x20000528                dout
 .bss.star      0x2000052c        0x4 src\START.o
                0x2000052c                star
 .bss.__malloc_current_mallinfo
                0x20000530       0x28 c:/program files/atollic/truestudio for stm32 9.3.0/armtools/bin/../lib/gcc/arm-atollic-eabi/6.3.1/../../../../arm-atollic-eabi/lib/armv7e-m/fpu\libc.a(lib_a-mallocr.o)
                0x20000530                __malloc_current_mallinfo
 .bss.__malloc_max_sbrked_mem
                0x20000558        0x4 c:/program files/atollic/truestudio for stm32 9.3.0/armtools/bin/../lib/gcc/arm-atollic-eabi/6.3.1/../../../../arm-atollic-eabi/lib/armv7e-m/fpu\libc.a(lib_a-mallocr.o)
                0x20000558                __malloc_max_sbrked_mem
 .bss.__malloc_max_total_mem
                0x2000055c        0x4 c:/program files/atollic/truestudio for stm32 9.3.0/armtools/bin/../lib/gcc/arm-atollic-eabi/6.3.1/../../../../arm-atollic-eabi/lib/armv7e-m/fpu\libc.a(lib_a-mallocr.o)
                0x2000055c                __malloc_max_total_mem
 .bss.__malloc_top_pad
                0x20000560        0x4 c:/program files/atollic/truestudio for stm32 9.3.0/armtools/bin/../lib/gcc/arm-atollic-eabi/6.3.1/../../../../arm-atollic-eabi/lib/armv7e-m/fpu\libc.a(lib_a-mallocr.o)
                0x20000560                __malloc_top_pad
 .bss._on_exit_args_instance
                0x20000564      0x108 c:/program files/atollic/truestudio for stm32 9.3.0/armtools/bin/../lib/gcc/arm-atollic-eabi/6.3.1/../../../../arm-atollic-eabi/lib/armv7e-m/fpu\libc.a(lib_a-on_exit_args.o)
 .bss.heap_end.5239
                0x2000066c        0x4 c:/program files/atollic/truestudio for stm32 9.3.0/armtools/bin/../lib/gcc/arm-atollic-eabi/6.3.1/../../../../arm-atollic-eabi/lib/armv7e-m/fpu\libnosys.a(sbrk.o)
 *(COMMON)
 COMMON         0x20000670        0x9 c:/program files/atollic/truestudio for stm32 9.3.0/armtools/bin/../lib/gcc/arm-atollic-eabi/6.3.1/../../../../arm-atollic-eabi/lib/armv7e-m/fpu\libc.a(lib_a-lock.o)
                0x20000670                __lock___atexit_recursive_mutex
                0x20000671                __lock___arc4random_mutex
                0x20000672                __lock___env_recursive_mutex
                0x20000673                __lock___sinit_recursive_mutex
                0x20000674                __lock___malloc_recursive_mutex
                0x20000675                __lock___at_quick_exit_mutex
                0x20000676                __lock___dd_hash_mutex
                0x20000677                __lock___tz_mutex
                0x20000678                __lock___sfp_recursive_mutex
 *fill*         0x20000679        0x3 
 COMMON         0x2000067c        0x4 c:/program files/atollic/truestudio for stm32 9.3.0/armtools/bin/../lib/gcc/arm-atollic-eabi/6.3.1/../../../../arm-atollic-eabi/lib/armv7e-m/fpu\libc.a(lib_a-reent.o)
                0x2000067c                errno
                0x20000680                . = ALIGN (0x4)
                0x20000680                _ebss = .
                0x20000680                __bss_end__ = _ebss

._user_heap_stack
                0x20000680      0x200
                0x20000680                . = ALIGN (0x4)
                0x20000680                PROVIDE (end, .)
                [!provide]                PROVIDE (_end, .)
                0x20000680                . = (. + _Min_Heap_Size)
                0x20000880                . = (. + _Min_Stack_Size)
 *fill*         0x20000680      0x200 
                0x20000880                . = ALIGN (0x4)

.memory_b1_text
 *(.mb1text)
 *(.mb1text*)
 *(.mb1rodata)
 *(.mb1rodata*)

/DISCARD/
 libc.a(*)
 libm.a(*)
 libgcc.a(*)

.ARM.attributes
                0x00000000       0x30
 *(.ARM.attributes)
 .ARM.attributes
                0x00000000       0x22 c:/program files/atollic/truestudio for stm32 9.3.0/armtools/bin/../lib/gcc/arm-atollic-eabi/6.3.1/armv7e-m/fpu/crti.o
 .ARM.attributes
                0x00000022       0x34 c:/program files/atollic/truestudio for stm32 9.3.0/armtools/bin/../lib/gcc/arm-atollic-eabi/6.3.1/armv7e-m/fpu/crtbegin.o
 .ARM.attributes
                0x00000056       0x39 DOUT\DOUT.o
 .ARM.attributes
                0x0000008f       0x39 src\START.o
 .ARM.attributes
                0x000000c8       0x21 src\startup_stm32f303xe.o
 .ARM.attributes
                0x000000e9       0x39 src\system_stm32f3xx.o
 .ARM.attributes
                0x00000122       0x34 c:/program files/atollic/truestudio for stm32 9.3.0/armtools/bin/../lib/gcc/arm-atollic-eabi/6.3.1/../../../../arm-atollic-eabi/lib/armv7e-m/fpu\libstdc++.a(del_op.o)
 .ARM.attributes
                0x00000156       0x34 c:/program files/atollic/truestudio for stm32 9.3.0/armtools/bin/../lib/gcc/arm-atollic-eabi/6.3.1/../../../../arm-atollic-eabi/lib/armv7e-m/fpu\libstdc++.a(atexit_arm.o)
 .ARM.attributes
                0x0000018a       0x34 c:/program files/atollic/truestudio for stm32 9.3.0/armtools/bin/../lib/gcc/arm-atollic-eabi/6.3.1/../../../../arm-atollic-eabi/lib/armv7e-m/fpu\libc.a(lib_a-cxa_atexit.o)
 .ARM.attributes
                0x000001be       0x34 c:/program files/atollic/truestudio for stm32 9.3.0/armtools/bin/../lib/gcc/arm-atollic-eabi/6.3.1/../../../../arm-atollic-eabi/lib/armv7e-m/fpu\libc.a(lib_a-init.o)
 .ARM.attributes
                0x000001f2       0x34 c:/program files/atollic/truestudio for stm32 9.3.0/armtools/bin/../lib/gcc/arm-atollic-eabi/6.3.1/../../../../arm-atollic-eabi/lib/armv7e-m/fpu\libc.a(lib_a-malloc.o)
 .ARM.attributes
                0x00000226       0x34 c:/program files/atollic/truestudio for stm32 9.3.0/armtools/bin/../lib/gcc/arm-atollic-eabi/6.3.1/../../../../arm-atollic-eabi/lib/armv7e-m/fpu\libc.a(lib_a-mallocr.o)
 .ARM.attributes
                0x0000025a       0x34 c:/program files/atollic/truestudio for stm32 9.3.0/armtools/bin/../lib/gcc/arm-atollic-eabi/6.3.1/../../../../arm-atollic-eabi/lib/armv7e-m/fpu\libc.a(lib_a-mlock.o)
 .ARM.attributes
                0x0000028e       0x34 c:/program files/atollic/truestudio for stm32 9.3.0/armtools/bin/../lib/gcc/arm-atollic-eabi/6.3.1/../../../../arm-atollic-eabi/lib/armv7e-m/fpu\libc.a(lib_a-on_exit_args.o)
 .ARM.attributes
                0x000002c2       0x34 c:/program files/atollic/truestudio for stm32 9.3.0/armtools/bin/../lib/gcc/arm-atollic-eabi/6.3.1/../../../../arm-atollic-eabi/lib/armv7e-m/fpu\libc.a(lib_a-sbrkr.o)
 .ARM.attributes
                0x000002f6       0x34 c:/program files/atollic/truestudio for stm32 9.3.0/armtools/bin/../lib/gcc/arm-atollic-eabi/6.3.1/../../../../arm-atollic-eabi/lib/armv7e-m/fpu\libc.a(lib_a-__atexit.o)
 .ARM.attributes
                0x0000032a       0x34 c:/program files/atollic/truestudio for stm32 9.3.0/armtools/bin/../lib/gcc/arm-atollic-eabi/6.3.1/../../../../arm-atollic-eabi/lib/armv7e-m/fpu\libc.a(lib_a-__call_atexit.o)
 .ARM.attributes
                0x0000035e       0x34 c:/program files/atollic/truestudio for stm32 9.3.0/armtools/bin/../lib/gcc/arm-atollic-eabi/6.3.1/../../../../arm-atollic-eabi/lib/armv7e-m/fpu\libc.a(lib_a-freer.o)
 .ARM.attributes
                0x00000392       0x34 c:/program files/atollic/truestudio for stm32 9.3.0/armtools/bin/../lib/gcc/arm-atollic-eabi/6.3.1/../../../../arm-atollic-eabi/lib/armv7e-m/fpu\libc.a(lib_a-impure.o)
 .ARM.attributes
                0x000003c6       0x34 c:/program files/atollic/truestudio for stm32 9.3.0/armtools/bin/../lib/gcc/arm-atollic-eabi/6.3.1/../../../../arm-atollic-eabi/lib/armv7e-m/fpu\libc.a(lib_a-lock.o)
 .ARM.attributes
                0x000003fa       0x34 c:/program files/atollic/truestudio for stm32 9.3.0/armtools/bin/../lib/gcc/arm-atollic-eabi/6.3.1/../../../../arm-atollic-eabi/lib/armv7e-m/fpu\libc.a(lib_a-reent.o)
 .ARM.attributes
                0x0000042e       0x34 c:/program files/atollic/truestudio for stm32 9.3.0/armtools/bin/../lib/gcc/arm-atollic-eabi/6.3.1/../../../../arm-atollic-eabi/lib/armv7e-m/fpu\libnosys.a(sbrk.o)
 .ARM.attributes
                0x00000462       0x22 c:/program files/atollic/truestudio for stm32 9.3.0/armtools/bin/../lib/gcc/arm-atollic-eabi/6.3.1/armv7e-m/fpu/crtn.o
OUTPUT(fw1.elf elf32-littlearm)

.debug_info     0x00000000      0x932
 .debug_info    0x00000000      0x1d2 DOUT\DOUT.o
 .debug_info    0x000001d2      0x31b src\START.o
 .debug_info    0x000004ed       0x71 src\startup_stm32f303xe.o
 .debug_info    0x0000055e      0x3d4 src\system_stm32f3xx.o

.debug_abbrev   0x00000000      0x4b7
 .debug_abbrev  0x00000000      0x172 DOUT\DOUT.o
 .debug_abbrev  0x00000172      0x214 src\START.o
 .debug_abbrev  0x00000386       0x12 src\startup_stm32f303xe.o
 .debug_abbrev  0x00000398      0x11f src\system_stm32f3xx.o

.debug_aranges  0x00000000       0xd0
 .debug_aranges
                0x00000000       0x38 DOUT\DOUT.o
 .debug_aranges
                0x00000038       0x48 src\START.o
 .debug_aranges
                0x00000080       0x28 src\startup_stm32f303xe.o
 .debug_aranges
                0x000000a8       0x28 src\system_stm32f3xx.o

.debug_ranges   0x00000000       0x98
 .debug_ranges  0x00000000       0x28 DOUT\DOUT.o
 .debug_ranges  0x00000028       0x38 src\START.o
 .debug_ranges  0x00000060       0x20 src\startup_stm32f303xe.o
 .debug_ranges  0x00000080       0x18 src\system_stm32f3xx.o

.debug_line     0x00000000      0x4ce
 .debug_line    0x00000000       0x7d DOUT\DOUT.o
 .debug_line    0x0000007d      0x202 src\START.o
 .debug_line    0x0000027f       0x7b src\startup_stm32f303xe.o
 .debug_line    0x000002fa      0x1d4 src\system_stm32f3xx.o

.debug_str      0x00000000      0x584
 .debug_str     0x00000000      0x1d4 DOUT\DOUT.o
                                0x1d9 (size before relaxing)
 .debug_str     0x000001d4      0x1c5 src\START.o
                                0x38d (size before relaxing)
 .debug_str     0x00000399      0x1eb src\system_stm32f3xx.o
                                0x2f2 (size before relaxing)

.comment        0x00000000       0x7c
 .comment       0x00000000       0x7c DOUT\DOUT.o
                                 0x7d (size before relaxing)
 .comment       0x0000007c       0x7d src\START.o
 .comment       0x0000007c       0x7d src\system_stm32f3xx.o

.debug_frame    0x00000000      0x544
 .debug_frame   0x00000000       0xac DOUT\DOUT.o
 .debug_frame   0x000000ac       0xdc src\START.o
 .debug_frame   0x00000188       0x58 src\system_stm32f3xx.o
 .debug_frame   0x000001e0       0x20 c:/program files/atollic/truestudio for stm32 9.3.0/armtools/bin/../lib/gcc/arm-atollic-eabi/6.3.1/../../../../arm-atollic-eabi/lib/armv7e-m/fpu\libstdc++.a(del_op.o)
 .debug_frame   0x00000200       0x20 c:/program files/atollic/truestudio for stm32 9.3.0/armtools/bin/../lib/gcc/arm-atollic-eabi/6.3.1/../../../../arm-atollic-eabi/lib/armv7e-m/fpu\libstdc++.a(atexit_arm.o)
 .debug_frame   0x00000220       0x20 c:/program files/atollic/truestudio for stm32 9.3.0/armtools/bin/../lib/gcc/arm-atollic-eabi/6.3.1/../../../../arm-atollic-eabi/lib/armv7e-m/fpu\libc.a(lib_a-cxa_atexit.o)
 .debug_frame   0x00000240       0x2c c:/program files/atollic/truestudio for stm32 9.3.0/armtools/bin/../lib/gcc/arm-atollic-eabi/6.3.1/../../../../arm-atollic-eabi/lib/armv7e-m/fpu\libc.a(lib_a-init.o)
 .debug_frame   0x0000026c       0x30 c:/program files/atollic/truestudio for stm32 9.3.0/armtools/bin/../lib/gcc/arm-atollic-eabi/6.3.1/../../../../arm-atollic-eabi/lib/armv7e-m/fpu\libc.a(lib_a-malloc.o)
 .debug_frame   0x0000029c       0x40 c:/program files/atollic/truestudio for stm32 9.3.0/armtools/bin/../lib/gcc/arm-atollic-eabi/6.3.1/../../../../arm-atollic-eabi/lib/armv7e-m/fpu\libc.a(lib_a-mallocr.o)
 .debug_frame   0x000002dc       0x30 c:/program files/atollic/truestudio for stm32 9.3.0/armtools/bin/../lib/gcc/arm-atollic-eabi/6.3.1/../../../../arm-atollic-eabi/lib/armv7e-m/fpu\libc.a(lib_a-mlock.o)
 .debug_frame   0x0000030c       0x2c c:/program files/atollic/truestudio for stm32 9.3.0/armtools/bin/../lib/gcc/arm-atollic-eabi/6.3.1/../../../../arm-atollic-eabi/lib/armv7e-m/fpu\libc.a(lib_a-sbrkr.o)
 .debug_frame   0x00000338       0x34 c:/program files/atollic/truestudio for stm32 9.3.0/armtools/bin/../lib/gcc/arm-atollic-eabi/6.3.1/../../../../arm-atollic-eabi/lib/armv7e-m/fpu\libc.a(lib_a-__atexit.o)
 .debug_frame   0x0000036c       0x4c c:/program files/atollic/truestudio for stm32 9.3.0/armtools/bin/../lib/gcc/arm-atollic-eabi/6.3.1/../../../../arm-atollic-eabi/lib/armv7e-m/fpu\libc.a(lib_a-__call_atexit.o)
 .debug_frame   0x000003b8       0x60 c:/program files/atollic/truestudio for stm32 9.3.0/armtools/bin/../lib/gcc/arm-atollic-eabi/6.3.1/../../../../arm-atollic-eabi/lib/armv7e-m/fpu\libc.a(lib_a-freer.o)
 .debug_frame   0x00000418       0xb0 c:/program files/atollic/truestudio for stm32 9.3.0/armtools/bin/../lib/gcc/arm-atollic-eabi/6.3.1/../../../../arm-atollic-eabi/lib/armv7e-m/fpu\libc.a(lib_a-lock.o)
 .debug_frame   0x000004c8       0x5c c:/program files/atollic/truestudio for stm32 9.3.0/armtools/bin/../lib/gcc/arm-atollic-eabi/6.3.1/../../../../arm-atollic-eabi/lib/armv7e-m/fpu\libc.a(lib_a-reent.o)
 .debug_frame   0x00000524       0x20 c:/program files/atollic/truestudio for stm32 9.3.0/armtools/bin/../lib/gcc/arm-atollic-eabi/6.3.1/../../../../arm-atollic-eabi/lib/armv7e-m/fpu\libnosys.a(sbrk.o)

.stabstr        0x00000000       0x3f
 .stabstr       0x00000000       0x3f c:/program files/atollic/truestudio for stm32 9.3.0/armtools/bin/../lib/gcc/arm-atollic-eabi/6.3.1/../../../../arm-atollic-eabi/lib/armv7e-m/fpu\libnosys.a(write.o)

Cross Reference Table

Symbol                                            File
ADC1_2_IRQHandler                                 src\startup_stm32f303xe.o
ADC3_IRQHandler                                   src\startup_stm32f303xe.o
ADC4_IRQHandler                                   src\startup_stm32f303xe.o
AHBPrescTable                                     src\system_stm32f3xx.o
BusFault_Handler                                  src\startup_stm32f303xe.o
CAN_RX1_IRQHandler                                src\startup_stm32f303xe.o
CAN_SCE_IRQHandler                                src\startup_stm32f303xe.o
COMP1_2_3_IRQHandler                              src\startup_stm32f303xe.o
COMP4_5_6_IRQHandler                              src\startup_stm32f303xe.o
COMP7_IRQHandler                                  src\startup_stm32f303xe.o
DMA1_Channel1_IRQHandler                          src\startup_stm32f303xe.o
DMA1_Channel2_IRQHandler                          src\startup_stm32f303xe.o
DMA1_Channel3_IRQHandler                          src\startup_stm32f303xe.o
DMA1_Channel4_IRQHandler                          src\startup_stm32f303xe.o
DMA1_Channel5_IRQHandler                          src\startup_stm32f303xe.o
DMA1_Channel6_IRQHandler                          src\startup_stm32f303xe.o
DMA1_Channel7_IRQHandler                          src\startup_stm32f303xe.o
DMA2_Channel1_IRQHandler                          src\startup_stm32f303xe.o
DMA2_Channel2_IRQHandler                          src\startup_stm32f303xe.o
DMA2_Channel3_IRQHandler                          src\startup_stm32f303xe.o
DMA2_Channel4_IRQHandler                          src\startup_stm32f303xe.o
DMA2_Channel5_IRQHandler                          src\startup_stm32f303xe.o
DOUT::DOUT()                                      DOUT\DOUT.o
DOUT::DOUT()                                      DOUT\DOUT.o
                                                  src\START.o
DOUT::INIT()                                      DOUT\DOUT.o
DOUT::~DOUT()                                     DOUT\DOUT.o
DOUT::~DOUT()                                     DOUT\DOUT.o
                                                  src\START.o
DOUT::~DOUT()                                     DOUT\DOUT.o
DebugMon_Handler                                  src\startup_stm32f303xe.o
Default_Handler                                   src\startup_stm32f303xe.o
EXTI0_IRQHandler                                  src\startup_stm32f303xe.o
EXTI15_10_IRQHandler                              src\startup_stm32f303xe.o
EXTI1_IRQHandler                                  src\startup_stm32f303xe.o
EXTI2_TSC_IRQHandler                              src\startup_stm32f303xe.o
EXTI3_IRQHandler                                  src\startup_stm32f303xe.o
EXTI4_IRQHandler                                  src\startup_stm32f303xe.o
EXTI9_5_IRQHandler                                src\startup_stm32f303xe.o
FLASH_IRQHandler                                  src\startup_stm32f303xe.o
FMC_IRQHandler                                    src\startup_stm32f303xe.o
FPU_IRQHandler                                    src\startup_stm32f303xe.o
HardFault_Handler                                 src\startup_stm32f303xe.o
I2C1_ER_IRQHandler                                src\startup_stm32f303xe.o
I2C1_EV_IRQHandler                                src\startup_stm32f303xe.o
I2C2_ER_IRQHandler                                src\startup_stm32f303xe.o
I2C2_EV_IRQHandler                                src\startup_stm32f303xe.o
I2C3_ER_IRQHandler                                src\startup_stm32f303xe.o
I2C3_EV_IRQHandler                                src\startup_stm32f303xe.o
MemManage_Handler                                 src\startup_stm32f303xe.o
NMI_Handler                                       src\startup_stm32f303xe.o
PVD_IRQHandler                                    src\startup_stm32f303xe.o
PendSV_Handler                                    src\startup_stm32f303xe.o
RCC_IRQHandler                                    src\startup_stm32f303xe.o
RTC_Alarm_IRQHandler                              src\startup_stm32f303xe.o
RTC_WKUP_IRQHandler                               src\startup_stm32f303xe.o
Reset_Handler                                     src\startup_stm32f303xe.o
SPI1_IRQHandler                                   src\startup_stm32f303xe.o
SPI2_IRQHandler                                   src\startup_stm32f303xe.o
SPI3_IRQHandler                                   src\startup_stm32f303xe.o
SPI4_IRQHandler                                   src\startup_stm32f303xe.o
START::START()                                    src\START.o
START::START()                                    src\START.o
START::~START()                                   src\START.o
START::~START()                                   src\START.o
START::~START()                                   src\START.o
SVC_Handler                                       src\startup_stm32f303xe.o
SysTick_Handler                                   src\startup_stm32f303xe.o
SystemCoreClock                                   src\system_stm32f3xx.o
SystemCoreClockUpdate                             src\system_stm32f3xx.o
SystemInit                                        src\system_stm32f3xx.o
                                                  src\startup_stm32f303xe.o
TAMP_STAMP_IRQHandler                             src\startup_stm32f303xe.o
TIM1_BRK_TIM15_IRQHandler                         src\startup_stm32f303xe.o
TIM1_CC_IRQHandler                                src\startup_stm32f303xe.o
TIM1_TRG_COM_TIM17_IRQHandler                     src\startup_stm32f303xe.o
TIM1_UP_TIM16_IRQHandler                          src\startup_stm32f303xe.o
TIM20_BRK_IRQHandler                              src\startup_stm32f303xe.o
TIM20_CC_IRQHandler                               src\startup_stm32f303xe.o
TIM20_TRG_COM_IRQHandler                          src\startup_stm32f303xe.o
TIM20_UP_IRQHandler                               src\startup_stm32f303xe.o
TIM2_IRQHandler                                   src\startup_stm32f303xe.o
TIM3_IRQHandler                                   src\startup_stm32f303xe.o
TIM4_IRQHandler                                   src\startup_stm32f303xe.o
TIM6_DAC_IRQHandler                               src\startup_stm32f303xe.o
TIM7_IRQHandler                                   src\startup_stm32f303xe.o
TIM8_BRK_IRQHandler                               src\startup_stm32f303xe.o
TIM8_CC_IRQHandler                                src\startup_stm32f303xe.o
TIM8_TRG_COM_IRQHandler                           src\startup_stm32f303xe.o
TIM8_UP_IRQHandler                                src\startup_stm32f303xe.o
UART4_IRQHandler                                  src\startup_stm32f303xe.o
UART5_IRQHandler                                  src\startup_stm32f303xe.o
USART1_IRQHandler                                 src\startup_stm32f303xe.o
USART2_IRQHandler                                 src\startup_stm32f303xe.o
USART3_IRQHandler                                 src\startup_stm32f303xe.o
USBWakeUp_IRQHandler                              src\startup_stm32f303xe.o
USBWakeUp_RMP_IRQHandler                          src\startup_stm32f303xe.o
USB_HP_CAN_TX_IRQHandler                          src\startup_stm32f303xe.o
USB_HP_IRQHandler                                 src\startup_stm32f303xe.o
USB_LP_CAN_RX0_IRQHandler                         src\startup_stm32f303xe.o
USB_LP_IRQHandler                                 src\startup_stm32f303xe.o
UsageFault_Handler                                src\startup_stm32f303xe.o
WWDG_IRQHandler                                   src\startup_stm32f303xe.o
__aeabi_atexit                                    c:/program files/atollic/truestudio for stm32 9.3.0/armtools/bin/../lib/gcc/arm-atollic-eabi/6.3.1/../../../../arm-atollic-eabi/lib/armv7e-m/fpu\libstdc++.a(atexit_arm.o)
                                                  src\START.o
__atexit_recursive_mutex                          c:/program files/atollic/truestudio for stm32 9.3.0/armtools/bin/../lib/gcc/arm-atollic-eabi/6.3.1/../../../../arm-atollic-eabi/lib/armv7e-m/fpu\libc.a(lib_a-__call_atexit.o)
                                                  c:/program files/atollic/truestudio for stm32 9.3.0/armtools/bin/../lib/gcc/arm-atollic-eabi/6.3.1/../../../../arm-atollic-eabi/lib/armv7e-m/fpu\libc.a(lib_a-__atexit.o)
__call_exitprocs                                  c:/program files/atollic/truestudio for stm32 9.3.0/armtools/bin/../lib/gcc/arm-atollic-eabi/6.3.1/../../../../arm-atollic-eabi/lib/armv7e-m/fpu\libc.a(lib_a-__call_atexit.o)
__cxa_atexit                                      c:/program files/atollic/truestudio for stm32 9.3.0/armtools/bin/../lib/gcc/arm-atollic-eabi/6.3.1/../../../../arm-atollic-eabi/lib/armv7e-m/fpu\libc.a(lib_a-cxa_atexit.o)
                                                  c:/program files/atollic/truestudio for stm32 9.3.0/armtools/bin/../lib/gcc/arm-atollic-eabi/6.3.1/../../../../arm-atollic-eabi/lib/armv7e-m/fpu\libstdc++.a(atexit_arm.o)
__cxa_atexit_dummy                                c:/program files/atollic/truestudio for stm32 9.3.0/armtools/bin/../lib/gcc/arm-atollic-eabi/6.3.1/../../../../arm-atollic-eabi/lib/armv7e-m/fpu\libc.a(lib_a-cxa_atexit.o)
__deregister_frame_info                           c:/program files/atollic/truestudio for stm32 9.3.0/armtools/bin/../lib/gcc/arm-atollic-eabi/6.3.1/armv7e-m/fpu/crtbegin.o
__dso_handle                                      c:/program files/atollic/truestudio for stm32 9.3.0/armtools/bin/../lib/gcc/arm-atollic-eabi/6.3.1/armv7e-m/fpu/crtbegin.o
                                                  src\START.o
__init_array_end                                  c:/program files/atollic/truestudio for stm32 9.3.0/armtools/bin/../lib/gcc/arm-atollic-eabi/6.3.1/../../../../arm-atollic-eabi/lib/armv7e-m/fpu\libc.a(lib_a-init.o)
__init_array_start                                c:/program files/atollic/truestudio for stm32 9.3.0/armtools/bin/../lib/gcc/arm-atollic-eabi/6.3.1/../../../../arm-atollic-eabi/lib/armv7e-m/fpu\libc.a(lib_a-init.o)
__libc_init_array                                 c:/program files/atollic/truestudio for stm32 9.3.0/armtools/bin/../lib/gcc/arm-atollic-eabi/6.3.1/../../../../arm-atollic-eabi/lib/armv7e-m/fpu\libc.a(lib_a-init.o)
                                                  src\startup_stm32f303xe.o
__lock___arc4random_mutex                         c:/program files/atollic/truestudio for stm32 9.3.0/armtools/bin/../lib/gcc/arm-atollic-eabi/6.3.1/../../../../arm-atollic-eabi/lib/armv7e-m/fpu\libc.a(lib_a-lock.o)
__lock___at_quick_exit_mutex                      c:/program files/atollic/truestudio for stm32 9.3.0/armtools/bin/../lib/gcc/arm-atollic-eabi/6.3.1/../../../../arm-atollic-eabi/lib/armv7e-m/fpu\libc.a(lib_a-lock.o)
__lock___atexit_recursive_mutex                   c:/program files/atollic/truestudio for stm32 9.3.0/armtools/bin/../lib/gcc/arm-atollic-eabi/6.3.1/../../../../arm-atollic-eabi/lib/armv7e-m/fpu\libc.a(lib_a-lock.o)
                                                  c:/program files/atollic/truestudio for stm32 9.3.0/armtools/bin/../lib/gcc/arm-atollic-eabi/6.3.1/../../../../arm-atollic-eabi/lib/armv7e-m/fpu\libc.a(lib_a-__call_atexit.o)
__lock___dd_hash_mutex                            c:/program files/atollic/truestudio for stm32 9.3.0/armtools/bin/../lib/gcc/arm-atollic-eabi/6.3.1/../../../../arm-atollic-eabi/lib/armv7e-m/fpu\libc.a(lib_a-lock.o)
__lock___env_recursive_mutex                      c:/program files/atollic/truestudio for stm32 9.3.0/armtools/bin/../lib/gcc/arm-atollic-eabi/6.3.1/../../../../arm-atollic-eabi/lib/armv7e-m/fpu\libc.a(lib_a-lock.o)
__lock___malloc_recursive_mutex                   c:/program files/atollic/truestudio for stm32 9.3.0/armtools/bin/../lib/gcc/arm-atollic-eabi/6.3.1/../../../../arm-atollic-eabi/lib/armv7e-m/fpu\libc.a(lib_a-lock.o)
                                                  c:/program files/atollic/truestudio for stm32 9.3.0/armtools/bin/../lib/gcc/arm-atollic-eabi/6.3.1/../../../../arm-atollic-eabi/lib/armv7e-m/fpu\libc.a(lib_a-mlock.o)
__lock___sfp_recursive_mutex                      c:/program files/atollic/truestudio for stm32 9.3.0/armtools/bin/../lib/gcc/arm-atollic-eabi/6.3.1/../../../../arm-atollic-eabi/lib/armv7e-m/fpu\libc.a(lib_a-lock.o)
__lock___sinit_recursive_mutex                    c:/program files/atollic/truestudio for stm32 9.3.0/armtools/bin/../lib/gcc/arm-atollic-eabi/6.3.1/../../../../arm-atollic-eabi/lib/armv7e-m/fpu\libc.a(lib_a-lock.o)
__lock___tz_mutex                                 c:/program files/atollic/truestudio for stm32 9.3.0/armtools/bin/../lib/gcc/arm-atollic-eabi/6.3.1/../../../../arm-atollic-eabi/lib/armv7e-m/fpu\libc.a(lib_a-lock.o)
__malloc_av_                                      c:/program files/atollic/truestudio for stm32 9.3.0/armtools/bin/../lib/gcc/arm-atollic-eabi/6.3.1/../../../../arm-atollic-eabi/lib/armv7e-m/fpu\libc.a(lib_a-mallocr.o)
                                                  c:/program files/atollic/truestudio for stm32 9.3.0/armtools/bin/../lib/gcc/arm-atollic-eabi/6.3.1/../../../../arm-atollic-eabi/lib/armv7e-m/fpu\libc.a(lib_a-freer.o)
__malloc_current_mallinfo                         c:/program files/atollic/truestudio for stm32 9.3.0/armtools/bin/../lib/gcc/arm-atollic-eabi/6.3.1/../../../../arm-atollic-eabi/lib/armv7e-m/fpu\libc.a(lib_a-mallocr.o)
                                                  c:/program files/atollic/truestudio for stm32 9.3.0/armtools/bin/../lib/gcc/arm-atollic-eabi/6.3.1/../../../../arm-atollic-eabi/lib/armv7e-m/fpu\libc.a(lib_a-freer.o)
__malloc_lock                                     c:/program files/atollic/truestudio for stm32 9.3.0/armtools/bin/../lib/gcc/arm-atollic-eabi/6.3.1/../../../../arm-atollic-eabi/lib/armv7e-m/fpu\libc.a(lib_a-mlock.o)
                                                  c:/program files/atollic/truestudio for stm32 9.3.0/armtools/bin/../lib/gcc/arm-atollic-eabi/6.3.1/../../../../arm-atollic-eabi/lib/armv7e-m/fpu\libc.a(lib_a-freer.o)
                                                  c:/program files/atollic/truestudio for stm32 9.3.0/armtools/bin/../lib/gcc/arm-atollic-eabi/6.3.1/../../../../arm-atollic-eabi/lib/armv7e-m/fpu\libc.a(lib_a-mallocr.o)
__malloc_max_sbrked_mem                           c:/program files/atollic/truestudio for stm32 9.3.0/armtools/bin/../lib/gcc/arm-atollic-eabi/6.3.1/../../../../arm-atollic-eabi/lib/armv7e-m/fpu\libc.a(lib_a-mallocr.o)
__malloc_max_total_mem                            c:/program files/atollic/truestudio for stm32 9.3.0/armtools/bin/../lib/gcc/arm-atollic-eabi/6.3.1/../../../../arm-atollic-eabi/lib/armv7e-m/fpu\libc.a(lib_a-mallocr.o)
__malloc_sbrk_base                                c:/program files/atollic/truestudio for stm32 9.3.0/armtools/bin/../lib/gcc/arm-atollic-eabi/6.3.1/../../../../arm-atollic-eabi/lib/armv7e-m/fpu\libc.a(lib_a-mallocr.o)
                                                  c:/program files/atollic/truestudio for stm32 9.3.0/armtools/bin/../lib/gcc/arm-atollic-eabi/6.3.1/../../../../arm-atollic-eabi/lib/armv7e-m/fpu\libc.a(lib_a-freer.o)
__malloc_top_pad                                  c:/program files/atollic/truestudio for stm32 9.3.0/armtools/bin/../lib/gcc/arm-atollic-eabi/6.3.1/../../../../arm-atollic-eabi/lib/armv7e-m/fpu\libc.a(lib_a-mallocr.o)
                                                  c:/program files/atollic/truestudio for stm32 9.3.0/armtools/bin/../lib/gcc/arm-atollic-eabi/6.3.1/../../../../arm-atollic-eabi/lib/armv7e-m/fpu\libc.a(lib_a-freer.o)
__malloc_trim_threshold                           c:/program files/atollic/truestudio for stm32 9.3.0/armtools/bin/../lib/gcc/arm-atollic-eabi/6.3.1/../../../../arm-atollic-eabi/lib/armv7e-m/fpu\libc.a(lib_a-mallocr.o)
                                                  c:/program files/atollic/truestudio for stm32 9.3.0/armtools/bin/../lib/gcc/arm-atollic-eabi/6.3.1/../../../../arm-atollic-eabi/lib/armv7e-m/fpu\libc.a(lib_a-freer.o)
__malloc_unlock                                   c:/program files/atollic/truestudio for stm32 9.3.0/armtools/bin/../lib/gcc/arm-atollic-eabi/6.3.1/../../../../arm-atollic-eabi/lib/armv7e-m/fpu\libc.a(lib_a-mlock.o)
                                                  c:/program files/atollic/truestudio for stm32 9.3.0/armtools/bin/../lib/gcc/arm-atollic-eabi/6.3.1/../../../../arm-atollic-eabi/lib/armv7e-m/fpu\libc.a(lib_a-freer.o)
                                                  c:/program files/atollic/truestudio for stm32 9.3.0/armtools/bin/../lib/gcc/arm-atollic-eabi/6.3.1/../../../../arm-atollic-eabi/lib/armv7e-m/fpu\libc.a(lib_a-mallocr.o)
__on_exit_args                                    c:/program files/atollic/truestudio for stm32 9.3.0/armtools/bin/../lib/gcc/arm-atollic-eabi/6.3.1/../../../../arm-atollic-eabi/lib/armv7e-m/fpu\libc.a(lib_a-on_exit_args.o)
                                                  c:/program files/atollic/truestudio for stm32 9.3.0/armtools/bin/../lib/gcc/arm-atollic-eabi/6.3.1/../../../../arm-atollic-eabi/lib/armv7e-m/fpu\libc.a(lib_a-__atexit.o)
                                                  c:/program files/atollic/truestudio for stm32 9.3.0/armtools/bin/../lib/gcc/arm-atollic-eabi/6.3.1/../../../../arm-atollic-eabi/lib/armv7e-m/fpu\libc.a(lib_a-cxa_atexit.o)
__preinit_array_end                               c:/program files/atollic/truestudio for stm32 9.3.0/armtools/bin/../lib/gcc/arm-atollic-eabi/6.3.1/../../../../arm-atollic-eabi/lib/armv7e-m/fpu\libc.a(lib_a-init.o)
__preinit_array_start                             c:/program files/atollic/truestudio for stm32 9.3.0/armtools/bin/../lib/gcc/arm-atollic-eabi/6.3.1/../../../../arm-atollic-eabi/lib/armv7e-m/fpu\libc.a(lib_a-init.o)
__register_exitproc                               c:/program files/atollic/truestudio for stm32 9.3.0/armtools/bin/../lib/gcc/arm-atollic-eabi/6.3.1/../../../../arm-atollic-eabi/lib/armv7e-m/fpu\libc.a(lib_a-__atexit.o)
                                                  c:/program files/atollic/truestudio for stm32 9.3.0/armtools/bin/../lib/gcc/arm-atollic-eabi/6.3.1/../../../../arm-atollic-eabi/lib/armv7e-m/fpu\libc.a(lib_a-cxa_atexit.o)
__register_frame_info                             c:/program files/atollic/truestudio for stm32 9.3.0/armtools/bin/../lib/gcc/arm-atollic-eabi/6.3.1/armv7e-m/fpu/crtbegin.o
__retarget_lock_acquire                           c:/program files/atollic/truestudio for stm32 9.3.0/armtools/bin/../lib/gcc/arm-atollic-eabi/6.3.1/../../../../arm-atollic-eabi/lib/armv7e-m/fpu\libc.a(lib_a-lock.o)
__retarget_lock_acquire_recursive                 c:/program files/atollic/truestudio for stm32 9.3.0/armtools/bin/../lib/gcc/arm-atollic-eabi/6.3.1/../../../../arm-atollic-eabi/lib/armv7e-m/fpu\libc.a(lib_a-lock.o)
                                                  c:/program files/atollic/truestudio for stm32 9.3.0/armtools/bin/../lib/gcc/arm-atollic-eabi/6.3.1/../../../../arm-atollic-eabi/lib/armv7e-m/fpu\libc.a(lib_a-__call_atexit.o)
                                                  c:/program files/atollic/truestudio for stm32 9.3.0/armtools/bin/../lib/gcc/arm-atollic-eabi/6.3.1/../../../../arm-atollic-eabi/lib/armv7e-m/fpu\libc.a(lib_a-__atexit.o)
                                                  c:/program files/atollic/truestudio for stm32 9.3.0/armtools/bin/../lib/gcc/arm-atollic-eabi/6.3.1/../../../../arm-atollic-eabi/lib/armv7e-m/fpu\libc.a(lib_a-mlock.o)
__retarget_lock_close                             c:/program files/atollic/truestudio for stm32 9.3.0/armtools/bin/../lib/gcc/arm-atollic-eabi/6.3.1/../../../../arm-atollic-eabi/lib/armv7e-m/fpu\libc.a(lib_a-lock.o)
__retarget_lock_close_recursive                   c:/program files/atollic/truestudio for stm32 9.3.0/armtools/bin/../lib/gcc/arm-atollic-eabi/6.3.1/../../../../arm-atollic-eabi/lib/armv7e-m/fpu\libc.a(lib_a-lock.o)
__retarget_lock_init                              c:/program files/atollic/truestudio for stm32 9.3.0/armtools/bin/../lib/gcc/arm-atollic-eabi/6.3.1/../../../../arm-atollic-eabi/lib/armv7e-m/fpu\libc.a(lib_a-lock.o)
__retarget_lock_init_recursive                    c:/program files/atollic/truestudio for stm32 9.3.0/armtools/bin/../lib/gcc/arm-atollic-eabi/6.3.1/../../../../arm-atollic-eabi/lib/armv7e-m/fpu\libc.a(lib_a-lock.o)
__retarget_lock_release                           c:/program files/atollic/truestudio for stm32 9.3.0/armtools/bin/../lib/gcc/arm-atollic-eabi/6.3.1/../../../../arm-atollic-eabi/lib/armv7e-m/fpu\libc.a(lib_a-lock.o)
                                                  c:/program files/atollic/truestudio for stm32 9.3.0/armtools/bin/../lib/gcc/arm-atollic-eabi/6.3.1/../../../../arm-atollic-eabi/lib/armv7e-m/fpu\libc.a(lib_a-__atexit.o)
__retarget_lock_release_recursive                 c:/program files/atollic/truestudio for stm32 9.3.0/armtools/bin/../lib/gcc/arm-atollic-eabi/6.3.1/../../../../arm-atollic-eabi/lib/armv7e-m/fpu\libc.a(lib_a-lock.o)
                                                  c:/program files/atollic/truestudio for stm32 9.3.0/armtools/bin/../lib/gcc/arm-atollic-eabi/6.3.1/../../../../arm-atollic-eabi/lib/armv7e-m/fpu\libc.a(lib_a-__call_atexit.o)
                                                  c:/program files/atollic/truestudio for stm32 9.3.0/armtools/bin/../lib/gcc/arm-atollic-eabi/6.3.1/../../../../arm-atollic-eabi/lib/armv7e-m/fpu\libc.a(lib_a-__atexit.o)
                                                  c:/program files/atollic/truestudio for stm32 9.3.0/armtools/bin/../lib/gcc/arm-atollic-eabi/6.3.1/../../../../arm-atollic-eabi/lib/armv7e-m/fpu\libc.a(lib_a-mlock.o)
__retarget_lock_try_acquire                       c:/program files/atollic/truestudio for stm32 9.3.0/armtools/bin/../lib/gcc/arm-atollic-eabi/6.3.1/../../../../arm-atollic-eabi/lib/armv7e-m/fpu\libc.a(lib_a-lock.o)
__retarget_lock_try_acquire_recursive             c:/program files/atollic/truestudio for stm32 9.3.0/armtools/bin/../lib/gcc/arm-atollic-eabi/6.3.1/../../../../arm-atollic-eabi/lib/armv7e-m/fpu\libc.a(lib_a-lock.o)
__sf_fake_stderr                                  c:/program files/atollic/truestudio for stm32 9.3.0/armtools/bin/../lib/gcc/arm-atollic-eabi/6.3.1/../../../../arm-atollic-eabi/lib/armv7e-m/fpu\libc.a(lib_a-impure.o)
__sf_fake_stdin                                   c:/program files/atollic/truestudio for stm32 9.3.0/armtools/bin/../lib/gcc/arm-atollic-eabi/6.3.1/../../../../arm-atollic-eabi/lib/armv7e-m/fpu\libc.a(lib_a-impure.o)
__sf_fake_stdout                                  c:/program files/atollic/truestudio for stm32 9.3.0/armtools/bin/../lib/gcc/arm-atollic-eabi/6.3.1/../../../../arm-atollic-eabi/lib/armv7e-m/fpu\libc.a(lib_a-impure.o)
_ebss                                             src\startup_stm32f303xe.o
_edata                                            src\startup_stm32f303xe.o
_estack                                           src\startup_stm32f303xe.o
_fini                                             c:/program files/atollic/truestudio for stm32 9.3.0/armtools/bin/../lib/gcc/arm-atollic-eabi/6.3.1/armv7e-m/fpu/crti.o
_free_r                                           c:/program files/atollic/truestudio for stm32 9.3.0/armtools/bin/../lib/gcc/arm-atollic-eabi/6.3.1/../../../../arm-atollic-eabi/lib/armv7e-m/fpu\libc.a(lib_a-freer.o)
                                                  c:/program files/atollic/truestudio for stm32 9.3.0/armtools/bin/../lib/gcc/arm-atollic-eabi/6.3.1/../../../../arm-atollic-eabi/lib/armv7e-m/fpu\libc.a(lib_a-reent.o)
                                                  c:/program files/atollic/truestudio for stm32 9.3.0/armtools/bin/../lib/gcc/arm-atollic-eabi/6.3.1/../../../../arm-atollic-eabi/lib/armv7e-m/fpu\libc.a(lib_a-mallocr.o)
                                                  c:/program files/atollic/truestudio for stm32 9.3.0/armtools/bin/../lib/gcc/arm-atollic-eabi/6.3.1/../../../../arm-atollic-eabi/lib/armv7e-m/fpu\libc.a(lib_a-malloc.o)
_global_impure_ptr                                c:/program files/atollic/truestudio for stm32 9.3.0/armtools/bin/../lib/gcc/arm-atollic-eabi/6.3.1/../../../../arm-atollic-eabi/lib/armv7e-m/fpu\libc.a(lib_a-impure.o)
                                                  c:/program files/atollic/truestudio for stm32 9.3.0/armtools/bin/../lib/gcc/arm-atollic-eabi/6.3.1/../../../../arm-atollic-eabi/lib/armv7e-m/fpu\libc.a(lib_a-__call_atexit.o)
                                                  c:/program files/atollic/truestudio for stm32 9.3.0/armtools/bin/../lib/gcc/arm-atollic-eabi/6.3.1/../../../../arm-atollic-eabi/lib/armv7e-m/fpu\libc.a(lib_a-__atexit.o)
_impure_ptr                                       c:/program files/atollic/truestudio for stm32 9.3.0/armtools/bin/../lib/gcc/arm-atollic-eabi/6.3.1/../../../../arm-atollic-eabi/lib/armv7e-m/fpu\libc.a(lib_a-impure.o)
                                                  c:/program files/atollic/truestudio for stm32 9.3.0/armtools/bin/../lib/gcc/arm-atollic-eabi/6.3.1/../../../../arm-atollic-eabi/lib/armv7e-m/fpu\libc.a(lib_a-reent.o)
                                                  c:/program files/atollic/truestudio for stm32 9.3.0/armtools/bin/../lib/gcc/arm-atollic-eabi/6.3.1/../../../../arm-atollic-eabi/lib/armv7e-m/fpu\libc.a(lib_a-malloc.o)
_init                                             c:/program files/atollic/truestudio for stm32 9.3.0/armtools/bin/../lib/gcc/arm-atollic-eabi/6.3.1/armv7e-m/fpu/crti.o
                                                  c:/program files/atollic/truestudio for stm32 9.3.0/armtools/bin/../lib/gcc/arm-atollic-eabi/6.3.1/../../../../arm-atollic-eabi/lib/armv7e-m/fpu\libc.a(lib_a-init.o)
_malloc_r                                         c:/program files/atollic/truestudio for stm32 9.3.0/armtools/bin/../lib/gcc/arm-atollic-eabi/6.3.1/../../../../arm-atollic-eabi/lib/armv7e-m/fpu\libc.a(lib_a-mallocr.o)
                                                  c:/program files/atollic/truestudio for stm32 9.3.0/armtools/bin/../lib/gcc/arm-atollic-eabi/6.3.1/../../../../arm-atollic-eabi/lib/armv7e-m/fpu\libc.a(lib_a-malloc.o)
_malloc_trim_r                                    c:/program files/atollic/truestudio for stm32 9.3.0/armtools/bin/../lib/gcc/arm-atollic-eabi/6.3.1/../../../../arm-atollic-eabi/lib/armv7e-m/fpu\libc.a(lib_a-freer.o)
_reclaim_reent                                    c:/program files/atollic/truestudio for stm32 9.3.0/armtools/bin/../lib/gcc/arm-atollic-eabi/6.3.1/../../../../arm-atollic-eabi/lib/armv7e-m/fpu\libc.a(lib_a-reent.o)
_sbrk                                             c:/program files/atollic/truestudio for stm32 9.3.0/armtools/bin/../lib/gcc/arm-atollic-eabi/6.3.1/../../../../arm-atollic-eabi/lib/armv7e-m/fpu\libnosys.a(sbrk.o)
                                                  c:/program files/atollic/truestudio for stm32 9.3.0/armtools/bin/../lib/gcc/arm-atollic-eabi/6.3.1/../../../../arm-atollic-eabi/lib/armv7e-m/fpu\libc.a(lib_a-sbrkr.o)
_sbrk_r                                           c:/program files/atollic/truestudio for stm32 9.3.0/armtools/bin/../lib/gcc/arm-atollic-eabi/6.3.1/../../../../arm-atollic-eabi/lib/armv7e-m/fpu\libc.a(lib_a-sbrkr.o)
                                                  c:/program files/atollic/truestudio for stm32 9.3.0/armtools/bin/../lib/gcc/arm-atollic-eabi/6.3.1/../../../../arm-atollic-eabi/lib/armv7e-m/fpu\libc.a(lib_a-freer.o)
                                                  c:/program files/atollic/truestudio for stm32 9.3.0/armtools/bin/../lib/gcc/arm-atollic-eabi/6.3.1/../../../../arm-atollic-eabi/lib/armv7e-m/fpu\libc.a(lib_a-mallocr.o)
_sbss                                             src\startup_stm32f303xe.o
_sdata                                            src\startup_stm32f303xe.o
_sidata                                           src\startup_stm32f303xe.o
_write                                            c:/program files/atollic/truestudio for stm32 9.3.0/armtools/bin/../lib/gcc/arm-atollic-eabi/6.3.1/../../../../arm-atollic-eabi/lib/armv7e-m/fpu\libnosys.a(write.o)
                                                  src\tiny_printf.o
cleanup_glue                                      c:/program files/atollic/truestudio for stm32 9.3.0/armtools/bin/../lib/gcc/arm-atollic-eabi/6.3.1/../../../../arm-atollic-eabi/lib/armv7e-m/fpu\libc.a(lib_a-reent.o)
dout                                              src\START.o
end                                               c:/program files/atollic/truestudio for stm32 9.3.0/armtools/bin/../lib/gcc/arm-atollic-eabi/6.3.1/../../../../arm-atollic-eabi/lib/armv7e-m/fpu\libnosys.a(sbrk.o)
errno                                             c:/program files/atollic/truestudio for stm32 9.3.0/armtools/bin/../lib/gcc/arm-atollic-eabi/6.3.1/../../../../arm-atollic-eabi/lib/armv7e-m/fpu\libc.a(lib_a-reent.o)
                                                  c:/program files/atollic/truestudio for stm32 9.3.0/armtools/bin/../lib/gcc/arm-atollic-eabi/6.3.1/../../../../arm-atollic-eabi/lib/armv7e-m/fpu\libnosys.a(write.o)
                                                  c:/program files/atollic/truestudio for stm32 9.3.0/armtools/bin/../lib/gcc/arm-atollic-eabi/6.3.1/../../../../arm-atollic-eabi/lib/armv7e-m/fpu\libc.a(lib_a-sbrkr.o)
fiprintf                                          src\tiny_printf.o
fprintf                                           src\tiny_printf.o
fputs                                             src\tiny_printf.o
free                                              c:/program files/atollic/truestudio for stm32 9.3.0/armtools/bin/../lib/gcc/arm-atollic-eabi/6.3.1/../../../../arm-atollic-eabi/lib/armv7e-m/fpu\libc.a(lib_a-malloc.o)
                                                  c:/program files/atollic/truestudio for stm32 9.3.0/armtools/bin/../lib/gcc/arm-atollic-eabi/6.3.1/../../../../arm-atollic-eabi/lib/armv7e-m/fpu\libc.a(lib_a-__call_atexit.o)
                                                  c:/program files/atollic/truestudio for stm32 9.3.0/armtools/bin/../lib/gcc/arm-atollic-eabi/6.3.1/../../../../arm-atollic-eabi/lib/armv7e-m/fpu\libstdc++.a(del_op.o)
fwrite                                            src\tiny_printf.o
g_pfnVectors                                      src\startup_stm32f303xe.o
iprintf                                           src\tiny_printf.o
main                                              src\START.o
                                                  src\startup_stm32f303xe.o
malloc                                            c:/program files/atollic/truestudio for stm32 9.3.0/armtools/bin/../lib/gcc/arm-atollic-eabi/6.3.1/../../../../arm-atollic-eabi/lib/armv7e-m/fpu\libc.a(lib_a-malloc.o)
                                                  c:/program files/atollic/truestudio for stm32 9.3.0/armtools/bin/../lib/gcc/arm-atollic-eabi/6.3.1/../../../../arm-atollic-eabi/lib/armv7e-m/fpu\libc.a(lib_a-__atexit.o)
malloc_getpagesize_P                              c:/program files/atollic/truestudio for stm32 9.3.0/armtools/bin/../lib/gcc/arm-atollic-eabi/6.3.1/../../../../arm-atollic-eabi/lib/armv7e-m/fpu\libc.a(lib_a-freer.o)
                                                  c:/program files/atollic/truestudio for stm32 9.3.0/armtools/bin/../lib/gcc/arm-atollic-eabi/6.3.1/../../../../arm-atollic-eabi/lib/armv7e-m/fpu\libc.a(lib_a-mallocr.o)
operator delete(void*)                            c:/program files/atollic/truestudio for stm32 9.3.0/armtools/bin/../lib/gcc/arm-atollic-eabi/6.3.1/../../../../arm-atollic-eabi/lib/armv7e-m/fpu\libstdc++.a(del_op.o)
                                                  src\START.o
                                                  DOUT\DOUT.o
printf                                            src\tiny_printf.o
puts                                              src\tiny_printf.o
siprintf                                          src\tiny_printf.o
sprintf                                           src\tiny_printf.o
star                                              src\START.o
strlen                                            c:/program files/atollic/truestudio for stm32 9.3.0/armtools/bin/../lib/gcc/arm-atollic-eabi/6.3.1/../../../../arm-atollic-eabi/lib/armv7e-m/fpu\libc.a(lib_a-strlen.o)
                                                  src\tiny_printf.o
ts_formatlength                                   src\tiny_printf.o
ts_formatstring                                   src\tiny_printf.o
ts_itoa                                           src\tiny_printf.o
vtable for DOUT                                   DOUT\DOUT.o
vtable for START                                  src\START.o
