stm32f30x_spi.c:190:6:SPI_I2S_DeInit	16	static
stm32f30x_spi.c:233:6:SPI_StructInit	16	static
stm32f30x_spi.c:264:6:SPI_Init	24	static
stm32f30x_spi.c:361:6:I2S_StructInit	16	static
stm32f30x_spi.c:398:6:I2S_Init	128	static
stm32f30x_spi.c:501:6:SPI_Cmd	16	static
stm32f30x_spi.c:531:6:SPI_TIModeCmd	16	static
stm32f30x_spi.c:557:6:I2S_Cmd	16	static
stm32f30x_spi.c:594:6:SPI_DataSizeConfig	24	static
stm32f30x_spi.c:621:6:SPI_RxFIFOThresholdConfig	16	static
stm32f30x_spi.c:643:6:SPI_BiDirectionalLineConfig	16	static
stm32f30x_spi.c:671:6:SPI_NSSInternalSoftwareConfig	16	static
stm32f30x_spi.c:708:6:I2S_FullDuplexConfig	24	static
stm32f30x_spi.c:759:6:SPI_SSOutputCmd	16	static
stm32f30x_spi.c:788:6:SPI_NSSPulseModeCmd	16	static
stm32f30x_spi.c:837:6:SPI_SendData8	24	static
stm32f30x_spi.c:857:6:SPI_I2S_SendData16	16	static
stm32f30x_spi.c:870:9:SPI_ReceiveData8	24	static
stm32f30x_spi.c:889:10:SPI_I2S_ReceiveData16	16	static
stm32f30x_spi.c:971:6:SPI_CRCLengthConfig	16	static
stm32f30x_spi.c:991:6:SPI_CalculateCRC	16	static
stm32f30x_spi.c:1014:6:SPI_TransmitCRC	16	static
stm32f30x_spi.c:1032:10:SPI_GetCRC	24	static
stm32f30x_spi.c:1058:10:SPI_GetCRCPolynomial	16	static
stm32f30x_spi.c:1095:6:SPI_I2S_DMACmd	16	static
stm32f30x_spi.c:1132:6:SPI_LastDMATransferCmd	16	static
stm32f30x_spi.c:1231:6:SPI_I2S_ITConfig	24	static
stm32f30x_spi.c:1267:10:SPI_GetTransmissionFIFOStatus	16	static
stm32f30x_spi.c:1282:10:SPI_GetReceptionFIFOStatus	16	static
stm32f30x_spi.c:1305:12:SPI_I2S_GetFlagStatus	24	static
stm32f30x_spi.c:1341:6:SPI_I2S_ClearFlag	16	static
stm32f30x_spi.c:1365:10:SPI_I2S_GetITStatus	24	static
