stm32f30x_rcc.c:189:6:RCC_DeInit	4	static
stm32f30x_rcc.c:236:6:RCC_HSEConfig	16	static
stm32f30x_rcc.c:261:13:RCC_WaitForHSEStartUp	16	static
stm32f30x_rcc.c:295:6:RCC_AdjustHSICalibrationValue	24	static
stm32f30x_rcc.c:329:6:RCC_HSICmd	16	static
stm32f30x_rcc.c:356:6:RCC_LSEConfig	16	static
stm32f30x_rcc.c:382:6:RCC_LSEDriveConfig	16	static
stm32f30x_rcc.c:406:6:RCC_LSICmd	16	static
stm32f30x_rcc.c:430:6:RCC_PLLConfig	16	static
stm32f30x_rcc.c:454:6:RCC_PLLCmd	16	static
stm32f30x_rcc.c:469:6:RCC_PREDIV1Config	24	static
stm32f30x_rcc.c:498:6:RCC_ClockSecuritySystemCmd	16	static
stm32f30x_rcc.c:565:6:RCC_MCOConfig	24	static
stm32f30x_rcc.c:681:6:RCC_SYSCLKConfig	24	static
stm32f30x_rcc.c:709:9:RCC_GetSYSCLKSource	4	static
stm32f30x_rcc.c:734:6:RCC_HCLKConfig	24	static
stm32f30x_rcc.c:765:6:RCC_PCLK1Config	24	static
stm32f30x_rcc.c:795:6:RCC_PCLK2Config	24	static
stm32f30x_rcc.c:852:6:RCC_GetClocksFreq	56	static
stm32f30x_rcc.c:1277:6:RCC_ADCCLKConfig	24	static
stm32f30x_rcc.c:1310:6:RCC_I2CCLKConfig	24	static
stm32f30x_rcc.c:1359:6:RCC_TIMCLKConfig	24	static
stm32f30x_rcc.c:1416:6:RCC_HRTIM1CLKConfig	16	static
stm32f30x_rcc.c:1440:6:RCC_USARTCLKConfig	24	static
stm32f30x_rcc.c:1485:6:RCC_USBCLKConfig	16	static
stm32f30x_rcc.c:1516:6:RCC_RTCCLKConfig	16	static
stm32f30x_rcc.c:1535:6:RCC_I2SCLKConfig	16	static
stm32f30x_rcc.c:1551:6:RCC_RTCCLKCmd	16	static
stm32f30x_rcc.c:1567:6:RCC_BackupResetCmd	16	static
stm32f30x_rcc.c:1603:6:RCC_AHBPeriphClockCmd	16	static
stm32f30x_rcc.c:1641:6:RCC_APB2PeriphClockCmd	16	static
stm32f30x_rcc.c:1688:6:RCC_APB1PeriphClockCmd	16	static
stm32f30x_rcc.c:1724:6:RCC_AHBPeriphResetCmd	16	static
stm32f30x_rcc.c:1759:6:RCC_APB2PeriphResetCmd	16	static
stm32f30x_rcc.c:1802:6:RCC_APB1PeriphResetCmd	16	static
stm32f30x_rcc.c:1853:6:RCC_ITConfig	16	static
stm32f30x_rcc.c:1890:12:RCC_GetFlagStatus	32	static
stm32f30x_rcc.c:1941:6:RCC_ClearFlag	4	static
stm32f30x_rcc.c:1959:10:RCC_GetITStatus	24	static
stm32f30x_rcc.c:1991:6:RCC_ClearITPendingBit	16	static
