11:21:56 **** Incremental Build of configuration Debug for project Hal_4.2_Zapalanie_kolejno_diod ****
make -j4 all 
Building file: ../src/main.c
Invoking: MCU GCC Compiler
C:\Users\Lukas\workspace\Hal_4.2_Zapalanie_kolejno_diod\Debug
arm-none-eabi-gcc -mcpu=cortex-m3 -mthumb -mfloat-abi=soft -DSTM32 -DSTM32F1 -DSTM32F103RBTx -DNUCLEO_F103RB -DDEBUG -DSTM32F103xB -DUSE_HAL_DRIVER -I"C:/Users/Lukas/workspace/Hal_4.2_Zapalanie_kolejno_diod/HAL_Driver/Inc/Legacy" -I"C:/Users/Lukas/workspace/Hal_4.2_Zapalanie_kolejno_diod/Utilities/STM32F1xx_Nucleo" -I"C:/Users/Lukas/workspace/Hal_4.2_Zapalanie_kolejno_diod/inc" -I"C:/Users/Lukas/workspace/Hal_4.2_Zapalanie_kolejno_diod/CMSIS/device" -I"C:/Users/Lukas/workspace/Hal_4.2_Zapalanie_kolejno_diod/CMSIS/core" -I"C:/Users/Lukas/workspace/Hal_4.2_Zapalanie_kolejno_diod/HAL_Driver/Inc" -O0 -g3 -Wall -fmessage-length=0 -ffunction-sections -c -MMD -MP -MF"src/main.d" -MT"src/main.o" -o "src/main.o" "../src/main.c"
../src/main.c: In function 'HAL_GPIO_EXTI_Callback':
../src/main.c:16:7: warning: implicit declaration of function 'EXTI_GetITStatus' [-Wimplicit-function-declaration]
 { if (EXTI_GetITStatus(13)){
       ^~~~~~~~~~~~~~~~
Finished building: ../src/main.c
 
Building target: Hal_4.2_Zapalanie_kolejno_diod.elf
Invoking: MCU GCC Linker
arm-none-eabi-gcc -mcpu=cortex-m3 -mthumb -mfloat-abi=soft -T"C:/Users/Lukas/workspace/Hal_4.2_Zapalanie_kolejno_diod/LinkerScript.ld" -Wl,-Map=output.map -Wl,--gc-sections -o "Hal_4.2_Zapalanie_kolejno_diod.elf" @"objects.list"   -lm
Finished building target: Hal_4.2_Zapalanie_kolejno_diod.elf
 
make --no-print-directory post-build
Generating binary and Printing size information:
arm-none-eabi-objcopy -O binary "Hal_4.2_Zapalanie_kolejno_diod.elf" "Hal_4.2_Zapalanie_kolejno_diod.bin"
arm-none-eabi-size "Hal_4.2_Zapalanie_kolejno_diod.elf"
   text	   data	    bss	    dec	    hex	filename
   2624	   1096	   1612	   5332	   14d4	Hal_4.2_Zapalanie_kolejno_diod.elf
 

11:21:58 Build Finished (took 2s.366ms)

