18:48:16 **** Incremental Build of configuration Debug for project Std_4.1_Zmiana_kierunku_diod_po_nacisnieciu_wykorzystanie_przerwan ****
make -j4 all 
Building file: ../src/main.c
Invoking: MCU GCC Compiler
C:\Users\Lukas\workspace\Std_4.1_Zmiana_kierunku_diod_po_nacisnieciu_wykorzystanie_przerwan\Debug
arm-none-eabi-gcc -mcpu=cortex-m3 -mthumb -mfloat-abi=soft -DSTM32 -DSTM32F1 -DSTM32F103RBTx -DNUCLEO_F103RB -DDEBUG -DSTM32F10X_MD -DUSE_STDPERIPH_DRIVER -I"C:/Users/Lukas/workspace/Std_4.1_Zmiana_kierunku_diod_po_nacisnieciu_wykorzystanie_przerwan/StdPeriph_Driver/inc" -I"C:/Users/Lukas/workspace/Std_4.1_Zmiana_kierunku_diod_po_nacisnieciu_wykorzystanie_przerwan/inc" -I"C:/Users/Lukas/workspace/Std_4.1_Zmiana_kierunku_diod_po_nacisnieciu_wykorzystanie_przerwan/CMSIS/device" -I"C:/Users/Lukas/workspace/Std_4.1_Zmiana_kierunku_diod_po_nacisnieciu_wykorzystanie_przerwan/CMSIS/core" -O0 -g3 -Wall -fmessage-length=0 -ffunction-sections -c -MMD -MP -MF"src/main.d" -MT"src/main.o" -o "src/main.o" "../src/main.c"
Finished building: ../src/main.c
 
Building target: Std_4.1_Zmiana_kierunku_diod_po_nacisnieciu_wykorzystanie_przerwan.elf
Invoking: MCU GCC Linker
arm-none-eabi-gcc -mcpu=cortex-m3 -mthumb -mfloat-abi=soft -T"C:/Users/Lukas/workspace/Std_4.1_Zmiana_kierunku_diod_po_nacisnieciu_wykorzystanie_przerwan/LinkerScript.ld" -Wl,-Map=output.map -Wl,--gc-sections -o "Std_4.1_Zmiana_kierunku_diod_po_nacisnieciu_wykorzystanie_przerwan.elf" @"objects.list"   -lm
Finished building target: Std_4.1_Zmiana_kierunku_diod_po_nacisnieciu_wykorzystanie_przerwan.elf
 
make --no-print-directory post-build
Generating binary and Printing size information:
arm-none-eabi-objcopy -O binary "Std_4.1_Zmiana_kierunku_diod_po_nacisnieciu_wykorzystanie_przerwan.elf" "Std_4.1_Zmiana_kierunku_diod_po_nacisnieciu_wykorzystanie_przerwan.bin"
arm-none-eabi-size "Std_4.1_Zmiana_kierunku_diod_po_nacisnieciu_wykorzystanie_przerwan.elf"
   text	   data	    bss	    dec	    hex	filename
   2932	   1104	    324	   4360	   1108	Std_4.1_Zmiana_kierunku_diod_po_nacisnieciu_wykorzystanie_przerwan.elf
 

18:48:18 Build Finished (took 1s.560ms)

