Archive member included to satisfy reference by file (symbol)

c:/ac6/systemworkbench/plugins/fr.ac6.mcu.externaltools.arm-none.win32_1.7.0.201602121829/tools/compiler/bin/../lib/gcc/arm-none-eabi/5.2.1/../../../../arm-none-eabi/lib/armv7e-m\libc.a(lib_a-errno.o)
                              src/syscalls.o (__errno)
c:/ac6/systemworkbench/plugins/fr.ac6.mcu.externaltools.arm-none.win32_1.7.0.201602121829/tools/compiler/bin/../lib/gcc/arm-none-eabi/5.2.1/../../../../arm-none-eabi/lib/armv7e-m\libc.a(lib_a-exit.o)
                              c:/ac6/systemworkbench/plugins/fr.ac6.mcu.externaltools.arm-none.win32_1.7.0.201602121829/tools/compiler/bin/../lib/gcc/arm-none-eabi/5.2.1/../../../../arm-none-eabi/lib/armv7e-m/crt0.o (exit)
c:/ac6/systemworkbench/plugins/fr.ac6.mcu.externaltools.arm-none.win32_1.7.0.201602121829/tools/compiler/bin/../lib/gcc/arm-none-eabi/5.2.1/../../../../arm-none-eabi/lib/armv7e-m\libc.a(lib_a-impure.o)
                              c:/ac6/systemworkbench/plugins/fr.ac6.mcu.externaltools.arm-none.win32_1.7.0.201602121829/tools/compiler/bin/../lib/gcc/arm-none-eabi/5.2.1/../../../../arm-none-eabi/lib/armv7e-m\libc.a(lib_a-exit.o) (_global_impure_ptr)
c:/ac6/systemworkbench/plugins/fr.ac6.mcu.externaltools.arm-none.win32_1.7.0.201602121829/tools/compiler/bin/../lib/gcc/arm-none-eabi/5.2.1/../../../../arm-none-eabi/lib/armv7e-m\libc.a(lib_a-init.o)
                              c:/ac6/systemworkbench/plugins/fr.ac6.mcu.externaltools.arm-none.win32_1.7.0.201602121829/tools/compiler/bin/../lib/gcc/arm-none-eabi/5.2.1/../../../../arm-none-eabi/lib/armv7e-m/crt0.o (__libc_init_array)
c:/ac6/systemworkbench/plugins/fr.ac6.mcu.externaltools.arm-none.win32_1.7.0.201602121829/tools/compiler/bin/../lib/gcc/arm-none-eabi/5.2.1/../../../../arm-none-eabi/lib/armv7e-m\libc.a(lib_a-memset.o)
                              c:/ac6/systemworkbench/plugins/fr.ac6.mcu.externaltools.arm-none.win32_1.7.0.201602121829/tools/compiler/bin/../lib/gcc/arm-none-eabi/5.2.1/../../../../arm-none-eabi/lib/armv7e-m/crt0.o (memset)
c:/ac6/systemworkbench/plugins/fr.ac6.mcu.externaltools.arm-none.win32_1.7.0.201602121829/tools/compiler/bin/../lib/gcc/arm-none-eabi/5.2.1/../../../../arm-none-eabi/lib/armv7e-m\libc.a(lib_a-sprintf.o)
                              src/main.o (sprintf)
c:/ac6/systemworkbench/plugins/fr.ac6.mcu.externaltools.arm-none.win32_1.7.0.201602121829/tools/compiler/bin/../lib/gcc/arm-none-eabi/5.2.1/../../../../arm-none-eabi/lib/armv7e-m\libc.a(lib_a-svfprintf.o)
                              c:/ac6/systemworkbench/plugins/fr.ac6.mcu.externaltools.arm-none.win32_1.7.0.201602121829/tools/compiler/bin/../lib/gcc/arm-none-eabi/5.2.1/../../../../arm-none-eabi/lib/armv7e-m\libc.a(lib_a-sprintf.o) (_svfprintf_r)
c:/ac6/systemworkbench/plugins/fr.ac6.mcu.externaltools.arm-none.win32_1.7.0.201602121829/tools/compiler/bin/../lib/gcc/arm-none-eabi/5.2.1/../../../../arm-none-eabi/lib/armv7e-m\libc.a(lib_a-__call_atexit.o)
                              c:/ac6/systemworkbench/plugins/fr.ac6.mcu.externaltools.arm-none.win32_1.7.0.201602121829/tools/compiler/bin/../lib/gcc/arm-none-eabi/5.2.1/../../../../arm-none-eabi/lib/armv7e-m\libc.a(lib_a-exit.o) (__call_exitprocs)
c:/ac6/systemworkbench/plugins/fr.ac6.mcu.externaltools.arm-none.win32_1.7.0.201602121829/tools/compiler/bin/../lib/gcc/arm-none-eabi/5.2.1/../../../../arm-none-eabi/lib/armv7e-m\libc.a(lib_a-atexit.o)
                              c:/ac6/systemworkbench/plugins/fr.ac6.mcu.externaltools.arm-none.win32_1.7.0.201602121829/tools/compiler/bin/../lib/gcc/arm-none-eabi/5.2.1/../../../../arm-none-eabi/lib/armv7e-m\libc.a(lib_a-__call_atexit.o) (atexit)
c:/ac6/systemworkbench/plugins/fr.ac6.mcu.externaltools.arm-none.win32_1.7.0.201602121829/tools/compiler/bin/../lib/gcc/arm-none-eabi/5.2.1/../../../../arm-none-eabi/lib/armv7e-m\libc.a(lib_a-dtoa.o)
                              c:/ac6/systemworkbench/plugins/fr.ac6.mcu.externaltools.arm-none.win32_1.7.0.201602121829/tools/compiler/bin/../lib/gcc/arm-none-eabi/5.2.1/../../../../arm-none-eabi/lib/armv7e-m\libc.a(lib_a-svfprintf.o) (_dtoa_r)
c:/ac6/systemworkbench/plugins/fr.ac6.mcu.externaltools.arm-none.win32_1.7.0.201602121829/tools/compiler/bin/../lib/gcc/arm-none-eabi/5.2.1/../../../../arm-none-eabi/lib/armv7e-m\libc.a(lib_a-fini.o)
                              c:/ac6/systemworkbench/plugins/fr.ac6.mcu.externaltools.arm-none.win32_1.7.0.201602121829/tools/compiler/bin/../lib/gcc/arm-none-eabi/5.2.1/../../../../arm-none-eabi/lib/armv7e-m\libc.a(lib_a-__call_atexit.o) (__libc_fini_array)
c:/ac6/systemworkbench/plugins/fr.ac6.mcu.externaltools.arm-none.win32_1.7.0.201602121829/tools/compiler/bin/../lib/gcc/arm-none-eabi/5.2.1/../../../../arm-none-eabi/lib/armv7e-m\libc.a(lib_a-locale.o)
[...]
Memory Configuration

Name             Origin             Length             Attributes
RAM              0x20000000         0x00010000         xrw
ROM              0x08000000         0x00060000         xr
*default*        0x00000000         0xffffffff

Linker script and memory map

LOAD c:/ac6/systemworkbench/plugins/fr.ac6.mcu.externaltools.arm-none.win32_1.7.0.201602121829/tools/compiler/bin/../lib/gcc/arm-none-eabi/5.2.1/armv7e-m/crti.o
LOAD c:/ac6/systemworkbench/plugins/fr.ac6.mcu.externaltools.arm-none.win32_1.7.0.201602121829/tools/compiler/bin/../lib/gcc/arm-none-eabi/5.2.1/armv7e-m/crtbegin.o
LOAD c:/ac6/systemworkbench/plugins/fr.ac6.mcu.externaltools.arm-none.win32_1.7.0.201602121829/tools/compiler/bin/../lib/gcc/arm-none-eabi/5.2.1/../../../../arm-none-eabi/lib/armv7e-m/crt0.o
LOAD c:/ac6/systemworkbench/plugins/fr.ac6.mcu.externaltools.arm-none.win32_1.7.0.201602121829/tools/compiler/bin/../lib/gcc/arm-none-eabi/5.2.1/../../../../arm-none-eabi/lib/armv7e-m\libm.a
LOAD StdPeriph_Driver/src/stm32f30x_adc.o
LOAD StdPeriph_Driver/src/stm32f30x_can.o
LOAD StdPeriph_Driver/src/stm32f30x_comp.o
LOAD StdPeriph_Driver/src/stm32f30x_crc.o
LOAD StdPeriph_Driver/src/stm32f30x_dac.o
LOAD StdPeriph_Driver/src/stm32f30x_dbgmcu.o
LOAD StdPeriph_Driver/src/stm32f30x_dma.o
LOAD StdPeriph_Driver/src/stm32f30x_exti.o
LOAD StdPeriph_Driver/src/stm32f30x_flash.o
LOAD StdPeriph_Driver/src/stm32f30x_fmc.o
LOAD StdPeriph_Driver/src/stm32f30x_gpio.o
LOAD StdPeriph_Driver/src/stm32f30x_hrtim.o
LOAD StdPeriph_Driver/src/stm32f30x_i2c.o
LOAD StdPeriph_Driver/src/stm32f30x_iwdg.o
LOAD StdPeriph_Driver/src/stm32f30x_misc.o
LOAD StdPeriph_Driver/src/stm32f30x_opamp.o
LOAD StdPeriph_Driver/src/stm32f30x_pwr.o
LOAD StdPeriph_Driver/src/stm32f30x_rcc.o
LOAD StdPeriph_Driver/src/stm32f30x_rtc.o
LOAD StdPeriph_Driver/src/stm32f30x_spi.o
LOAD StdPeriph_Driver/src/stm32f30x_syscfg.o
LOAD StdPeriph_Driver/src/stm32f30x_tim.o
LOAD StdPeriph_Driver/src/stm32f30x_usart.o
LOAD StdPeriph_Driver/src/stm32f30x_wwdg.o
LOAD src/aio.o
LOAD src/encoder.o
LOAD src/io.o
LOAD src/main.o
LOAD src/nvic.o
LOAD src/rcc.o
LOAD src/rs232.o
LOAD src/runtime.o
LOAD src/stepdir.o
LOAD src/syscalls.o
LOAD src/system_stm32f30x.o
LOAD src/usb.o
LOAD startup/startup_stm32.o
START GROUP
LOAD c:/ac6/systemworkbench/plugins/fr.ac6.mcu.externaltools.arm-none.win32_1.7.0.201602121829/tools/compiler/bin/../lib/gcc/arm-none-eabi/5.2.1/armv7e-m\libgcc.a
LOAD c:/ac6/systemworkbench/plugins/fr.ac6.mcu.externaltools.arm-none.win32_1.7.0.201602121829/tools/compiler/bin/../lib/gcc/arm-none-eabi/5.2.1/../../../../arm-none-eabi/lib/armv7e-m\libc.a
END GROUP
LOAD c:/ac6/systemworkbench/plugins/fr.ac6.mcu.externaltools.arm-none.win32_1.7.0.201602121829/tools/compiler/bin/../lib/gcc/arm-none-eabi/5.2.1/armv7e-m/crtend.o
LOAD c:/ac6/systemworkbench/plugins/fr.ac6.mcu.externaltools.arm-none.win32_1.7.0.201602121829/tools/compiler/bin/../lib/gcc/arm-none-eabi/5.2.1/armv7e-m/crtn.o
                0x20010000                _estack = 0x20010000
                0x00000000                _Min_Heap_Size = 0x0
                0x00000400                _Min_Stack_Size = 0x400

.isr_vector     0x08000000      0x188
                0x08000000                . = ALIGN (0x4)
 *(.isr_vector)
 .isr_vector    0x08000000      0x188 startup/startup_stm32.o
                0x08000000                g_pfnVectors
                0x08000188                . = ALIGN (0x4)

.text           0x08000188     0x1d48
                0x08000188                . = ALIGN (0x4)
 *(.text)
 .text          0x08000188       0xa4 c:/ac6/systemworkbench/plugins/fr.ac6.mcu.externaltools.arm-none.win32_1.7.0.201602121829/tools/compiler/bin/../lib/gcc/arm-none-eabi/5.2.1/armv7e-m/crtbegin.o
 *(.text*)
 .text.ADC_Init
                0x0800022c       0x40 StdPeriph_Driver/src/stm32f30x_adc.o
                0x0800022c                ADC_Init
 .text.ADC_StructInit
                0x0800026c       0x18 StdPeriph_Driver/src/stm32f30x_adc.o
                0x0800026c                ADC_StructInit
 .text.ADC_CommonInit
                0x08000284       0x7c StdPeriph_Driver/src/stm32f30x_adc.o
                0x08000284                ADC_CommonInit
 .text.ADC_Cmd  0x08000300       0x14 StdPeriph_Driver/src/stm32f30x_adc.o
                0x08000300                ADC_Cmd
 .text.ADC_StartCalibration
                0x08000314        0xc StdPeriph_Driver/src/stm32f30x_adc.o
                0x08000314                ADC_StartCalibration
 .text.ADC_SelectCalibrationMode
                0x08000320       0x10 StdPeriph_Driver/src/stm32f30x_adc.o
                0x08000320                ADC_SelectCalibrationMode
 .text.ADC_GetCalibrationStatus
                0x08000330        0x8 StdPeriph_Driver/src/stm32f30x_adc.o
                0x08000330                ADC_GetCalibrationStatus
 .text.ADC_VoltageRegulatorCmd
                0x08000338       0x1c StdPeriph_Driver/src/stm32f30x_adc.o
                0x08000338                ADC_VoltageRegulatorCmd
 .text.ADC_RegularChannelConfig
                0x08000354       0xc4 StdPeriph_Driver/src/stm32f30x_adc.o
                0x08000354                ADC_RegularChannelConfig
 .text.ADC_StartConversion
                0x08000418        0xc StdPeriph_Driver/src/stm32f30x_adc.o
                0x08000418                ADC_StartConversion
 .text.ADC_DMACmd
                0x08000424       0x14 StdPeriph_Driver/src/stm32f30x_adc.o
                0x08000424                ADC_DMACmd
 .text.ADC_DMAConfig
                0x08000438       0x10 StdPeriph_Driver/src/stm32f30x_adc.o
                0x08000438                ADC_DMAConfig
 .text.ADC_GetFlagStatus
                0x08000448        0xc StdPeriph_Driver/src/stm32f30x_adc.o
                0x08000448                ADC_GetFlagStatus
 .text.DAC_Init
                0x08000454       0x28 StdPeriph_Driver/src/stm32f30x_dac.o
                0x08000454                DAC_Init
 .text.DAC_StructInit
                0x0800047c       0x10 StdPeriph_Driver/src/stm32f30x_dac.o
                0x0800047c                DAC_StructInit
 .text.DAC_Cmd  0x0800048c       0x20 StdPeriph_Driver/src/stm32f30x_dac.o
                0x0800048c                DAC_Cmd
 .text.DMA_Init
                0x080004ac       0x40 StdPeriph_Driver/src/stm32f30x_dma.o
                0x080004ac                DMA_Init
 .text.DMA_StructInit
                0x080004ec       0x1c StdPeriph_Driver/src/stm32f30x_dma.o
                0x080004ec                DMA_StructInit
 .text.DMA_Cmd  0x08000508       0x18 StdPeriph_Driver/src/stm32f30x_dma.o
                0x08000508                DMA_Cmd
 .text.FLASH_SetLatency
                0x08000520       0x14 StdPeriph_Driver/src/stm32f30x_flash.o
                0x08000520                FLASH_SetLatency
 .text.FLASH_PrefetchBufferCmd
                0x08000534       0x1c StdPeriph_Driver/src/stm32f30x_flash.o
                0x08000534                FLASH_PrefetchBufferCmd
 .text.GPIO_Init
                0x08000550       0xbc StdPeriph_Driver/src/stm32f30x_gpio.o
                0x08000550                GPIO_Init
 .text.GPIO_StructInit
                0x0800060c       0x14 StdPeriph_Driver/src/stm32f30x_gpio.o
                0x0800060c                GPIO_StructInit
 .text.GPIO_ReadInputDataBit
                0x08000620        0xc StdPeriph_Driver/src/stm32f30x_gpio.o
                0x08000620                GPIO_ReadInputDataBit
 .text.GPIO_PinAFConfig
                0x0800062c       0x28 StdPeriph_Driver/src/stm32f30x_gpio.o
                0x0800062c                GPIO_PinAFConfig
 .text.NVIC_PriorityGroupConfig
                0x08000654       0x14 StdPeriph_Driver/src/stm32f30x_misc.o
                0x08000654                NVIC_PriorityGroupConfig
 .text.NVIC_Init
                0x08000668       0x6c StdPeriph_Driver/src/stm32f30x_misc.o
                0x08000668                NVIC_Init
 .text.NVIC_SetVectorTable
                0x080006d4       0x14 StdPeriph_Driver/src/stm32f30x_misc.o
                0x080006d4                NVIC_SetVectorTable
 .text.RCC_DeInit
                0x080006e8       0x54 StdPeriph_Driver/src/stm32f30x_rcc.o
                0x080006e8                RCC_DeInit
 .text.RCC_HSEConfig
                0x0800073c       0x10 StdPeriph_Driver/src/stm32f30x_rcc.o
                0x0800073c                RCC_HSEConfig
 .text.RCC_WaitForHSEStartUp
                0x0800074c       0x34 StdPeriph_Driver/src/stm32f30x_rcc.o
                0x0800074c                RCC_WaitForHSEStartUp
 .text.RCC_PLLConfig
                0x08000780       0x18 StdPeriph_Driver/src/stm32f30x_rcc.o
                0x08000780                RCC_PLLConfig
 .text.RCC_PLLCmd
                0x08000798        0xc StdPeriph_Driver/src/stm32f30x_rcc.o
                0x08000798                RCC_PLLCmd
 .text.RCC_SYSCLKConfig
                0x080007a4       0x14 StdPeriph_Driver/src/stm32f30x_rcc.o
                0x080007a4                RCC_SYSCLKConfig
 .text.RCC_GetSYSCLKSource
                0x080007b8       0x10 StdPeriph_Driver/src/stm32f30x_rcc.o
                0x080007b8                RCC_GetSYSCLKSource
 .text.RCC_HCLKConfig
                0x080007c8       0x14 StdPeriph_Driver/src/stm32f30x_rcc.o
                0x080007c8                RCC_HCLKConfig
 .text.RCC_PCLK1Config
                0x080007dc       0x14 StdPeriph_Driver/src/stm32f30x_rcc.o
                0x080007dc                RCC_PCLK1Config
 .text.RCC_PCLK2Config
                0x080007f0       0x14 StdPeriph_Driver/src/stm32f30x_rcc.o
                0x080007f0                RCC_PCLK2Config
 .text.RCC_GetClocksFreq
                0x08000804      0x418 StdPeriph_Driver/src/stm32f30x_rcc.o
                0x08000804                RCC_GetClocksFreq
 .text.RCC_ADCCLKConfig
                0x08000c1c       0x20 StdPeriph_Driver/src/stm32f30x_rcc.o
                0x08000c1c                RCC_ADCCLKConfig
 .text.RCC_AHBPeriphClockCmd
                0x08000c3c       0x1c StdPeriph_Driver/src/stm32f30x_rcc.o
                0x08000c3c                RCC_AHBPeriphClockCmd
 .text.RCC_APB2PeriphClockCmd
                0x08000c58       0x1c StdPeriph_Driver/src/stm32f30x_rcc.o
                0x08000c58                RCC_APB2PeriphClockCmd
 .text.RCC_APB1PeriphClockCmd
                0x08000c74       0x1c StdPeriph_Driver/src/stm32f30x_rcc.o
                0x08000c74                RCC_APB1PeriphClockCmd
 .text.RCC_GetFlagStatus
                0x08000c90       0x48 StdPeriph_Driver/src/stm32f30x_rcc.o
                0x08000c90                RCC_GetFlagStatus
 .text.TIM_TimeBaseInit
                0x08000cd8       0xb0 StdPeriph_Driver/src/stm32f30x_tim.o
                0x08000cd8                TIM_TimeBaseInit
 .text.TIM_SetCounter
                0x08000d88        0x4 StdPeriph_Driver/src/stm32f30x_tim.o
                0x08000d88                TIM_SetCounter
 .text.TIM_Cmd  0x08000d8c       0x1c StdPeriph_Driver/src/stm32f30x_tim.o
                0x08000d8c                TIM_Cmd
 .text.TIM_OC1Init
                0x08000da8       0x88 StdPeriph_Driver/src/stm32f30x_tim.o
                0x08000da8                TIM_OC1Init
 .text.TIM_OC3Init
                0x08000e30       0x70 StdPeriph_Driver/src/stm32f30x_tim.o
                0x08000e30                TIM_OC3Init
 .text.TIM_OC1PreloadConfig
                0x08000ea0        0xc StdPeriph_Driver/src/stm32f30x_tim.o
                0x08000ea0                TIM_OC1PreloadConfig
 .text.TIM_OC3PreloadConfig
                0x08000eac        0xc StdPeriph_Driver/src/stm32f30x_tim.o
                0x08000eac                TIM_OC3PreloadConfig
 .text.TIM_ICInit
                0x08000eb8      0x12c StdPeriph_Driver/src/stm32f30x_tim.o
                0x08000eb8                TIM_ICInit
 .text.TIM_ICStructInit
                0x08000fe4       0x10 StdPeriph_Driver/src/stm32f30x_tim.o
                0x08000fe4                TIM_ICStructInit
 .text.TIM_CtrlPWMOutputs
                0x08000ff4       0x14 StdPeriph_Driver/src/stm32f30x_tim.o
                0x08000ff4                TIM_CtrlPWMOutputs
 .text.TIM_ITConfig
                0x08001008       0x18 StdPeriph_Driver/src/stm32f30x_tim.o
                0x08001008                TIM_ITConfig
 .text.TIM_ClearFlag
                0x08001020        0x8 StdPeriph_Driver/src/stm32f30x_tim.o
                0x08001020                TIM_ClearFlag
 .text.TIM_GetITStatus
                0x08001028       0x14 StdPeriph_Driver/src/stm32f30x_tim.o
                0x08001028                TIM_GetITStatus
 .text.TIM_ClearITPendingBit
                0x0800103c        0x8 StdPeriph_Driver/src/stm32f30x_tim.o
                0x0800103c                TIM_ClearITPendingBit
 .text.TIM_SelectInputTrigger
                0x08001044       0x10 StdPeriph_Driver/src/stm32f30x_tim.o
                0x08001044                TIM_SelectInputTrigger
 .text.TIM_SelectOutputTrigger
                0x08001054       0x14 StdPeriph_Driver/src/stm32f30x_tim.o
                0x08001054                TIM_SelectOutputTrigger
 .text.TIM_SelectSlaveMode
                0x08001068       0x14 StdPeriph_Driver/src/stm32f30x_tim.o
                0x08001068                TIM_SelectSlaveMode
 .text.TIM_EncoderInterfaceConfig
                0x0800107c       0x38 StdPeriph_Driver/src/stm32f30x_tim.o
                0x0800107c                TIM_EncoderInterfaceConfig
 .text.USART_Init
                0x080010b4       0xbc StdPeriph_Driver/src/stm32f30x_usart.o
                0x080010b4                USART_Init
 .text.USART_Cmd
                0x08001170       0x14 StdPeriph_Driver/src/stm32f30x_usart.o
                0x08001170                USART_Cmd
 .text.USART_DMACmd
                0x08001184       0x14 StdPeriph_Driver/src/stm32f30x_usart.o
                0x08001184                USART_DMACmd
 .text.OUT_ANA_Config
                0x08001198       0x7c src/aio.o
                0x08001198                OUT_ANA_Config
 .text.IN_ANA_Config
                0x08001214      0x150 src/aio.o
                0x08001214                IN_ANA_Config
 .text.ENCODER_Config
                0x08001364      0x150 src/encoder.o
                0x08001364                ENCODER_Config
 .text.OUT_DIG_Config
                0x080014b4       0x70 src/io.o
                0x080014b4                OUT_DIG_Config
 .text.IN_DIG_Config
                0x08001524       0x88 src/io.o
                0x08001524                IN_DIG_Config
 .text.startup.main
                0x080015ac       0xb8 src/main.o
                0x080015ac                main
 .text.NVIC_Config
                0x08001664       0x8c src/nvic.o
                0x08001664                NVIC_Config
 .text.SysTick_Handler
                0x080016f0       0x30 src/nvic.o
                0x080016f0                SysTick_Handler
 .text.TIM3_IRQHandler
                0x08001720       0x24 src/nvic.o
                0x08001720                TIM3_IRQHandler
 .text.TIM4_IRQHandler
                0x08001744       0x20 src/nvic.o
                0x08001744                TIM4_IRQHandler
 .text.RCC_Config
                0x08001764       0x64 src/rcc.o
                0x08001764                RCC_Config
 .text.RS232_Config
                0x080017c8       0xec src/rs232.o
                0x080017c8                RS232_Config
 .text.RUNTIME_Config
                0x080018b4        0x8 src/runtime.o
                0x080018b4                RUNTIME_Config
 .text.STEPDIR_Config
                0x080018bc      0x28c src/stepdir.o
                0x080018bc                STEPDIR_Config
 .text.SystemInit
                0x08001b48       0xfc src/system_stm32f30x.o
                0x08001b48                SystemInit
 .text.usbInit  0x08001c44       0xec src/usb.o
                0x08001c44                usbInit
 .text.Reset_Handler
                0x08001d30       0x48 startup/startup_stm32.o
                0x08001d30                Reset_Handler
 .text.Default_Handler
                0x08001d78        0x2 startup/startup_stm32.o
                0x08001d78                RTC_Alarm_IRQHandler
                0x08001d78                TIM8_TRG_COM_IRQHandler
                0x08001d78                TIM8_CC_IRQHandler
                0x08001d78                DebugMon_Handler
                0x08001d78                TIM1_CC_IRQHandler
                0x08001d78                HardFault_Handler
                0x08001d78                USB_HP_IRQHandler
                0x08001d78                PVD_IRQHandler
                0x08001d78                PendSV_Handler
                0x08001d78                NMI_Handler
                0x08001d78                EXTI3_IRQHandler
                0x08001d78                EXTI0_IRQHandler
                0x08001d78                I2C2_EV_IRQHandler
                0x08001d78                FPU_IRQHandler
                0x08001d78                EXTI2_TS_IRQHandler
                0x08001d78                TIM1_UP_TIM16_IRQHandler
                0x08001d78                UsageFault_Handler
                0x08001d78                ADC1_2_IRQHandler
                0x08001d78                SPI1_IRQHandler
                0x08001d78                TIM6_DAC_IRQHandler
                0x08001d78                TIM8_UP_IRQHandler
                0x08001d78                DMA2_Channel2_IRQHandler
                0x08001d78                DMA1_Channel4_IRQHandler
                0x08001d78                USART3_IRQHandler
                0x08001d78                DMA1_Channel7_IRQHandler
                0x08001d78                CAN1_RX1_IRQHandler
                0x08001d78                UART5_IRQHandler
                0x08001d78                ADC3_IRQHandler
                0x08001d78                DMA2_Channel1_IRQHandler
                0x08001d78                I2C1_EV_IRQHandler
                0x08001d78                DMA1_Channel6_IRQHandler
                0x08001d78                UART4_IRQHandler
                0x08001d78                DMA2_Channel4_IRQHandler
                0x08001d78                RCC_IRQHandler
                0x08001d78                DMA1_Channel1_IRQHandler
                0x08001d78                Default_Handler
                0x08001d78                USBWakeUp_RMP_IRQHandler
                0x08001d78                EXTI15_10_IRQHandler
                0x08001d78                TIM7_IRQHandler
                0x08001d78                EXTI9_5_IRQHandler
                0x08001d78                TAMPER_STAMP_IRQHandler
                0x08001d78                RTC_WKUP_IRQHandler
                0x08001d78                SPI2_IRQHandler
                0x08001d78                MemManage_Handler
                0x08001d78                SVC_Handler
                0x08001d78                DMA2_Channel5_IRQHandler
                0x08001d78                DMA1_Channel5_IRQHandler
                0x08001d78                USB_LP_IRQHandler
                0x08001d78                EXTI4_IRQHandler
                0x08001d78                USB_LP_CAN1_RX0_IRQHandler
                0x08001d78                TIM1_TRG_COM_TIM17_IRQHandler
                0x08001d78                USB_HP_CAN1_TX_IRQHandler
                0x08001d78                DMA1_Channel3_IRQHandler
                0x08001d78                ADC4_IRQHandler
                0x08001d78                WWDG_IRQHandler
                0x08001d78                TIM2_IRQHandler
                0x08001d78                COMP7_IRQHandler
                0x08001d78                COMP1_2_3_IRQHandler
                0x08001d78                EXTI1_IRQHandler
                0x08001d78                USART2_IRQHandler
                0x08001d78                COMP4_5_6_IRQHandler
                0x08001d78                I2C2_ER_IRQHandler
                0x08001d78                DMA1_Channel2_IRQHandler
                0x08001d78                TIM8_BRK_IRQHandler
                0x08001d78                CAN1_SCE_IRQHandler
                0x08001d78                FLASH_IRQHandler
                0x08001d78                BusFault_Handler
                0x08001d78                USART1_IRQHandler
                0x08001d78                SPI3_IRQHandler
                0x08001d78                I2C1_ER_IRQHandler
                0x08001d78                USBWakeUp_IRQHandler
                0x08001d78                DMA2_Channel3_IRQHandler
                0x08001d78                TIM1_BRK_TIM15_IRQHandler
 *fill*         0x08001d7a        0x2 
 .text.__libc_init_array
                0x08001d7c       0x50 c:/ac6/systemworkbench/plugins/fr.ac6.mcu.externaltools.arm-none.win32_1.7.0.201602121829/tools/compiler/bin/../lib/gcc/arm-none-eabi/5.2.1/../../../../arm-none-eabi/lib/armv7e-m\libc.a(lib_a-init.o)
                0x08001d7c                __libc_init_array
 .text.startup.register_fini
                0x08001dcc       0x14 c:/ac6/systemworkbench/plugins/fr.ac6.mcu.externaltools.arm-none.win32_1.7.0.201602121829/tools/compiler/bin/../lib/gcc/arm-none-eabi/5.2.1/../../../../arm-none-eabi/lib/armv7e-m\libc.a(lib_a-__call_atexit.o)
 .text.atexit   0x08001de0        0xc c:/ac6/systemworkbench/plugins/fr.ac6.mcu.externaltools.arm-none.win32_1.7.0.201602121829/tools/compiler/bin/../lib/gcc/arm-none-eabi/5.2.1/../../../../arm-none-eabi/lib/armv7e-m\libc.a(lib_a-atexit.o)
                0x08001de0                atexit
 .text.__libc_fini_array
                0x08001dec       0x28 c:/ac6/systemworkbench/plugins/fr.ac6.mcu.externaltools.arm-none.win32_1.7.0.201602121829/tools/compiler/bin/../lib/gcc/arm-none-eabi/5.2.1/../../../../arm-none-eabi/lib/armv7e-m\libc.a(lib_a-fini.o)
                0x08001dec                __libc_fini_array
 .text.__register_exitproc
                0x08001e14       0xa4 c:/ac6/systemworkbench/plugins/fr.ac6.mcu.externaltools.arm-none.win32_1.7.0.201602121829/tools/compiler/bin/../lib/gcc/arm-none-eabi/5.2.1/../../../../arm-none-eabi/lib/armv7e-m\libc.a(lib_a-__atexit.o)
                0x08001e14                __register_exitproc
 *(.glue_7)
 .glue_7        0x08001eb8        0x0 linker stubs
 *(.glue_7t)
 .glue_7t       0x08001eb8        0x0 linker stubs
 *(.eh_frame)
 .eh_frame      0x08001eb8        0x0 c:/ac6/systemworkbench/plugins/fr.ac6.mcu.externaltools.arm-none.win32_1.7.0.201602121829/tools/compiler/bin/../lib/gcc/arm-none-eabi/5.2.1/armv7e-m/crtbegin.o
 *(.init)
 .init          0x08001eb8        0x4 c:/ac6/systemworkbench/plugins/fr.ac6.mcu.externaltools.arm-none.win32_1.7.0.201602121829/tools/compiler/bin/../lib/gcc/arm-none-eabi/5.2.1/armv7e-m/crti.o
                0x08001eb8                _init
 .init          0x08001ebc        0x8 c:/ac6/systemworkbench/plugins/fr.ac6.mcu.externaltools.arm-none.win32_1.7.0.201602121829/tools/compiler/bin/../lib/gcc/arm-none-eabi/5.2.1/armv7e-m/crtn.o
 *(.fini)
 .fini          0x08001ec4        0x4 c:/ac6/systemworkbench/plugins/fr.ac6.mcu.externaltools.arm-none.win32_1.7.0.201602121829/tools/compiler/bin/../lib/gcc/arm-none-eabi/5.2.1/armv7e-m/crti.o
                0x08001ec4                _fini
 .fini          0x08001ec8        0x8 c:/ac6/systemworkbench/plugins/fr.ac6.mcu.externaltools.arm-none.win32_1.7.0.201602121829/tools/compiler/bin/../lib/gcc/arm-none-eabi/5.2.1/armv7e-m/crtn.o
                0x08001ed0                . = ALIGN (0x4)
                0x08001ed0                _etext = .

.vfp11_veneer   0x08001ed0        0x0
 .vfp11_veneer  0x08001ed0        0x0 linker stubs

.v4_bx          0x08001ed0        0x0
 .v4_bx         0x08001ed0        0x0 linker stubs

.iplt           0x08001ed0        0x0
 .iplt          0x08001ed0        0x0 c:/ac6/systemworkbench/plugins/fr.ac6.mcu.externaltools.arm-none.win32_1.7.0.201602121829/tools/compiler/bin/../lib/gcc/arm-none-eabi/5.2.1/armv7e-m/crtbegin.o

.rodata         0x08001ed0        0x8
                0x08001ed0                . = ALIGN (0x4)
 *(.rodata)
 *(.rodata*)
 .rodata.str1.4
                0x08001ed0        0x4 c:/ac6/systemworkbench/plugins/fr.ac6.mcu.externaltools.arm-none.win32_1.7.0.201602121829/tools/compiler/bin/../lib/gcc/arm-none-eabi/5.2.1/../../../../arm-none-eabi/lib/armv7e-m\libc.a(lib_a-impure.o)
                                  0x2 (size before relaxing)
 .rodata._global_impure_ptr
                0x08001ed4        0x4 c:/ac6/systemworkbench/plugins/fr.ac6.mcu.externaltools.arm-none.win32_1.7.0.201602121829/tools/compiler/bin/../lib/gcc/arm-none-eabi/5.2.1/../../../../arm-none-eabi/lib/armv7e-m\libc.a(lib_a-impure.o)
                0x08001ed4                _global_impure_ptr
                0x08001ed8                . = ALIGN (0x4)

.rel.dyn        0x08001ed8        0x0
 .rel.iplt      0x08001ed8        0x0 c:/ac6/systemworkbench/plugins/fr.ac6.mcu.externaltools.arm-none.win32_1.7.0.201602121829/tools/compiler/bin/../lib/gcc/arm-none-eabi/5.2.1/armv7e-m/crtbegin.o

.ARM.extab      0x08001ed8        0x0
                0x08001ed8                . = ALIGN (0x4)
 *(.ARM.extab* .gnu.linkonce.armextab.*)
                0x08001ed8                . = ALIGN (0x4)

.ARM            0x08001ed8        0x0
                0x08001ed8                . = ALIGN (0x4)
                0x08001ed8                __exidx_start = .
 *(.ARM.exidx*)
                0x08001ed8                __exidx_end = .
                0x08001ed8                . = ALIGN (0x4)

.preinit_array  0x08001ed8        0x0
                0x08001ed8                . = ALIGN (0x4)
                0x08001ed8                PROVIDE (__preinit_array_start, .)
 *(.preinit_array*)
                0x08001ed8                PROVIDE (__preinit_array_end, .)
                0x08001ed8                . = ALIGN (0x4)

.init_array     0x08001ed8        0x8
                0x08001ed8                . = ALIGN (0x4)
                0x08001ed8                PROVIDE (__init_array_start, .)
 *(SORT(.init_array.*))
 .init_array.00000
                0x08001ed8        0x4 c:/ac6/systemworkbench/plugins/fr.ac6.mcu.externaltools.arm-none.win32_1.7.0.201602121829/tools/compiler/bin/../lib/gcc/arm-none-eabi/5.2.1/../../../../arm-none-eabi/lib/armv7e-m\libc.a(lib_a-__call_atexit.o)
 *(.init_array*)
 .init_array    0x08001edc        0x4 c:/ac6/systemworkbench/plugins/fr.ac6.mcu.externaltools.arm-none.win32_1.7.0.201602121829/tools/compiler/bin/../lib/gcc/arm-none-eabi/5.2.1/armv7e-m/crtbegin.o
                0x08001ee0                PROVIDE (__init_array_end, .)
                0x08001ee0                . = ALIGN (0x4)

.fini_array     0x08001ee0        0x4
                0x08001ee0                . = ALIGN (0x4)
                0x08001ee0                PROVIDE (__fini_array_start, .)
 *(SORT(.fini_array.*))
 *(.fini_array*)
 .fini_array    0x08001ee0        0x4 c:/ac6/systemworkbench/plugins/fr.ac6.mcu.externaltools.arm-none.win32_1.7.0.201602121829/tools/compiler/bin/../lib/gcc/arm-none-eabi/5.2.1/armv7e-m/crtbegin.o
                0x08001ee4                PROVIDE (__fini_array_end, .)
                0x08001ee4                . = ALIGN (0x4)
                0x08001ee4                _sidata = LOADADDR (.data)

.data           0x20000000      0x458 load address 0x08001ee4
                0x20000000                . = ALIGN (0x4)
                0x20000000                _sdata = .
 *(.data)
 .data          0x20000000       0x30 StdPeriph_Driver/src/stm32f30x_rcc.o
 *(.data*)
 .data.impure_data
                0x20000030      0x428 c:/ac6/systemworkbench/plugins/fr.ac6.mcu.externaltools.arm-none.win32_1.7.0.201602121829/tools/compiler/bin/../lib/gcc/arm-none-eabi/5.2.1/../../../../arm-none-eabi/lib/armv7e-m\libc.a(lib_a-impure.o)
                0x20000458                . = ALIGN (0x4)
                0x20000458                _edata = .

.jcr            0x20000458        0x0 load address 0x0800233c
 .jcr           0x20000458        0x0 c:/ac6/systemworkbench/plugins/fr.ac6.mcu.externaltools.arm-none.win32_1.7.0.201602121829/tools/compiler/bin/../lib/gcc/arm-none-eabi/5.2.1/armv7e-m/crtbegin.o

.tm_clone_table
                0x20000458        0x0 load address 0x0800233c
 .tm_clone_table
                0x20000458        0x0 c:/ac6/systemworkbench/plugins/fr.ac6.mcu.externaltools.arm-none.win32_1.7.0.201602121829/tools/compiler/bin/../lib/gcc/arm-none-eabi/5.2.1/armv7e-m/crtbegin.o
 .tm_clone_table
                0x20000458        0x0 c:/ac6/systemworkbench/plugins/fr.ac6.mcu.externaltools.arm-none.win32_1.7.0.201602121829/tools/compiler/bin/../lib/gcc/arm-none-eabi/5.2.1/armv7e-m/crtend.o

.igot.plt       0x20000458        0x0 load address 0x0800233c
 .igot.plt      0x20000458        0x0 c:/ac6/systemworkbench/plugins/fr.ac6.mcu.externaltools.arm-none.win32_1.7.0.201602121829/tools/compiler/bin/../lib/gcc/arm-none-eabi/5.2.1/armv7e-m/crtbegin.o
                0x20000458                . = ALIGN (0x4)

.bss            0x20000458      0x828 load address 0x0800233c
                0x20000458                _sbss = .
                0x20000458                __bss_start__ = _sbss
 *(.bss)
 .bss           0x20000458       0x1c c:/ac6/systemworkbench/plugins/fr.ac6.mcu.externaltools.arm-none.win32_1.7.0.201602121829/tools/compiler/bin/../lib/gcc/arm-none-eabi/5.2.1/armv7e-m/crtbegin.o
 .bss           0x20000474        0x5 src/nvic.o
 *(.bss*)
 *(COMMON)
 *fill*         0x20000479        0x3 
 COMMON         0x2000047c        0x4 src/aio.o
                0x2000047c                ADC_Value
 COMMON         0x20000480      0x800 src/rs232.o
                0x20000480                BuforRX
                0x20000c80                . = ALIGN (0x4)
                0x20000c80                _ebss = .
                0x20000c80                __bss_end__ = _ebss

._user_heap_stack
                0x20000c80      0x400 load address 0x0800233c
                0x20000c80                . = ALIGN (0x8)
                0x20000c80                PROVIDE (end, .)
                [!provide]                PROVIDE (_end, .)
                0x20000c80                . = (. + _Min_Heap_Size)
                0x20001080                . = (. + _Min_Stack_Size)
 *fill*         0x20000c80      0x400 
                0x20001080                . = ALIGN (0x8)

/DISCARD/
 libc.a(*)
 libm.a(*)
 libgcc.a(*)

.ARM.attributes
                0x00000000       0x2a
 *(.ARM.attributes)
 .ARM.attributes
                0x00000000       0x1e c:/ac6/systemworkbench/plugins/fr.ac6.mcu.externaltools.arm-none.win32_1.7.0.201602121829/tools/compiler/bin/../lib/gcc/arm-none-eabi/5.2.1/armv7e-m/crti.o
 .ARM.attributes
                0x0000001e       0x2e c:/ac6/systemworkbench/plugins/fr.ac6.mcu.externaltools.arm-none.win32_1.7.0.201602121829/tools/compiler/bin/../lib/gcc/arm-none-eabi/5.2.1/armv7e-m/crtbegin.o
 .ARM.attributes
                0x0000004c       0x33 StdPeriph_Driver/src/stm32f30x_adc.o
 .ARM.attributes
                0x0000007f       0x33 StdPeriph_Driver/src/stm32f30x_dac.o
 .ARM.attributes
                0x000000b2       0x33 StdPeriph_Driver/src/stm32f30x_dma.o
 .ARM.attributes
                0x000000e5       0x33 StdPeriph_Driver/src/stm32f30x_flash.o
 .ARM.attributes
                0x00000118       0x33 StdPeriph_Driver/src/stm32f30x_gpio.o
 .ARM.attributes
                0x0000014b       0x33 StdPeriph_Driver/src/stm32f30x_misc.o
 .ARM.attributes
                0x0000017e       0x33 StdPeriph_Driver/src/stm32f30x_rcc.o
 .ARM.attributes
                0x000001b1       0x33 StdPeriph_Driver/src/stm32f30x_tim.o
 .ARM.attributes
                0x000001e4       0x33 StdPeriph_Driver/src/stm32f30x_usart.o
 .ARM.attributes
                0x00000217       0x33 src/aio.o
 .ARM.attributes
                0x0000024a       0x33 src/encoder.o
 .ARM.attributes
                0x0000027d       0x33 src/io.o
 .ARM.attributes
                0x000002b0       0x33 src/main.o
 .ARM.attributes
                0x000002e3       0x33 src/nvic.o
 .ARM.attributes
                0x00000316       0x33 src/rcc.o
 .ARM.attributes
                0x00000349       0x33 src/rs232.o
 .ARM.attributes
                0x0000037c       0x33 src/runtime.o
 .ARM.attributes
                0x000003af       0x33 src/stepdir.o
 .ARM.attributes
                0x000003e2       0x33 src/system_stm32f30x.o
 .ARM.attributes
                0x00000415       0x33 src/usb.o
 .ARM.attributes
                0x00000448       0x21 startup/startup_stm32.o
 .ARM.attributes
                0x00000469       0x2e c:/ac6/systemworkbench/plugins/fr.ac6.mcu.externaltools.arm-none.win32_1.7.0.201602121829/tools/compiler/bin/../lib/gcc/arm-none-eabi/5.2.1/../../../../arm-none-eabi/lib/armv7e-m\libc.a(lib_a-impure.o)
 .ARM.attributes
                0x00000497       0x2e c:/ac6/systemworkbench/plugins/fr.ac6.mcu.externaltools.arm-none.win32_1.7.0.201602121829/tools/compiler/bin/../lib/gcc/arm-none-eabi/5.2.1/../../../../arm-none-eabi/lib/armv7e-m\libc.a(lib_a-init.o)
 .ARM.attributes
                0x000004c5       0x2e c:/ac6/systemworkbench/plugins/fr.ac6.mcu.externaltools.arm-none.win32_1.7.0.201602121829/tools/compiler/bin/../lib/gcc/arm-none-eabi/5.2.1/../../../../arm-none-eabi/lib/armv7e-m\libc.a(lib_a-__call_atexit.o)
 .ARM.attributes
                0x000004f3       0x2e c:/ac6/systemworkbench/plugins/fr.ac6.mcu.externaltools.arm-none.win32_1.7.0.201602121829/tools/compiler/bin/../lib/gcc/arm-none-eabi/5.2.1/../../../../arm-none-eabi/lib/armv7e-m\libc.a(lib_a-atexit.o)
 .ARM.attributes
                0x00000521       0x2e c:/ac6/systemworkbench/plugins/fr.ac6.mcu.externaltools.arm-none.win32_1.7.0.201602121829/tools/compiler/bin/../lib/gcc/arm-none-eabi/5.2.1/../../../../arm-none-eabi/lib/armv7e-m\libc.a(lib_a-fini.o)
 .ARM.attributes
                0x0000054f       0x2e c:/ac6/systemworkbench/plugins/fr.ac6.mcu.externaltools.arm-none.win32_1.7.0.201602121829/tools/compiler/bin/../lib/gcc/arm-none-eabi/5.2.1/../../../../arm-none-eabi/lib/armv7e-m\libc.a(lib_a-__atexit.o)
 .ARM.attributes
                0x0000057d       0x2e c:/ac6/systemworkbench/plugins/fr.ac6.mcu.externaltools.arm-none.win32_1.7.0.201602121829/tools/compiler/bin/../lib/gcc/arm-none-eabi/5.2.1/armv7e-m/crtend.o
 .ARM.attributes
                0x000005ab       0x1e c:/ac6/systemworkbench/plugins/fr.ac6.mcu.externaltools.arm-none.win32_1.7.0.201602121829/tools/compiler/bin/../lib/gcc/arm-none-eabi/5.2.1/armv7e-m/crtn.o
OUTPUT(projekt1.elf elf32-littlearm)

.comment        0x00000000       0x6e
 .comment       0x00000000       0x6e StdPeriph_Driver/src/stm32f30x_adc.o
                                 0x6f (size before relaxing)
 .comment       0x0000006e       0x6f StdPeriph_Driver/src/stm32f30x_dac.o
 .comment       0x0000006e       0x6f StdPeriph_Driver/src/stm32f30x_dma.o
 .comment       0x0000006e       0x6f StdPeriph_Driver/src/stm32f30x_flash.o
 .comment       0x0000006e       0x6f StdPeriph_Driver/src/stm32f30x_gpio.o
 .comment       0x0000006e       0x6f StdPeriph_Driver/src/stm32f30x_misc.o
 .comment       0x0000006e       0x6f StdPeriph_Driver/src/stm32f30x_rcc.o
 .comment       0x0000006e       0x6f StdPeriph_Driver/src/stm32f30x_tim.o
 .comment       0x0000006e       0x6f StdPeriph_Driver/src/stm32f30x_usart.o
 .comment       0x0000006e       0x6f src/aio.o
 .comment       0x0000006e       0x6f src/encoder.o
 .comment       0x0000006e       0x6f src/io.o
 .comment       0x0000006e       0x6f src/main.o
 .comment       0x0000006e       0x6f src/nvic.o
 .comment       0x0000006e       0x6f src/rcc.o
 .comment       0x0000006e       0x6f src/rs232.o
 .comment       0x0000006e       0x6f src/runtime.o
 .comment       0x0000006e       0x6f src/stepdir.o
 .comment       0x0000006e       0x6f src/system_stm32f30x.o
 .comment       0x0000006e       0x6f src/usb.o

.debug_line     0x00000000       0x77
 .debug_line    0x00000000       0x77 startup/startup_stm32.o

.debug_info     0x00000000       0x5f
 .debug_info    0x00000000       0x5f startup/startup_stm32.o

.debug_abbrev   0x00000000       0x12
 .debug_abbrev  0x00000000       0x12 startup/startup_stm32.o

.debug_aranges  0x00000000       0x28
 .debug_aranges
                0x00000000       0x28 startup/startup_stm32.o

.debug_ranges   0x00000000       0x20
 .debug_ranges  0x00000000       0x20 startup/startup_stm32.o

.debug_frame    0x00000000      0x104
 .debug_frame   0x00000000       0x2c c:/ac6/systemworkbench/plugins/fr.ac6.mcu.externaltools.arm-none.win32_1.7.0.201602121829/tools/compiler/bin/../lib/gcc/arm-none-eabi/5.2.1/../../../../arm-none-eabi/lib/armv7e-m\libc.a(lib_a-init.o)
 .debug_frame   0x0000002c       0x50 c:/ac6/systemworkbench/plugins/fr.ac6.mcu.externaltools.arm-none.win32_1.7.0.201602121829/tools/compiler/bin/../lib/gcc/arm-none-eabi/5.2.1/../../../../arm-none-eabi/lib/armv7e-m\libc.a(lib_a-__call_atexit.o)
 .debug_frame   0x0000007c       0x20 c:/ac6/systemworkbench/plugins/fr.ac6.mcu.externaltools.arm-none.win32_1.7.0.201602121829/tools/compiler/bin/../lib/gcc/arm-none-eabi/5.2.1/../../../../arm-none-eabi/lib/armv7e-m\libc.a(lib_a-atexit.o)
 .debug_frame   0x0000009c       0x34 c:/ac6/systemworkbench/plugins/fr.ac6.mcu.externaltools.arm-none.win32_1.7.0.201602121829/tools/compiler/bin/../lib/gcc/arm-none-eabi/5.2.1/../../../../arm-none-eabi/lib/armv7e-m\libc.a(lib_a-fini.o)
 .debug_frame   0x000000d0       0x34 c:/ac6/systemworkbench/plugins/fr.ac6.mcu.externaltools.arm-none.win32_1.7.0.201602121829/tools/compiler/bin/../lib/gcc/arm-none-eabi/5.2.1/../../../../arm-none-eabi/lib/armv7e-m\libc.a(lib_a-__atexit.o)
