Archive member included to satisfy reference by file (symbol)

c:/program files/atollic/truestudio for stm32 9.3.0/armtools/bin/../lib/gcc/arm-atollic-eabi/6.3.1/../../../../arm-atollic-eabi/lib/armv7e-m/fpu\libc.a(lib_a-init.o)
                              src\startup_stm32f303xe.o (__libc_init_array)

Discarded input sections

 .text          0x00000000        0x0 c:/program files/atollic/truestudio for stm32 9.3.0/armtools/bin/../lib/gcc/arm-atollic-eabi/6.3.1/armv7e-m/fpu/crti.o
 .data          0x00000000        0x0 c:/program files/atollic/truestudio for stm32 9.3.0/armtools/bin/../lib/gcc/arm-atollic-eabi/6.3.1/armv7e-m/fpu/crti.o
 .bss           0x00000000        0x0 c:/program files/atollic/truestudio for stm32 9.3.0/armtools/bin/../lib/gcc/arm-atollic-eabi/6.3.1/armv7e-m/fpu/crti.o
 .data          0x00000000        0x4 c:/program files/atollic/truestudio for stm32 9.3.0/armtools/bin/../lib/gcc/arm-atollic-eabi/6.3.1/armv7e-m/fpu/crtbegin.o
 .text          0x00000000        0x0 src\main.o
 .data          0x00000000        0x0 src\main.o
 .bss           0x00000000        0x0 src\main.o
 .text          0x00000000       0x14 src\startup_stm32f303xe.o
 .data          0x00000000        0x0 src\startup_stm32f303xe.o
 .bss           0x00000000        0x0 src\startup_stm32f303xe.o
 .text          0x00000000        0x0 src\system_stm32f3xx.o
 .data          0x00000000        0x0 src\system_stm32f3xx.o
 .bss           0x00000000        0x0 src\system_stm32f3xx.o
 .data.SystemCoreClock
                0x00000000        0x4 src\system_stm32f3xx.o
 .data.AHBPrescTable
                0x00000000       0x10 src\system_stm32f3xx.o
 .text.SystemCoreClockUpdate
                0x00000000       0xdc src\system_stm32f3xx.o
 .text          0x00000000        0x0 c:/program files/atollic/truestudio for stm32 9.3.0/armtools/bin/../lib/gcc/arm-atollic-eabi/6.3.1/../../../../arm-atollic-eabi/lib/armv7e-m/fpu\libc.a(lib_a-init.o)
 .data          0x00000000        0x0 c:/program files/atollic/truestudio for stm32 9.3.0/armtools/bin/../lib/gcc/arm-atollic-eabi/6.3.1/../../../../arm-atollic-eabi/lib/armv7e-m/fpu\libc.a(lib_a-init.o)
 .bss           0x00000000        0x0 c:/program files/atollic/truestudio for stm32 9.3.0/armtools/bin/../lib/gcc/arm-atollic-eabi/6.3.1/../../../../arm-atollic-eabi/lib/armv7e-m/fpu\libc.a(lib_a-init.o)
 .text          0x00000000        0x0 c:/program files/atollic/truestudio for stm32 9.3.0/armtools/bin/../lib/gcc/arm-atollic-eabi/6.3.1/armv7e-m/fpu/crtend.o
 .data          0x00000000        0x0 c:/program files/atollic/truestudio for stm32 9.3.0/armtools/bin/../lib/gcc/arm-atollic-eabi/6.3.1/armv7e-m/fpu/crtend.o
 .bss           0x00000000        0x0 c:/program files/atollic/truestudio for stm32 9.3.0/armtools/bin/../lib/gcc/arm-atollic-eabi/6.3.1/armv7e-m/fpu/crtend.o
 .eh_frame      0x00000000        0x4 c:/program files/atollic/truestudio for stm32 9.3.0/armtools/bin/../lib/gcc/arm-atollic-eabi/6.3.1/armv7e-m/fpu/crtend.o
 .ARM.attributes
                0x00000000       0x34 c:/program files/atollic/truestudio for stm32 9.3.0/armtools/bin/../lib/gcc/arm-atollic-eabi/6.3.1/armv7e-m/fpu/crtend.o
 .text          0x00000000        0x0 c:/program files/atollic/truestudio for stm32 9.3.0/armtools/bin/../lib/gcc/arm-atollic-eabi/6.3.1/armv7e-m/fpu/crtn.o
 .data          0x00000000        0x0 c:/program files/atollic/truestudio for stm32 9.3.0/armtools/bin/../lib/gcc/arm-atollic-eabi/6.3.1/armv7e-m/fpu/crtn.o
 .bss           0x00000000        0x0 c:/program files/atollic/truestudio for stm32 9.3.0/armtools/bin/../lib/gcc/arm-atollic-eabi/6.3.1/armv7e-m/fpu/crtn.o

Memory Configuration

Name             Origin             Length             Attributes
FLASH            0x08000000         0x00060000         xr
RAM              0x20000000         0x00010000         xrw
MEMORY_B1        0x60000000         0x00000000         xr
CCMRAM           0x10000000         0x00002000         rw
*default*        0x00000000         0xffffffff

Linker script and memory map

LOAD c:/program files/atollic/truestudio for stm32 9.3.0/armtools/bin/../lib/gcc/arm-atollic-eabi/6.3.1/armv7e-m/fpu/crti.o
LOAD c:/program files/atollic/truestudio for stm32 9.3.0/armtools/bin/../lib/gcc/arm-atollic-eabi/6.3.1/armv7e-m/fpu/crtbegin.o
LOAD src\main.o
LOAD src\startup_stm32f303xe.o
LOAD src\system_stm32f3xx.o
                0x00001000                malloc_getpagesize_P = 0x1000
START GROUP
LOAD c:/program files/atollic/truestudio for stm32 9.3.0/armtools/bin/../lib/gcc/arm-atollic-eabi/6.3.1/../../../../arm-atollic-eabi/lib/armv7e-m/fpu\libstdc++.a
LOAD c:/program files/atollic/truestudio for stm32 9.3.0/armtools/bin/../lib/gcc/arm-atollic-eabi/6.3.1/../../../../arm-atollic-eabi/lib/armv7e-m/fpu\libsupc++.a
END GROUP
LOAD c:/program files/atollic/truestudio for stm32 9.3.0/armtools/bin/../lib/gcc/arm-atollic-eabi/6.3.1/../../../../arm-atollic-eabi/lib/armv7e-m/fpu\libstdc++.a
LOAD c:/program files/atollic/truestudio for stm32 9.3.0/armtools/bin/../lib/gcc/arm-atollic-eabi/6.3.1/../../../../arm-atollic-eabi/lib/armv7e-m/fpu\libm.a
LOAD c:/program files/atollic/truestudio for stm32 9.3.0/armtools/bin/../lib/gcc/arm-atollic-eabi/6.3.1/../../../../arm-atollic-eabi/lib/armv7e-m/fpu\libc.a
START GROUP
LOAD c:/program files/atollic/truestudio for stm32 9.3.0/armtools/bin/../lib/gcc/arm-atollic-eabi/6.3.1/armv7e-m/fpu\libgcc.a
LOAD c:/program files/atollic/truestudio for stm32 9.3.0/armtools/bin/../lib/gcc/arm-atollic-eabi/6.3.1/../../../../arm-atollic-eabi/lib/armv7e-m/fpu\libc.a
END GROUP
START GROUP
LOAD c:/program files/atollic/truestudio for stm32 9.3.0/armtools/bin/../lib/gcc/arm-atollic-eabi/6.3.1/armv7e-m/fpu\libgcc.a
LOAD c:/program files/atollic/truestudio for stm32 9.3.0/armtools/bin/../lib/gcc/arm-atollic-eabi/6.3.1/../../../../arm-atollic-eabi/lib/armv7e-m/fpu\libc.a
LOAD c:/program files/atollic/truestudio for stm32 9.3.0/armtools/bin/../lib/gcc/arm-atollic-eabi/6.3.1/../../../../arm-atollic-eabi/lib/armv7e-m/fpu\libnosys.a
END GROUP
LOAD c:/program files/atollic/truestudio for stm32 9.3.0/armtools/bin/../lib/gcc/arm-atollic-eabi/6.3.1/armv7e-m/fpu/crtend.o
LOAD c:/program files/atollic/truestudio for stm32 9.3.0/armtools/bin/../lib/gcc/arm-atollic-eabi/6.3.1/armv7e-m/fpu/crtn.o
                0x20010000                _estack = 0x20010000
                0x00000000                _Min_Heap_Size = 0x0
                0x00000200                _Min_Stack_Size = 0x200

.isr_vector     0x08000000      0x194
                0x08000000                . = ALIGN (0x4)
 *(.isr_vector)
 .isr_vector    0x08000000      0x194 src\startup_stm32f303xe.o
                0x08000000                g_pfnVectors
                0x08000194                . = ALIGN (0x4)

.text           0x08000194      0x19c
                0x08000194                . = ALIGN (0x4)
 *(.text)
 .text          0x08000194       0x40 c:/program files/atollic/truestudio for stm32 9.3.0/armtools/bin/../lib/gcc/arm-atollic-eabi/6.3.1/armv7e-m/fpu/crtbegin.o
 *(.text*)
 .text.main     0x080001d4       0x12 src\main.o
                0x080001d4                main
 *fill*         0x080001e6        0x2 
 .text.Reset_Handler
                0x080001e8       0x50 src\startup_stm32f303xe.o
                0x080001e8                Reset_Handler
 .text.Default_Handler
                0x08000238        0x2 src\startup_stm32f303xe.o
                0x08000238                RTC_Alarm_IRQHandler
                0x08000238                TIM8_TRG_COM_IRQHandler
                0x08000238                TIM8_CC_IRQHandler
                0x08000238                DebugMon_Handler
                0x08000238                SPI4_IRQHandler
                0x08000238                TIM1_CC_IRQHandler
                0x08000238                HardFault_Handler
                0x08000238                USB_HP_IRQHandler
                0x08000238                SysTick_Handler
                0x08000238                PVD_IRQHandler
                0x08000238                TAMP_STAMP_IRQHandler
                0x08000238                PendSV_Handler
                0x08000238                NMI_Handler
                0x08000238                EXTI3_IRQHandler
                0x08000238                I2C3_ER_IRQHandler
                0x08000238                USB_HP_CAN_TX_IRQHandler
                0x08000238                EXTI0_IRQHandler
                0x08000238                I2C2_EV_IRQHandler
                0x08000238                FPU_IRQHandler
                0x08000238                TIM1_UP_TIM16_IRQHandler
                0x08000238                UsageFault_Handler
                0x08000238                ADC1_2_IRQHandler
                0x08000238                SPI1_IRQHandler
                0x08000238                CAN_SCE_IRQHandler
                0x08000238                TIM6_DAC_IRQHandler
                0x08000238                TIM8_UP_IRQHandler
                0x08000238                DMA2_Channel2_IRQHandler
                0x08000238                DMA1_Channel4_IRQHandler
                0x08000238                TIM20_TRG_COM_IRQHandler
                0x08000238                USART3_IRQHandler
                0x08000238                DMA1_Channel7_IRQHandler
                0x08000238                UART5_IRQHandler
                0x08000238                ADC3_IRQHandler
                0x08000238                TIM4_IRQHandler
                0x08000238                CAN_RX1_IRQHandler
                0x08000238                DMA2_Channel1_IRQHandler
                0x08000238                I2C1_EV_IRQHandler
                0x08000238                DMA1_Channel6_IRQHandler
                0x08000238                UART4_IRQHandler
                0x08000238                DMA2_Channel4_IRQHandler
                0x08000238                TIM3_IRQHandler
                0x08000238                RCC_IRQHandler
                0x08000238                TIM20_UP_IRQHandler
                0x08000238                DMA1_Channel1_IRQHandler
                0x08000238                Default_Handler
                0x08000238                USBWakeUp_RMP_IRQHandler
                0x08000238                EXTI15_10_IRQHandler
                0x08000238                TIM7_IRQHandler
                0x08000238                I2C3_EV_IRQHandler
                0x08000238                EXTI9_5_IRQHandler
                0x08000238                RTC_WKUP_IRQHandler
                0x08000238                SPI2_IRQHandler
                0x08000238                USB_LP_CAN_RX0_IRQHandler
                0x08000238                MemManage_Handler
                0x08000238                SVC_Handler
                0x08000238                DMA2_Channel5_IRQHandler
                0x08000238                DMA1_Channel5_IRQHandler
                0x08000238                USB_LP_IRQHandler
                0x08000238                EXTI4_IRQHandler
                0x08000238                TIM1_TRG_COM_TIM17_IRQHandler
                0x08000238                DMA1_Channel3_IRQHandler
                0x08000238                ADC4_IRQHandler
                0x08000238                WWDG_IRQHandler
                0x08000238                TIM2_IRQHandler
                0x08000238                COMP7_IRQHandler
                0x08000238                COMP1_2_3_IRQHandler
                0x08000238                EXTI1_IRQHandler
                0x08000238                USART2_IRQHandler
                0x08000238                COMP4_5_6_IRQHandler
                0x08000238                TIM20_BRK_IRQHandler
                0x08000238                I2C2_ER_IRQHandler
                0x08000238                DMA1_Channel2_IRQHandler
                0x08000238                TIM8_BRK_IRQHandler
                0x08000238                FLASH_IRQHandler
                0x08000238                TIM20_CC_IRQHandler
                0x08000238                BusFault_Handler
                0x08000238                USART1_IRQHandler
                0x08000238                SPI3_IRQHandler
                0x08000238                I2C1_ER_IRQHandler
                0x08000238                FMC_IRQHandler
                0x08000238                USBWakeUp_IRQHandler
                0x08000238                DMA2_Channel3_IRQHandler
                0x08000238                EXTI2_TSC_IRQHandler
                0x08000238                TIM1_BRK_TIM15_IRQHandler
 *fill*         0x0800023a        0x2 
 .text.SystemInit
                0x0800023c       0x94 src\system_stm32f3xx.o
                0x0800023c                SystemInit
 .text.__libc_init_array
                0x080002d0       0x48 c:/program files/atollic/truestudio for stm32 9.3.0/armtools/bin/../lib/gcc/arm-atollic-eabi/6.3.1/../../../../arm-atollic-eabi/lib/armv7e-m/fpu\libc.a(lib_a-init.o)
                0x080002d0                __libc_init_array
 *(.glue_7)
 .glue_7        0x08000318        0x0 linker stubs
 *(.glue_7t)
 .glue_7t       0x08000318        0x0 linker stubs
 *(.eh_frame)
 .eh_frame      0x08000318        0x0 c:/program files/atollic/truestudio for stm32 9.3.0/armtools/bin/../lib/gcc/arm-atollic-eabi/6.3.1/armv7e-m/fpu/crtbegin.o
 *(.init)
 .init          0x08000318        0x4 c:/program files/atollic/truestudio for stm32 9.3.0/armtools/bin/../lib/gcc/arm-atollic-eabi/6.3.1/armv7e-m/fpu/crti.o
                0x08000318                _init
 .init          0x0800031c        0x8 c:/program files/atollic/truestudio for stm32 9.3.0/armtools/bin/../lib/gcc/arm-atollic-eabi/6.3.1/armv7e-m/fpu/crtn.o
 *(.fini)
 .fini          0x08000324        0x4 c:/program files/atollic/truestudio for stm32 9.3.0/armtools/bin/../lib/gcc/arm-atollic-eabi/6.3.1/armv7e-m/fpu/crti.o
                0x08000324                _fini
 .fini          0x08000328        0x8 c:/program files/atollic/truestudio for stm32 9.3.0/armtools/bin/../lib/gcc/arm-atollic-eabi/6.3.1/armv7e-m/fpu/crtn.o
                0x08000330                . = ALIGN (0x4)
                0x08000330                _etext = .

.vfp11_veneer   0x08000330        0x0
 .vfp11_veneer  0x08000330        0x0 linker stubs

.v4_bx          0x08000330        0x0
 .v4_bx         0x08000330        0x0 linker stubs

.iplt           0x08000330        0x0
 .iplt          0x08000330        0x0 c:/program files/atollic/truestudio for stm32 9.3.0/armtools/bin/../lib/gcc/arm-atollic-eabi/6.3.1/armv7e-m/fpu/crtbegin.o

.rel.dyn        0x08000330        0x0
 .rel.iplt      0x08000330        0x0 c:/program files/atollic/truestudio for stm32 9.3.0/armtools/bin/../lib/gcc/arm-atollic-eabi/6.3.1/armv7e-m/fpu/crtbegin.o

.rodata         0x08000330        0x0
                0x08000330                . = ALIGN (0x4)
 *(.rodata)
 *(.rodata*)
                0x08000330                . = ALIGN (0x4)

.ARM.extab
 *(.ARM.extab* .gnu.linkonce.armextab.*)

.ARM            0x08000330        0x0
                0x08000330                __exidx_start = .
 *(.ARM.exidx*)
                0x08000330                __exidx_end = .

.preinit_array  0x08000330        0x0
                0x08000330                PROVIDE (__preinit_array_start, .)
 *(.preinit_array*)
                0x08000330                PROVIDE (__preinit_array_end, .)

.init_array     0x08000330        0x4
                0x08000330                PROVIDE (__init_array_start, .)
 *(SORT(.init_array.*))
 *(.init_array*)
 .init_array    0x08000330        0x4 c:/program files/atollic/truestudio for stm32 9.3.0/armtools/bin/../lib/gcc/arm-atollic-eabi/6.3.1/armv7e-m/fpu/crtbegin.o
                0x08000334                PROVIDE (__init_array_end, .)

.fini_array     0x08000334        0x4
                [!provide]                PROVIDE (__fini_array_start, .)
 *(SORT(.fini_array.*))
 *(.fini_array*)
 .fini_array    0x08000334        0x4 c:/program files/atollic/truestudio for stm32 9.3.0/armtools/bin/../lib/gcc/arm-atollic-eabi/6.3.1/armv7e-m/fpu/crtbegin.o
                [!provide]                PROVIDE (__fini_array_end, .)
                0x08000338                _sidata = LOADADDR (.data)

.data           0x20000000        0x0 load address 0x08000338
                0x20000000                . = ALIGN (0x4)
                0x20000000                _sdata = .
 *(.data)
 *(.data*)
                0x20000000                . = ALIGN (0x4)
                0x20000000                _edata = .
                0x08000338                _siccmram = LOADADDR (.ccmram)

.igot.plt       0x20000000        0x0 load address 0x08000338
 .igot.plt      0x20000000        0x0 c:/program files/atollic/truestudio for stm32 9.3.0/armtools/bin/../lib/gcc/arm-atollic-eabi/6.3.1/armv7e-m/fpu/crtbegin.o

.ccmram         0x10000000        0x0 load address 0x08000338
                0x10000000                . = ALIGN (0x4)
                0x10000000                _sccmram = .
 *(.ccmram)
 *(.ccmram*)
                0x10000000                . = ALIGN (0x4)
                0x10000000                _eccmram = .
                0x10000000                . = ALIGN (0x4)

.bss            0x20000000       0x1c
                0x20000000                _sbss = .
                0x20000000                __bss_start__ = _sbss
 *(.bss)
 .bss           0x20000000       0x1c c:/program files/atollic/truestudio for stm32 9.3.0/armtools/bin/../lib/gcc/arm-atollic-eabi/6.3.1/armv7e-m/fpu/crtbegin.o
 *(.bss*)
 *(COMMON)
                0x2000001c                . = ALIGN (0x4)
                0x2000001c                _ebss = .
                0x2000001c                __bss_end__ = _ebss

._user_heap_stack
                0x2000001c      0x200
                0x2000001c                . = ALIGN (0x4)
                [!provide]                PROVIDE (end, .)
                [!provide]                PROVIDE (_end, .)
                0x2000001c                . = (. + _Min_Heap_Size)
                0x2000021c                . = (. + _Min_Stack_Size)
 *fill*         0x2000001c      0x200 
                0x2000021c                . = ALIGN (0x4)

.memory_b1_text
 *(.mb1text)
 *(.mb1text*)
 *(.mb1rodata)
 *(.mb1rodata*)

/DISCARD/
 libc.a(*)
 libm.a(*)
 libgcc.a(*)

.ARM.attributes
                0x00000000       0x30
 *(.ARM.attributes)
 .ARM.attributes
                0x00000000       0x22 c:/program files/atollic/truestudio for stm32 9.3.0/armtools/bin/../lib/gcc/arm-atollic-eabi/6.3.1/armv7e-m/fpu/crti.o
 .ARM.attributes
                0x00000022       0x34 c:/program files/atollic/truestudio for stm32 9.3.0/armtools/bin/../lib/gcc/arm-atollic-eabi/6.3.1/armv7e-m/fpu/crtbegin.o
 .ARM.attributes
                0x00000056       0x39 src\main.o
 .ARM.attributes
                0x0000008f       0x21 src\startup_stm32f303xe.o
 .ARM.attributes
                0x000000b0       0x39 src\system_stm32f3xx.o
 .ARM.attributes
                0x000000e9       0x34 c:/program files/atollic/truestudio for stm32 9.3.0/armtools/bin/../lib/gcc/arm-atollic-eabi/6.3.1/../../../../arm-atollic-eabi/lib/armv7e-m/fpu\libc.a(lib_a-init.o)
 .ARM.attributes
                0x0000011d       0x22 c:/program files/atollic/truestudio for stm32 9.3.0/armtools/bin/../lib/gcc/arm-atollic-eabi/6.3.1/armv7e-m/fpu/crtn.o
OUTPUT(fw2.elf elf32-littlearm)

.debug_info     0x00000000      0x523
 .debug_info    0x00000000       0xde src\main.o
 .debug_info    0x000000de       0x71 src\startup_stm32f303xe.o
 .debug_info    0x0000014f      0x3d4 src\system_stm32f3xx.o

.debug_abbrev   0x00000000      0x1b8
 .debug_abbrev  0x00000000       0x87 src\main.o
 .debug_abbrev  0x00000087       0x12 src\startup_stm32f303xe.o
 .debug_abbrev  0x00000099      0x11f src\system_stm32f3xx.o

.debug_aranges  0x00000000       0x70
 .debug_aranges
                0x00000000       0x20 src\main.o
 .debug_aranges
                0x00000020       0x28 src\startup_stm32f303xe.o
 .debug_aranges
                0x00000048       0x28 src\system_stm32f3xx.o

.debug_ranges   0x00000000       0x48
 .debug_ranges  0x00000000       0x10 src\main.o
 .debug_ranges  0x00000010       0x20 src\startup_stm32f303xe.o
 .debug_ranges  0x00000030       0x18 src\system_stm32f3xx.o

.debug_line     0x00000000      0x3d7
 .debug_line    0x00000000      0x188 src\main.o
 .debug_line    0x00000188       0x7b src\startup_stm32f303xe.o
 .debug_line    0x00000203      0x1d4 src\system_stm32f3xx.o

.debug_str      0x00000000      0x3b8
 .debug_str     0x00000000      0x1cd src\main.o
                                0x212 (size before relaxing)
 .debug_str     0x000001cd      0x1eb src\system_stm32f3xx.o
                                0x2f2 (size before relaxing)

.comment        0x00000000       0x7c
 .comment       0x00000000       0x7c src\main.o
                                 0x7d (size before relaxing)
 .comment       0x0000007c       0x7d src\system_stm32f3xx.o

.debug_frame    0x00000000       0xb0
 .debug_frame   0x00000000       0x2c src\main.o
 .debug_frame   0x0000002c       0x58 src\system_stm32f3xx.o
 .debug_frame   0x00000084       0x2c c:/program files/atollic/truestudio for stm32 9.3.0/armtools/bin/../lib/gcc/arm-atollic-eabi/6.3.1/../../../../arm-atollic-eabi/lib/armv7e-m/fpu\libc.a(lib_a-init.o)

Cross Reference Table

Symbol                                            File
ADC1_2_IRQHandler                                 src\startup_stm32f303xe.o
ADC3_IRQHandler                                   src\startup_stm32f303xe.o
ADC4_IRQHandler                                   src\startup_stm32f303xe.o
AHBPrescTable                                     src\system_stm32f3xx.o
BusFault_Handler                                  src\startup_stm32f303xe.o
CAN_RX1_IRQHandler                                src\startup_stm32f303xe.o
CAN_SCE_IRQHandler                                src\startup_stm32f303xe.o
COMP1_2_3_IRQHandler                              src\startup_stm32f303xe.o
COMP4_5_6_IRQHandler                              src\startup_stm32f303xe.o
COMP7_IRQHandler                                  src\startup_stm32f303xe.o
DMA1_Channel1_IRQHandler                          src\startup_stm32f303xe.o
DMA1_Channel2_IRQHandler                          src\startup_stm32f303xe.o
DMA1_Channel3_IRQHandler                          src\startup_stm32f303xe.o
DMA1_Channel4_IRQHandler                          src\startup_stm32f303xe.o
DMA1_Channel5_IRQHandler                          src\startup_stm32f303xe.o
DMA1_Channel6_IRQHandler                          src\startup_stm32f303xe.o
DMA1_Channel7_IRQHandler                          src\startup_stm32f303xe.o
DMA2_Channel1_IRQHandler                          src\startup_stm32f303xe.o
DMA2_Channel2_IRQHandler                          src\startup_stm32f303xe.o
DMA2_Channel3_IRQHandler                          src\startup_stm32f303xe.o
DMA2_Channel4_IRQHandler                          src\startup_stm32f303xe.o
DMA2_Channel5_IRQHandler                          src\startup_stm32f303xe.o
DebugMon_Handler                                  src\startup_stm32f303xe.o
Default_Handler                                   src\startup_stm32f303xe.o
EXTI0_IRQHandler                                  src\startup_stm32f303xe.o
EXTI15_10_IRQHandler                              src\startup_stm32f303xe.o
EXTI1_IRQHandler                                  src\startup_stm32f303xe.o
EXTI2_TSC_IRQHandler                              src\startup_stm32f303xe.o
EXTI3_IRQHandler                                  src\startup_stm32f303xe.o
EXTI4_IRQHandler                                  src\startup_stm32f303xe.o
EXTI9_5_IRQHandler                                src\startup_stm32f303xe.o
FLASH_IRQHandler                                  src\startup_stm32f303xe.o
FMC_IRQHandler                                    src\startup_stm32f303xe.o
FPU_IRQHandler                                    src\startup_stm32f303xe.o
HardFault_Handler                                 src\startup_stm32f303xe.o
I2C1_ER_IRQHandler                                src\startup_stm32f303xe.o
I2C1_EV_IRQHandler                                src\startup_stm32f303xe.o
I2C2_ER_IRQHandler                                src\startup_stm32f303xe.o
I2C2_EV_IRQHandler                                src\startup_stm32f303xe.o
I2C3_ER_IRQHandler                                src\startup_stm32f303xe.o
I2C3_EV_IRQHandler                                src\startup_stm32f303xe.o
MemManage_Handler                                 src\startup_stm32f303xe.o
NMI_Handler                                       src\startup_stm32f303xe.o
PVD_IRQHandler                                    src\startup_stm32f303xe.o
PendSV_Handler                                    src\startup_stm32f303xe.o
RCC_IRQHandler                                    src\startup_stm32f303xe.o
RTC_Alarm_IRQHandler                              src\startup_stm32f303xe.o
RTC_WKUP_IRQHandler                               src\startup_stm32f303xe.o
Reset_Handler                                     src\startup_stm32f303xe.o
SPI1_IRQHandler                                   src\startup_stm32f303xe.o
SPI2_IRQHandler                                   src\startup_stm32f303xe.o
SPI3_IRQHandler                                   src\startup_stm32f303xe.o
SPI4_IRQHandler                                   src\startup_stm32f303xe.o
SVC_Handler                                       src\startup_stm32f303xe.o
SysTick_Handler                                   src\startup_stm32f303xe.o
SystemCoreClock                                   src\system_stm32f3xx.o
SystemCoreClockUpdate                             src\system_stm32f3xx.o
SystemInit                                        src\system_stm32f3xx.o
                                                  src\startup_stm32f303xe.o
TAMP_STAMP_IRQHandler                             src\startup_stm32f303xe.o
TIM1_BRK_TIM15_IRQHandler                         src\startup_stm32f303xe.o
TIM1_CC_IRQHandler                                src\startup_stm32f303xe.o
TIM1_TRG_COM_TIM17_IRQHandler                     src\startup_stm32f303xe.o
TIM1_UP_TIM16_IRQHandler                          src\startup_stm32f303xe.o
TIM20_BRK_IRQHandler                              src\startup_stm32f303xe.o
TIM20_CC_IRQHandler                               src\startup_stm32f303xe.o
TIM20_TRG_COM_IRQHandler                          src\startup_stm32f303xe.o
TIM20_UP_IRQHandler                               src\startup_stm32f303xe.o
TIM2_IRQHandler                                   src\startup_stm32f303xe.o
TIM3_IRQHandler                                   src\startup_stm32f303xe.o
TIM4_IRQHandler                                   src\startup_stm32f303xe.o
TIM6_DAC_IRQHandler                               src\startup_stm32f303xe.o
TIM7_IRQHandler                                   src\startup_stm32f303xe.o
TIM8_BRK_IRQHandler                               src\startup_stm32f303xe.o
TIM8_CC_IRQHandler                                src\startup_stm32f303xe.o
TIM8_TRG_COM_IRQHandler                           src\startup_stm32f303xe.o
TIM8_UP_IRQHandler                                src\startup_stm32f303xe.o
UART4_IRQHandler                                  src\startup_stm32f303xe.o
UART5_IRQHandler                                  src\startup_stm32f303xe.o
USART1_IRQHandler                                 src\startup_stm32f303xe.o
USART2_IRQHandler                                 src\startup_stm32f303xe.o
USART3_IRQHandler                                 src\startup_stm32f303xe.o
USBWakeUp_IRQHandler                              src\startup_stm32f303xe.o
USBWakeUp_RMP_IRQHandler                          src\startup_stm32f303xe.o
USB_HP_CAN_TX_IRQHandler                          src\startup_stm32f303xe.o
USB_HP_IRQHandler                                 src\startup_stm32f303xe.o
USB_LP_CAN_RX0_IRQHandler                         src\startup_stm32f303xe.o
USB_LP_IRQHandler                                 src\startup_stm32f303xe.o
UsageFault_Handler                                src\startup_stm32f303xe.o
WWDG_IRQHandler                                   src\startup_stm32f303xe.o
__deregister_frame_info                           c:/program files/atollic/truestudio for stm32 9.3.0/armtools/bin/../lib/gcc/arm-atollic-eabi/6.3.1/armv7e-m/fpu/crtbegin.o
__dso_handle                                      c:/program files/atollic/truestudio for stm32 9.3.0/armtools/bin/../lib/gcc/arm-atollic-eabi/6.3.1/armv7e-m/fpu/crtbegin.o
__init_array_end                                  c:/program files/atollic/truestudio for stm32 9.3.0/armtools/bin/../lib/gcc/arm-atollic-eabi/6.3.1/../../../../arm-atollic-eabi/lib/armv7e-m/fpu\libc.a(lib_a-init.o)
__init_array_start                                c:/program files/atollic/truestudio for stm32 9.3.0/armtools/bin/../lib/gcc/arm-atollic-eabi/6.3.1/../../../../arm-atollic-eabi/lib/armv7e-m/fpu\libc.a(lib_a-init.o)
__libc_init_array                                 c:/program files/atollic/truestudio for stm32 9.3.0/armtools/bin/../lib/gcc/arm-atollic-eabi/6.3.1/../../../../arm-atollic-eabi/lib/armv7e-m/fpu\libc.a(lib_a-init.o)
                                                  src\startup_stm32f303xe.o
__preinit_array_end                               c:/program files/atollic/truestudio for stm32 9.3.0/armtools/bin/../lib/gcc/arm-atollic-eabi/6.3.1/../../../../arm-atollic-eabi/lib/armv7e-m/fpu\libc.a(lib_a-init.o)
__preinit_array_start                             c:/program files/atollic/truestudio for stm32 9.3.0/armtools/bin/../lib/gcc/arm-atollic-eabi/6.3.1/../../../../arm-atollic-eabi/lib/armv7e-m/fpu\libc.a(lib_a-init.o)
__register_frame_info                             c:/program files/atollic/truestudio for stm32 9.3.0/armtools/bin/../lib/gcc/arm-atollic-eabi/6.3.1/armv7e-m/fpu/crtbegin.o
_ebss                                             src\startup_stm32f303xe.o
_edata                                            src\startup_stm32f303xe.o
_estack                                           src\startup_stm32f303xe.o
_fini                                             c:/program files/atollic/truestudio for stm32 9.3.0/armtools/bin/../lib/gcc/arm-atollic-eabi/6.3.1/armv7e-m/fpu/crti.o
_init                                             c:/program files/atollic/truestudio for stm32 9.3.0/armtools/bin/../lib/gcc/arm-atollic-eabi/6.3.1/armv7e-m/fpu/crti.o
                                                  c:/program files/atollic/truestudio for stm32 9.3.0/armtools/bin/../lib/gcc/arm-atollic-eabi/6.3.1/../../../../arm-atollic-eabi/lib/armv7e-m/fpu\libc.a(lib_a-init.o)
_sbss                                             src\startup_stm32f303xe.o
_sdata                                            src\startup_stm32f303xe.o
_sidata                                           src\startup_stm32f303xe.o
g_pfnVectors                                      src\startup_stm32f303xe.o
main                                              src\main.o
                                                  src\startup_stm32f303xe.o
