08:27:57 **** Rebuild of configuration Debug for project trzeci ****
Info: Internal Builder is used for build
arm-atollic-eabi-gcc -c ..\src\main.c -mthumb -mcpu=cortex-m4 -mfloat-abi=hard -mfpu=fpv4-sp-d16 -std=gnu11 -DSTM32F303xE -I../Drivers/CMSIS/Include -I../Drivers/CMSIS/Device/ST/STM32F3xx/Include -I../Drivers/STM32F3xx_HAL_Driver/Inc -I../src -O0 -ffunction-sections -fdata-sections -g -fstack-usage -Wall -specs=nano.specs -o src\main.o 
arm-atollic-eabi-gcc -c ..\src\system_stm32f3xx.c -mthumb -mcpu=cortex-m4 -mfloat-abi=hard -mfpu=fpv4-sp-d16 -std=gnu11 -DSTM32F303xE -I../Drivers/CMSIS/Include -I../Drivers/CMSIS/Device/ST/STM32F3xx/Include -I../Drivers/STM32F3xx_HAL_Driver/Inc -I../src -O0 -ffunction-sections -fdata-sections -g -fstack-usage -Wall -specs=nano.specs -o src\system_stm32f3xx.o 
arm-atollic-eabi-gcc -c ..\src\tiny_printf.c -mthumb -mcpu=cortex-m4 -mfloat-abi=hard -mfpu=fpv4-sp-d16 -std=gnu11 -DSTM32F303xE -I../Drivers/CMSIS/Include -I../Drivers/CMSIS/Device/ST/STM32F3xx/Include -I../Drivers/STM32F3xx_HAL_Driver/Inc -I../src -O0 -ffunction-sections -fdata-sections -g -fstack-usage -Wall -specs=nano.specs -o src\tiny_printf.o 
arm-atollic-eabi-gcc -c -mthumb -mcpu=cortex-m4 -mfloat-abi=hard -mfpu=fpv4-sp-d16 -DSTM32F303xE -I../Drivers/CMSIS/Include -I../Drivers/CMSIS/Device/ST/STM32F3xx/Include -I../Drivers/STM32F3xx_HAL_Driver/Inc -I../src -g -Wa,--warn -x assembler-with-cpp -specs=nano.specs -o src\startup_stm32f303xe.o ..\src\startup_stm32f303xe.s 
arm-atollic-eabi-gcc -o trzeci.elf src\main.o src\startup_stm32f303xe.o src\system_stm32f3xx.o src\tiny_printf.o -mthumb -mcpu=cortex-m4 -mfloat-abi=hard -mfpu=fpv4-sp-d16 -T../stm32f30_flash.ld -specs=nosys.specs -static -Wl,-cref,-u,Reset_Handler -Wl,-Map=trzeci.map -Wl,--gc-sections -Wl,--defsym=malloc_getpagesize_P=0x80 -Wl,--start-group -lc -lm -Wl,--end-group -specs=nano.specs 
C:\Program Files\Atollic\TrueSTUDIO for STM32 9.3.0\ide\jre\bin\java -jar C:\Program Files\Atollic\TrueSTUDIO for STM32 9.3.0\Tools\arm-atollic-reports.jar sizeinfo list trzeci.elf 
Generate build reports...
Print size information
   text	   data	    bss	    dec	    hex	filename
    816	      8	    540	   1364	    554	trzeci.elf
Print size information done
Generate listing file
Output sent to: trzeci.list
Generate listing file done
Generate build reports done

08:28:05 Build Finished (took 8s.105ms)

